Archive member included to satisfy reference by file (symbol)

C:/ST/STM32CubeIDE_1.18.1/STM32CubeIDE/plugins/com.st.stm32cube.ide.mcu.externaltools.gnu-tools-for-stm32.13.3.rel1.win32_1.0.0.202411081344/tools/bin/../lib/gcc/arm-none-eabi/13.3.1/../../../../arm-none-eabi/lib/thumb/v8-m.main+fp/hard\libc_nano.a(libc_a-exit.o)
                              C:/ST/STM32CubeIDE_1.18.1/STM32CubeIDE/plugins/com.st.stm32cube.ide.mcu.externaltools.gnu-tools-for-stm32.13.3.rel1.win32_1.0.0.202411081344/tools/bin/../lib/gcc/arm-none-eabi/13.3.1/../../../../arm-none-eabi/lib/thumb/v8-m.main+fp/hard/crt0.o (exit)
C:/ST/STM32CubeIDE_1.18.1/STM32CubeIDE/plugins/com.st.stm32cube.ide.mcu.externaltools.gnu-tools-for-stm32.13.3.rel1.win32_1.0.0.202411081344/tools/bin/../lib/gcc/arm-none-eabi/13.3.1/../../../../arm-none-eabi/lib/thumb/v8-m.main+fp/hard\libc_nano.a(libc_a-findfp.o)
                              C:/ST/STM32CubeIDE_1.18.1/STM32CubeIDE/plugins/com.st.stm32cube.ide.mcu.externaltools.gnu-tools-for-stm32.13.3.rel1.win32_1.0.0.202411081344/tools/bin/../lib/gcc/arm-none-eabi/13.3.1/../../../../arm-none-eabi/lib/thumb/v8-m.main+fp/hard\libc_nano.a(libc_a-exit.o) (__stdio_exit_handler)
C:/ST/STM32CubeIDE_1.18.1/STM32CubeIDE/plugins/com.st.stm32cube.ide.mcu.externaltools.gnu-tools-for-stm32.13.3.rel1.win32_1.0.0.202411081344/tools/bin/../lib/gcc/arm-none-eabi/13.3.1/../../../../arm-none-eabi/lib/thumb/v8-m.main+fp/hard\libc_nano.a(libc_a-fwalk.o)
                              C:/ST/STM32CubeIDE_1.18.1/STM32CubeIDE/plugins/com.st.stm32cube.ide.mcu.externaltools.gnu-tools-for-stm32.13.3.rel1.win32_1.0.0.202411081344/tools/bin/../lib/gcc/arm-none-eabi/13.3.1/../../../../arm-none-eabi/lib/thumb/v8-m.main+fp/hard\libc_nano.a(libc_a-findfp.o) (_fwalk_sglue)
C:/ST/STM32CubeIDE_1.18.1/STM32CubeIDE/plugins/com.st.stm32cube.ide.mcu.externaltools.gnu-tools-for-stm32.13.3.rel1.win32_1.0.0.202411081344/tools/bin/../lib/gcc/arm-none-eabi/13.3.1/../../../../arm-none-eabi/lib/thumb/v8-m.main+fp/hard\libc_nano.a(libc_a-stdio.o)
                              C:/ST/STM32CubeIDE_1.18.1/STM32CubeIDE/plugins/com.st.stm32cube.ide.mcu.externaltools.gnu-tools-for-stm32.13.3.rel1.win32_1.0.0.202411081344/tools/bin/../lib/gcc/arm-none-eabi/13.3.1/../../../../arm-none-eabi/lib/thumb/v8-m.main+fp/hard\libc_nano.a(libc_a-findfp.o) (__sread)
C:/ST/STM32CubeIDE_1.18.1/STM32CubeIDE/plugins/com.st.stm32cube.ide.mcu.externaltools.gnu-tools-for-stm32.13.3.rel1.win32_1.0.0.202411081344/tools/bin/../lib/gcc/arm-none-eabi/13.3.1/../../../../arm-none-eabi/lib/thumb/v8-m.main+fp/hard\libc_nano.a(libc_a-memset.o)
                              C:/ST/STM32CubeIDE_1.18.1/STM32CubeIDE/plugins/com.st.stm32cube.ide.mcu.externaltools.gnu-tools-for-stm32.13.3.rel1.win32_1.0.0.202411081344/tools/bin/../lib/gcc/arm-none-eabi/13.3.1/../../../../arm-none-eabi/lib/thumb/v8-m.main+fp/hard/crt0.o (memset)
C:/ST/STM32CubeIDE_1.18.1/STM32CubeIDE/plugins/com.st.stm32cube.ide.mcu.externaltools.gnu-tools-for-stm32.13.3.rel1.win32_1.0.0.202411081344/tools/bin/../lib/gcc/arm-none-eabi/13.3.1/../../../../arm-none-eabi/lib/thumb/v8-m.main+fp/hard\libc_nano.a(libc_a-closer.o)
                              C:/ST/STM32CubeIDE_1.18.1/STM32CubeIDE/plugins/com.st.stm32cube.ide.mcu.externaltools.gnu-tools-for-stm32.13.3.rel1.win32_1.0.0.202411081344/tools/bin/../lib/gcc/arm-none-eabi/13.3.1/../../../../arm-none-eabi/lib/thumb/v8-m.main+fp/hard\libc_nano.a(libc_a-stdio.o) (_close_r)
C:/ST/STM32CubeIDE_1.18.1/STM32CubeIDE/plugins/com.st.stm32cube.ide.mcu.externaltools.gnu-tools-for-stm32.13.3.rel1.win32_1.0.0.202411081344/tools/bin/../lib/gcc/arm-none-eabi/13.3.1/../../../../arm-none-eabi/lib/thumb/v8-m.main+fp/hard\libc_nano.a(libc_a-reent.o)
                              C:/ST/STM32CubeIDE_1.18.1/STM32CubeIDE/plugins/com.st.stm32cube.ide.mcu.externaltools.gnu-tools-for-stm32.13.3.rel1.win32_1.0.0.202411081344/tools/bin/../lib/gcc/arm-none-eabi/13.3.1/../../../../arm-none-eabi/lib/thumb/v8-m.main+fp/hard\libc_nano.a(libc_a-closer.o) (errno)
C:/ST/STM32CubeIDE_1.18.1/STM32CubeIDE/plugins/com.st.stm32cube.ide.mcu.externaltools.gnu-tools-for-stm32.13.3.rel1.win32_1.0.0.202411081344/tools/bin/../lib/gcc/arm-none-eabi/13.3.1/../../../../arm-none-eabi/lib/thumb/v8-m.main+fp/hard\libc_nano.a(libc_a-impure.o)
                              C:/ST/STM32CubeIDE_1.18.1/STM32CubeIDE/plugins/com.st.stm32cube.ide.mcu.externaltools.gnu-tools-for-stm32.13.3.rel1.win32_1.0.0.202411081344/tools/bin/../lib/gcc/arm-none-eabi/13.3.1/../../../../arm-none-eabi/lib/thumb/v8-m.main+fp/hard\libc_nano.a(libc_a-reent.o) (_impure_ptr)
C:/ST/STM32CubeIDE_1.18.1/STM32CubeIDE/plugins/com.st.stm32cube.ide.mcu.externaltools.gnu-tools-for-stm32.13.3.rel1.win32_1.0.0.202411081344/tools/bin/../lib/gcc/arm-none-eabi/13.3.1/../../../../arm-none-eabi/lib/thumb/v8-m.main+fp/hard\libc_nano.a(libc_a-lseekr.o)
[...]
Memory Configuration

Name             Origin             Length             Attributes
RAM              0x20000000         0x000c0000         xrw
SRAM4            0x28000000         0x00004000         xrw
FLASH            0x08000000         0x00200000         xr
*default*        0x00000000         0xffffffff

Linker script and memory map

LOAD C:/ST/STM32CubeIDE_1.18.1/STM32CubeIDE/plugins/com.st.stm32cube.ide.mcu.externaltools.gnu-tools-for-stm32.13.3.rel1.win32_1.0.0.202411081344/tools/bin/../lib/gcc/arm-none-eabi/13.3.1/thumb/v8-m.main+fp/hard/crti.o
LOAD C:/ST/STM32CubeIDE_1.18.1/STM32CubeIDE/plugins/com.st.stm32cube.ide.mcu.externaltools.gnu-tools-for-stm32.13.3.rel1.win32_1.0.0.202411081344/tools/bin/../lib/gcc/arm-none-eabi/13.3.1/thumb/v8-m.main+fp/hard/crtbegin.o
LOAD C:/ST/STM32CubeIDE_1.18.1/STM32CubeIDE/plugins/com.st.stm32cube.ide.mcu.externaltools.gnu-tools-for-stm32.13.3.rel1.win32_1.0.0.202411081344/tools/bin/../lib/gcc/arm-none-eabi/13.3.1/../../../../arm-none-eabi/lib/thumb/v8-m.main+fp/hard/crt0.o
LOAD ./Core/Src/ADF4351.o
LOAD ./Core/Src/adc.o
LOAD ./Core/Src/comDef.o
LOAD ./Core/Src/cycleSync.o
LOAD ./Core/Src/gpdma.o
LOAD ./Core/Src/gpio.o
LOAD ./Core/Src/icache.o
LOAD ./Core/Src/main.o
LOAD ./Core/Src/mainCycle.o
LOAD ./Core/Src/memorymap.o
LOAD ./Core/Src/refCtrl.o
LOAD ./Core/Src/spi.o
LOAD ./Core/Src/stm32u5xx_hal_msp.o
LOAD ./Core/Src/stm32u5xx_it.o
LOAD ./Core/Src/syscalls.o
LOAD ./Core/Src/sysmem.o
LOAD ./Core/Src/system_stm32u5xx.o
LOAD ./Core/Src/tim.o
LOAD ./Core/Startup/startup_stm32u575vitx.o
LOAD ./Drivers/STM32U5xx_HAL_Driver/Src/stm32u5xx_hal.o
LOAD ./Drivers/STM32U5xx_HAL_Driver/Src/stm32u5xx_hal_adc.o
LOAD ./Drivers/STM32U5xx_HAL_Driver/Src/stm32u5xx_hal_adc_ex.o
LOAD ./Drivers/STM32U5xx_HAL_Driver/Src/stm32u5xx_hal_cortex.o
LOAD ./Drivers/STM32U5xx_HAL_Driver/Src/stm32u5xx_hal_dma.o
LOAD ./Drivers/STM32U5xx_HAL_Driver/Src/stm32u5xx_hal_dma_ex.o
LOAD ./Drivers/STM32U5xx_HAL_Driver/Src/stm32u5xx_hal_exti.o
LOAD ./Drivers/STM32U5xx_HAL_Driver/Src/stm32u5xx_hal_flash.o
LOAD ./Drivers/STM32U5xx_HAL_Driver/Src/stm32u5xx_hal_flash_ex.o
LOAD ./Drivers/STM32U5xx_HAL_Driver/Src/stm32u5xx_hal_gpio.o
LOAD ./Drivers/STM32U5xx_HAL_Driver/Src/stm32u5xx_hal_gtzc.o
LOAD ./Drivers/STM32U5xx_HAL_Driver/Src/stm32u5xx_hal_i2c.o
LOAD ./Drivers/STM32U5xx_HAL_Driver/Src/stm32u5xx_hal_i2c_ex.o
LOAD ./Drivers/STM32U5xx_HAL_Driver/Src/stm32u5xx_hal_icache.o
LOAD ./Drivers/STM32U5xx_HAL_Driver/Src/stm32u5xx_hal_pwr.o
LOAD ./Drivers/STM32U5xx_HAL_Driver/Src/stm32u5xx_hal_pwr_ex.o
LOAD ./Drivers/STM32U5xx_HAL_Driver/Src/stm32u5xx_hal_rcc.o
LOAD ./Drivers/STM32U5xx_HAL_Driver/Src/stm32u5xx_hal_rcc_ex.o
LOAD ./Drivers/STM32U5xx_HAL_Driver/Src/stm32u5xx_hal_spi.o
LOAD ./Drivers/STM32U5xx_HAL_Driver/Src/stm32u5xx_hal_spi_ex.o
LOAD ./Drivers/STM32U5xx_HAL_Driver/Src/stm32u5xx_hal_tim.o
LOAD ./Drivers/STM32U5xx_HAL_Driver/Src/stm32u5xx_hal_tim_ex.o
START GROUP
LOAD C:/ST/STM32CubeIDE_1.18.1/STM32CubeIDE/plugins/com.st.stm32cube.ide.mcu.externaltools.gnu-tools-for-stm32.13.3.rel1.win32_1.0.0.202411081344/tools/bin/../lib/gcc/arm-none-eabi/13.3.1/../../../../arm-none-eabi/lib/thumb/v8-m.main+fp/hard\libc_nano.a
LOAD C:/ST/STM32CubeIDE_1.18.1/STM32CubeIDE/plugins/com.st.stm32cube.ide.mcu.externaltools.gnu-tools-for-stm32.13.3.rel1.win32_1.0.0.202411081344/tools/bin/../lib/gcc/arm-none-eabi/13.3.1/../../../../arm-none-eabi/lib/thumb/v8-m.main+fp/hard\libm.a
END GROUP
START GROUP
LOAD C:/ST/STM32CubeIDE_1.18.1/STM32CubeIDE/plugins/com.st.stm32cube.ide.mcu.externaltools.gnu-tools-for-stm32.13.3.rel1.win32_1.0.0.202411081344/tools/bin/../lib/gcc/arm-none-eabi/13.3.1/thumb/v8-m.main+fp/hard\libgcc.a
LOAD C:/ST/STM32CubeIDE_1.18.1/STM32CubeIDE/plugins/com.st.stm32cube.ide.mcu.externaltools.gnu-tools-for-stm32.13.3.rel1.win32_1.0.0.202411081344/tools/bin/../lib/gcc/arm-none-eabi/13.3.1/../../../../arm-none-eabi/lib/thumb/v8-m.main+fp/hard\libc_nano.a
END GROUP
START GROUP
LOAD C:/ST/STM32CubeIDE_1.18.1/STM32CubeIDE/plugins/com.st.stm32cube.ide.mcu.externaltools.gnu-tools-for-stm32.13.3.rel1.win32_1.0.0.202411081344/tools/bin/../lib/gcc/arm-none-eabi/13.3.1/thumb/v8-m.main+fp/hard\libgcc.a
LOAD C:/ST/STM32CubeIDE_1.18.1/STM32CubeIDE/plugins/com.st.stm32cube.ide.mcu.externaltools.gnu-tools-for-stm32.13.3.rel1.win32_1.0.0.202411081344/tools/bin/../lib/gcc/arm-none-eabi/13.3.1/../../../../arm-none-eabi/lib/thumb/v8-m.main+fp/hard\libc_nano.a
LOAD C:/ST/STM32CubeIDE_1.18.1/STM32CubeIDE/plugins/com.st.stm32cube.ide.mcu.externaltools.gnu-tools-for-stm32.13.3.rel1.win32_1.0.0.202411081344/tools/bin/../lib/gcc/arm-none-eabi/13.3.1/../../../../arm-none-eabi/lib/thumb/v8-m.main+fp/hard\libnosys.a
END GROUP
START GROUP
LOAD C:/ST/STM32CubeIDE_1.18.1/STM32CubeIDE/plugins/com.st.stm32cube.ide.mcu.externaltools.gnu-tools-for-stm32.13.3.rel1.win32_1.0.0.202411081344/tools/bin/../lib/gcc/arm-none-eabi/13.3.1/thumb/v8-m.main+fp/hard\libgcc.a
LOAD C:/ST/STM32CubeIDE_1.18.1/STM32CubeIDE/plugins/com.st.stm32cube.ide.mcu.externaltools.gnu-tools-for-stm32.13.3.rel1.win32_1.0.0.202411081344/tools/bin/../lib/gcc/arm-none-eabi/13.3.1/../../../../arm-none-eabi/lib/thumb/v8-m.main+fp/hard\libc_nano.a
LOAD C:/ST/STM32CubeIDE_1.18.1/STM32CubeIDE/plugins/com.st.stm32cube.ide.mcu.externaltools.gnu-tools-for-stm32.13.3.rel1.win32_1.0.0.202411081344/tools/bin/../lib/gcc/arm-none-eabi/13.3.1/../../../../arm-none-eabi/lib/thumb/v8-m.main+fp/hard\libnosys.a
END GROUP
LOAD C:/ST/STM32CubeIDE_1.18.1/STM32CubeIDE/plugins/com.st.stm32cube.ide.mcu.externaltools.gnu-tools-for-stm32.13.3.rel1.win32_1.0.0.202411081344/tools/bin/../lib/gcc/arm-none-eabi/13.3.1/thumb/v8-m.main+fp/hard/crtend.o
LOAD C:/ST/STM32CubeIDE_1.18.1/STM32CubeIDE/plugins/com.st.stm32cube.ide.mcu.externaltools.gnu-tools-for-stm32.13.3.rel1.win32_1.0.0.202411081344/tools/bin/../lib/gcc/arm-none-eabi/13.3.1/thumb/v8-m.main+fp/hard/crtn.o
                0x200c0000                        _estack = (ORIGIN (RAM) + LENGTH (RAM))
                0x00000200                        _Min_Heap_Size = 0x200
                0x00000400                        _Min_Stack_Size = 0x400

.isr_vector     0x08000000      0x238
 *(.isr_vector)
 .isr_vector    0x08000000      0x238 ./Core/Startup/startup_stm32u575vitx.o
                0x08000000                g_pfnVectors

.text           0x08000238     0x8d8c
 *(.text)
 .text          0x08000238       0x40 C:/ST/STM32CubeIDE_1.18.1/STM32CubeIDE/plugins/com.st.stm32cube.ide.mcu.externaltools.gnu-tools-for-stm32.13.3.rel1.win32_1.0.0.202411081344/tools/bin/../lib/gcc/arm-none-eabi/13.3.1/thumb/v8-m.main+fp/hard/crtbegin.o
 *(.text*)
 .text.ADF4351_setDATA
                0x08000278       0x24 ./Core/Src/ADF4351.o
                0x08000278                ADF4351_setDATA
 .text.ADF4351_setCLK
                0x0800029c       0x24 ./Core/Src/ADF4351.o
                0x0800029c                ADF4351_setCLK
 .text.ADF4351_setLE
                0x080002c0       0x24 ./Core/Src/ADF4351.o
                0x080002c0                ADF4351_setLE
 .text.ADF4351_addSubReg
                0x080002e4       0x30 ./Core/Src/ADF4351.o
                0x080002e4                ADF4351_addSubReg
 .text.ADF4351_initPorts
                0x08000314       0xb0 ./Core/Src/ADF4351.o
                0x08000314                ADF4351_initPorts
 .text.ADF4351_init
                0x080003c4       0x1c ./Core/Src/ADF4351.o
                0x080003c4                ADF4351_init
 .text.ADF4351_sendData
                0x080003e0       0x66 ./Core/Src/ADF4351.o
                0x080003e0                ADF4351_sendData
 .text.ADF4351_calcBandSelClkDivMax
                0x08000446       0x68 ./Core/Src/ADF4351.o
                0x08000446                ADF4351_calcBandSelClkDivMax
 .text.ADF4351_setRegister0
                0x080004ae       0x48 ./Core/Src/ADF4351.o
                0x080004ae                ADF4351_setRegister0
 .text.ADF4351_setRegister1
                0x080004f6       0x8a ./Core/Src/ADF4351.o
                0x080004f6                ADF4351_setRegister1
 .text.ADF4351_setRegister2
                0x08000580      0x180 ./Core/Src/ADF4351.o
                0x08000580                ADF4351_setRegister2
 .text.ADF4351_setRegister3
                0x08000700       0xc2 ./Core/Src/ADF4351.o
                0x08000700                ADF4351_setRegister3
 .text.ADF4351_setRegister4
                0x080007c2      0x126 ./Core/Src/ADF4351.o
                0x080007c2                ADF4351_setRegister4
 .text.ADF4351_setRegister5
                0x080008e8       0x46 ./Core/Src/ADF4351.o
                0x080008e8                ADF4351_setRegister5
 *fill*         0x0800092e        0x2 
 .text.ADF4351_enable
                0x08000930       0x18 ./Core/Src/ADF4351.o
                0x08000930                ADF4351_enable
 .text.ADF4351_settings
                0x08000948      0x164 ./Core/Src/ADF4351.o
                0x08000948                ADF4351_settings
 .text.ADF4351_RF_div_val
                0x08000aac       0x20 ./Core/Src/ADF4351.o
                0x08000aac                ADF4351_RF_div_val
 .text.ADF4351_VCO_freq
                0x08000acc       0x8a ./Core/Src/ADF4351.o
                0x08000acc                ADF4351_VCO_freq
 *fill*         0x08000b56        0x2 
 .text.MX_ADC1_Init
                0x08000b58       0xe0 ./Core/Src/adc.o
                0x08000b58                MX_ADC1_Init
 .text.HAL_ADC_MspInit
                0x08000c38      0x168 ./Core/Src/adc.o
                0x08000c38                HAL_ADC_MspInit
 .text.sync_enableGate
                0x08000da0       0x18 ./Core/Src/cycleSync.o
                0x08000da0                sync_enableGate
 .text.sync_settings
                0x08000db8       0x78 ./Core/Src/cycleSync.o
                0x08000db8                sync_settings
 .text.MX_GPDMA1_Init
                0x08000e30       0x40 ./Core/Src/gpdma.o
                0x08000e30                MX_GPDMA1_Init
 .text.MX_GPIO_Init
                0x08000e70      0x1bc ./Core/Src/gpio.o
                0x08000e70                MX_GPIO_Init
 .text.MX_ICACHE_Init
                0x0800102c       0x26 ./Core/Src/icache.o
                0x0800102c                MX_ICACHE_Init
 .text.main     0x08001052       0x2e ./Core/Src/main.o
                0x08001052                main
 .text.SystemClock_Config
                0x08001080       0xb2 ./Core/Src/main.o
                0x08001080                SystemClock_Config
 .text.Error_Handler
                0x08001132        0xc ./Core/Src/main.o
                0x08001132                Error_Handler
 *fill*         0x0800113e        0x2 
 .text.HAL_TIM_PeriodElapsedCallback
                0x08001140       0x4c ./Core/Src/mainCycle.o
                0x08001140                HAL_TIM_PeriodElapsedCallback
 .text.main_init
                0x0800118c       0x28 ./Core/Src/mainCycle.o
                0x0800118c                main_init
 .text.main_cycle
                0x080011b4       0x20 ./Core/Src/mainCycle.o
                0x080011b4                main_cycle
 .text.HAL_ADC_startDMAChannel
                0x080011d4      0x110 ./Core/Src/refCtrl.o
                0x080011d4                HAL_ADC_startDMAChannel
 .text.ADC_startDMA
                0x080012e4      0x104 ./Core/Src/refCtrl.o
                0x080012e4                ADC_startDMA
 .text.ADC_measCpltCallback
                0x080013e8        0xe ./Core/Src/refCtrl.o
                0x080013e8                ADC_measCpltCallback
 .text.HAL_ADC_ConvCpltCallback
                0x080013f6       0x14 ./Core/Src/refCtrl.o
                0x080013f6                HAL_ADC_ConvCpltCallback
 *fill*         0x0800140a        0x2 
 .text.HAL_DMA_TrsvCpltCallback
                0x0800140c       0x58 ./Core/Src/refCtrl.o
                0x0800140c                HAL_DMA_TrsvCpltCallback
 .text.meas_start_DMA
                0x08001464       0x3c ./Core/Src/refCtrl.o
                0x08001464                meas_start_DMA
 .text.meas_start_ADC_DMA
                0x080014a0       0x58 ./Core/Src/refCtrl.o
                0x080014a0                meas_start_ADC_DMA
 .text.ref_sync_settings
                0x080014f8       0x24 ./Core/Src/refCtrl.o
                0x080014f8                ref_sync_settings
 .text.ref_synt_settings
                0x0800151c       0x8c ./Core/Src/refCtrl.o
                0x0800151c                ref_synt_settings
 .text.ref_init
                0x080015a8       0x40 ./Core/Src/refCtrl.o
                0x080015a8                ref_init
 .text.ref_cycle
                0x080015e8       0xc4 ./Core/Src/refCtrl.o
                0x080015e8                ref_cycle
 .text.ref_measure
                0x080016ac       0x6c ./Core/Src/refCtrl.o
                0x080016ac                ref_measure
 .text.ref_dataClear
                0x08001718       0x24 ./Core/Src/refCtrl.o
                0x08001718                ref_dataClear
 .text.MX_SPI3_Init
                0x0800173c       0xd4 ./Core/Src/spi.o
                0x0800173c                MX_SPI3_Init
 .text.HAL_SPI_MspInit
                0x08001810      0x130 ./Core/Src/spi.o
                0x08001810                HAL_SPI_MspInit
 .text.HAL_MspInit
                0x08001940       0x34 ./Core/Src/stm32u5xx_hal_msp.o
                0x08001940                HAL_MspInit
 .text.NMI_Handler
                0x08001974        0x8 ./Core/Src/stm32u5xx_it.o
                0x08001974                NMI_Handler
 .text.HardFault_Handler
                0x0800197c        0x8 ./Core/Src/stm32u5xx_it.o
                0x0800197c                HardFault_Handler
 .text.MemManage_Handler
                0x08001984        0x8 ./Core/Src/stm32u5xx_it.o
                0x08001984                MemManage_Handler
 .text.BusFault_Handler
                0x0800198c        0x8 ./Core/Src/stm32u5xx_it.o
                0x0800198c                BusFault_Handler
 .text.UsageFault_Handler
                0x08001994        0x8 ./Core/Src/stm32u5xx_it.o
                0x08001994                UsageFault_Handler
 .text.SVC_Handler
                0x0800199c        0xe ./Core/Src/stm32u5xx_it.o
                0x0800199c                SVC_Handler
 .text.DebugMon_Handler
                0x080019aa        0xe ./Core/Src/stm32u5xx_it.o
                0x080019aa                DebugMon_Handler
 .text.PendSV_Handler
                0x080019b8        0xe ./Core/Src/stm32u5xx_it.o
                0x080019b8                PendSV_Handler
 .text.SysTick_Handler
                0x080019c6        0xc ./Core/Src/stm32u5xx_it.o
                0x080019c6                SysTick_Handler
 *fill*         0x080019d2        0x2 
 .text.GPDMA1_Channel0_IRQHandler
                0x080019d4       0x14 ./Core/Src/stm32u5xx_it.o
                0x080019d4                GPDMA1_Channel0_IRQHandler
 .text.ADC1_IRQHandler
                0x080019e8       0x14 ./Core/Src/stm32u5xx_it.o
                0x080019e8                ADC1_IRQHandler
 .text.TIM6_IRQHandler
                0x080019fc       0x14 ./Core/Src/stm32u5xx_it.o
                0x080019fc                TIM6_IRQHandler
 .text.SPI3_IRQHandler
                0x08001a10       0x14 ./Core/Src/stm32u5xx_it.o
                0x08001a10                SPI3_IRQHandler
 .text.SystemInit
                0x08001a24       0x70 ./Core/Src/system_stm32u5xx.o
                0x08001a24                SystemInit
 .text.MX_TIM6_Init
                0x08001a94       0x70 ./Core/Src/tim.o
                0x08001a94                MX_TIM6_Init
 .text.HAL_TIM_Base_MspInit
                0x08001b04       0x50 ./Core/Src/tim.o
                0x08001b04                HAL_TIM_Base_MspInit
 .text.Reset_Handler
                0x08001b54       0x50 ./Core/Startup/startup_stm32u575vitx.o
                0x08001b54                Reset_Handler
 .text.Default_Handler
                0x08001ba4        0x2 ./Core/Startup/startup_stm32u575vitx.o
                0x08001ba4                EXTI2_IRQHandler
                0x08001ba4                TIM8_TRG_COM_IRQHandler
                0x08001ba4                TIM8_CC_IRQHandler
                0x08001ba4                EXTI5_IRQHandler
                0x08001ba4                FLASH_S_IRQHandler
                0x08001ba4                EXTI13_IRQHandler
                0x08001ba4                TIM1_CC_IRQHandler
                0x08001ba4                TSC_IRQHandler
                0x08001ba4                TAMP_IRQHandler
                0x08001ba4                EXTI12_IRQHandler
                0x08001ba4                CORDIC_IRQHandler
                0x08001ba4                EXTI3_IRQHandler
                0x08001ba4                LPTIM4_IRQHandler
                0x08001ba4                GPDMA1_Channel5_IRQHandler
                0x08001ba4                EXTI8_IRQHandler
                0x08001ba4                LPTIM2_IRQHandler
                0x08001ba4                I2C3_ER_IRQHandler
                0x08001ba4                PWR_S3WU_IRQHandler
                0x08001ba4                MDF1_FLT2_IRQHandler
                0x08001ba4                LPDMA1_Channel3_IRQHandler
                0x08001ba4                LPTIM3_IRQHandler
                0x08001ba4                EXTI0_IRQHandler
                0x08001ba4                I2C2_EV_IRQHandler
                0x08001ba4                FPU_IRQHandler
                0x08001ba4                GPDMA1_Channel3_IRQHandler
                0x08001ba4                GPDMA1_Channel7_IRQHandler
                0x08001ba4                MDF1_FLT4_IRQHandler
                0x08001ba4                FDCAN1_IT1_IRQHandler
                0x08001ba4                RAMCFG_IRQHandler
                0x08001ba4                GPDMA1_Channel9_IRQHandler
                0x08001ba4                DCACHE1_IRQHandler
                0x08001ba4                SPI1_IRQHandler
                0x08001ba4                OCTOSPI1_IRQHandler
                0x08001ba4                GPDMA1_Channel2_IRQHandler
                0x08001ba4                TIM8_UP_IRQHandler
                0x08001ba4                RCC_S_IRQHandler
                0x08001ba4                OCTOSPI2_IRQHandler
                0x08001ba4                SAI2_IRQHandler
                0x08001ba4                MDF1_FLT1_IRQHandler
                0x08001ba4                MDF1_FLT5_IRQHandler
                0x08001ba4                EXTI15_IRQHandler
                0x08001ba4                TIM17_IRQHandler
                0x08001ba4                USART3_IRQHandler
                0x08001ba4                RTC_IRQHandler
                0x08001ba4                EXTI9_IRQHandler
                0x08001ba4                UART5_IRQHandler
                0x08001ba4                TIM4_IRQHandler
                0x08001ba4                I2C1_EV_IRQHandler
                0x08001ba4                GPDMA1_Channel12_IRQHandler
                0x08001ba4                GPDMA1_Channel1_IRQHandler
                0x08001ba4                TIM16_IRQHandler
                0x08001ba4                GPDMA1_Channel15_IRQHandler
                0x08001ba4                UART4_IRQHandler
                0x08001ba4                SecureFault_Handler
                0x08001ba4                TIM3_IRQHandler
                0x08001ba4                RCC_IRQHandler
                0x08001ba4                TIM1_TRG_COM_IRQHandler
                0x08001ba4                Default_Handler
                0x08001ba4                GPDMA1_Channel8_IRQHandler
                0x08001ba4                FMAC_IRQHandler
                0x08001ba4                GPDMA1_Channel11_IRQHandler
                0x08001ba4                TIM7_IRQHandler
                0x08001ba4                SDMMC1_IRQHandler
                0x08001ba4                TIM5_IRQHandler
                0x08001ba4                UCPD1_IRQHandler
                0x08001ba4                TIM15_IRQHandler
                0x08001ba4                I2C3_EV_IRQHandler
                0x08001ba4                LPDMA1_Channel0_IRQHandler
                0x08001ba4                PVD_PVM_IRQHandler
                0x08001ba4                SPI2_IRQHandler
                0x08001ba4                LPDMA1_Channel1_IRQHandler
                0x08001ba4                EXTI14_IRQHandler
                0x08001ba4                EXTI11_IRQHandler
                0x08001ba4                CRS_IRQHandler
                0x08001ba4                GPDMA1_Channel14_IRQHandler
                0x08001ba4                LSECSSD_IRQHandler
                0x08001ba4                EXTI4_IRQHandler
                0x08001ba4                RTC_S_IRQHandler
                0x08001ba4                GPDMA1_Channel13_IRQHandler
                0x08001ba4                RNG_IRQHandler
                0x08001ba4                COMP_IRQHandler
                0x08001ba4                TIM1_UP_IRQHandler
                0x08001ba4                ADC4_IRQHandler
                0x08001ba4                WWDG_IRQHandler
                0x08001ba4                I2C4_EV_IRQHandler
                0x08001ba4                ADF1_IRQHandler
                0x08001ba4                IWDG_IRQHandler
                0x08001ba4                LPUART1_IRQHandler
                0x08001ba4                MDF1_FLT0_IRQHandler
                0x08001ba4                FDCAN1_IT0_IRQHandler
                0x08001ba4                TIM2_IRQHandler
                0x08001ba4                GPDMA1_Channel4_IRQHandler
                0x08001ba4                EXTI7_IRQHandler
                0x08001ba4                DMA2D_IRQHandler
                0x08001ba4                TIM1_BRK_IRQHandler
                0x08001ba4                EXTI1_IRQHandler
                0x08001ba4                SDMMC2_IRQHandler
                0x08001ba4                DAC1_IRQHandler
                0x08001ba4                GTZC_IRQHandler
                0x08001ba4                MDF1_FLT3_IRQHandler
                0x08001ba4                USART2_IRQHandler
                0x08001ba4                GPDMA1_Channel6_IRQHandler
                0x08001ba4                I2C2_ER_IRQHandler
                0x08001ba4                TIM8_BRK_IRQHandler
                0x08001ba4                FLASH_IRQHandler
                0x08001ba4                USART1_IRQHandler
                0x08001ba4                EXTI10_IRQHandler
                0x08001ba4                OTG_FS_IRQHandler
                0x08001ba4                LPDMA1_Channel2_IRQHandler
                0x08001ba4                I2C1_ER_IRQHandler
                0x08001ba4                FMC_IRQHandler
                0x08001ba4                EXTI6_IRQHandler
                0x08001ba4                LPTIM1_IRQHandler
                0x08001ba4                DCMI_PSSI_IRQHandler
                0x08001ba4                I2C4_ER_IRQHandler
                0x08001ba4                GPDMA1_Channel10_IRQHandler
                0x08001ba4                ICACHE_IRQHandler
                0x08001ba4                SAI1_IRQHandler
                0x08001ba4                HASH_IRQHandler
 *fill*         0x08001ba6        0x2 
 .text.HAL_Init
                0x08001ba8       0x60 ./Drivers/STM32U5xx_HAL_Driver/Src/stm32u5xx_hal.o
                0x08001ba8                HAL_Init
 .text.HAL_InitTick
                0x08001c08       0xec ./Drivers/STM32U5xx_HAL_Driver/Src/stm32u5xx_hal.o
                0x08001c08                HAL_InitTick
 .text.HAL_IncTick
                0x08001cf4       0x28 ./Drivers/STM32U5xx_HAL_Driver/Src/stm32u5xx_hal.o
                0x08001cf4                HAL_IncTick
 .text.HAL_GetTick
                0x08001d1c       0x18 ./Drivers/STM32U5xx_HAL_Driver/Src/stm32u5xx_hal.o
                0x08001d1c                HAL_GetTick
 .text.HAL_Delay
                0x08001d34       0x48 ./Drivers/STM32U5xx_HAL_Driver/Src/stm32u5xx_hal.o
                0x08001d34                HAL_Delay
 .text.HAL_GetREVID
                0x08001d7c       0x1c ./Drivers/STM32U5xx_HAL_Driver/Src/stm32u5xx_hal.o
                0x08001d7c                HAL_GetREVID
 .text.LL_ADC_SetCommonClock
                0x08001d98       0x26 ./Drivers/STM32U5xx_HAL_Driver/Src/stm32u5xx_hal_adc.o
 .text.LL_ADC_SetCommonPathInternalCh
                0x08001dbe       0x26 ./Drivers/STM32U5xx_HAL_Driver/Src/stm32u5xx_hal_adc.o
 .text.LL_ADC_GetCommonPathInternalCh
                0x08001de4       0x1c ./Drivers/STM32U5xx_HAL_Driver/Src/stm32u5xx_hal_adc.o
 .text.LL_ADC_SetResolution
                0x08001e00       0x40 ./Drivers/STM32U5xx_HAL_Driver/Src/stm32u5xx_hal_adc.o
 .text.LL_ADC_SetOffset
                0x08001e40       0x42 ./Drivers/STM32U5xx_HAL_Driver/Src/stm32u5xx_hal_adc.o
 .text.LL_ADC_GetOffsetChannel
                0x08001e82       0x58 ./Drivers/STM32U5xx_HAL_Driver/Src/stm32u5xx_hal_adc.o
 .text.LL_ADC_SetOffsetSign
                0x08001eda       0x36 ./Drivers/STM32U5xx_HAL_Driver/Src/stm32u5xx_hal_adc.o
 .text.LL_ADC_SetOffsetSignedSaturation
                0x08001f10       0x36 ./Drivers/STM32U5xx_HAL_Driver/Src/stm32u5xx_hal_adc.o
 .text.LL_ADC_SetOffsetUnsignedSaturation
                0x08001f46       0x36 ./Drivers/STM32U5xx_HAL_Driver/Src/stm32u5xx_hal_adc.o
 .text.LL_ADC_SetGainCompensation
                0x08001f7c       0x46 ./Drivers/STM32U5xx_HAL_Driver/Src/stm32u5xx_hal_adc.o
 .text.LL_ADC_SetSamplingTimeCommonChannels
                0x08001fc2       0x3e ./Drivers/STM32U5xx_HAL_Driver/Src/stm32u5xx_hal_adc.o
 .text.LL_ADC_REG_IsTriggerSourceSWStart
                0x08002000       0x26 ./Drivers/STM32U5xx_HAL_Driver/Src/stm32u5xx_hal_adc.o
 *fill*         0x08002026        0x2 
 .text.LL_ADC_REG_SetSequencerRanks
                0x08002028       0xc0 ./Drivers/STM32U5xx_HAL_Driver/Src/stm32u5xx_hal_adc.o
 .text.LL_ADC_REG_SetSequencerChAdd
                0x080020e8       0x66 ./Drivers/STM32U5xx_HAL_Driver/Src/stm32u5xx_hal_adc.o
 .text.LL_ADC_REG_SetSequencerChRem
                0x0800214e       0x30 ./Drivers/STM32U5xx_HAL_Driver/Src/stm32u5xx_hal_adc.o
 .text.LL_ADC_REG_GetDMATransfer
                0x0800217e       0x1c ./Drivers/STM32U5xx_HAL_Driver/Src/stm32u5xx_hal_adc.o
 .text.LL_ADC_INJ_IsTriggerSourceSWStart
                0x0800219a       0x26 ./Drivers/STM32U5xx_HAL_Driver/Src/stm32u5xx_hal_adc.o
 .text.LL_ADC_SetChannelSamplingTime
                0x080021c0       0xc8 ./Drivers/STM32U5xx_HAL_Driver/Src/stm32u5xx_hal_adc.o
 .text.LL_ADC_SetChannelSingleDiff
                0x08002288       0x48 ./Drivers/STM32U5xx_HAL_Driver/Src/stm32u5xx_hal_adc.o
 .text.LL_ADC_DisableDeepPowerDown
                0x080022d0       0x24 ./Drivers/STM32U5xx_HAL_Driver/Src/stm32u5xx_hal_adc.o
 .text.LL_ADC_IsDeepPowerDownEnabled
                0x080022f4       0x28 ./Drivers/STM32U5xx_HAL_Driver/Src/stm32u5xx_hal_adc.o
 .text.LL_ADC_EnableInternalRegulator
                0x0800231c       0x28 ./Drivers/STM32U5xx_HAL_Driver/Src/stm32u5xx_hal_adc.o
 .text.LL_ADC_IsInternalRegulatorEnabled
                0x08002344       0x28 ./Drivers/STM32U5xx_HAL_Driver/Src/stm32u5xx_hal_adc.o
 .text.LL_ADC_Enable
                0x0800236c       0x28 ./Drivers/STM32U5xx_HAL_Driver/Src/stm32u5xx_hal_adc.o
 .text.LL_ADC_Disable
                0x08002394       0x28 ./Drivers/STM32U5xx_HAL_Driver/Src/stm32u5xx_hal_adc.o
 .text.LL_ADC_IsEnabled
                0x080023bc       0x26 ./Drivers/STM32U5xx_HAL_Driver/Src/stm32u5xx_hal_adc.o
 .text.LL_ADC_IsDisableOngoing
                0x080023e2       0x26 ./Drivers/STM32U5xx_HAL_Driver/Src/stm32u5xx_hal_adc.o
 .text.LL_ADC_REG_StartConversion
                0x08002408       0x28 ./Drivers/STM32U5xx_HAL_Driver/Src/stm32u5xx_hal_adc.o
 .text.LL_ADC_REG_StopConversion
                0x08002430       0x28 ./Drivers/STM32U5xx_HAL_Driver/Src/stm32u5xx_hal_adc.o
 .text.LL_ADC_REG_IsConversionOngoing
                0x08002458       0x26 ./Drivers/STM32U5xx_HAL_Driver/Src/stm32u5xx_hal_adc.o
 .text.LL_ADC_INJ_StopConversion
                0x0800247e       0x28 ./Drivers/STM32U5xx_HAL_Driver/Src/stm32u5xx_hal_adc.o
 .text.LL_ADC_INJ_IsConversionOngoing
                0x080024a6       0x26 ./Drivers/STM32U5xx_HAL_Driver/Src/stm32u5xx_hal_adc.o
 .text.HAL_ADC_Init
                0x080024cc      0x594 ./Drivers/STM32U5xx_HAL_Driver/Src/stm32u5xx_hal_adc.o
                0x080024cc                HAL_ADC_Init
 .text.HAL_ADC_Start_IT
                0x08002a60      0x168 ./Drivers/STM32U5xx_HAL_Driver/Src/stm32u5xx_hal_adc.o
                0x08002a60                HAL_ADC_Start_IT
 .text.HAL_ADC_Stop_IT
                0x08002bc8       0x76 ./Drivers/STM32U5xx_HAL_Driver/Src/stm32u5xx_hal_adc.o
                0x08002bc8                HAL_ADC_Stop_IT
 *fill*         0x08002c3e        0x2 
 .text.HAL_ADC_IRQHandler
                0x08002c40      0x464 ./Drivers/STM32U5xx_HAL_Driver/Src/stm32u5xx_hal_adc.o
                0x08002c40                HAL_ADC_IRQHandler
 .text.HAL_ADC_LevelOutOfWindowCallback
                0x080030a4       0x14 ./Drivers/STM32U5xx_HAL_Driver/Src/stm32u5xx_hal_adc.o
                0x080030a4                HAL_ADC_LevelOutOfWindowCallback
 .text.HAL_ADC_ErrorCallback
                0x080030b8       0x14 ./Drivers/STM32U5xx_HAL_Driver/Src/stm32u5xx_hal_adc.o
                0x080030b8                HAL_ADC_ErrorCallback
 .text.HAL_ADC_CalibrationCpltCallback
                0x080030cc       0x14 ./Drivers/STM32U5xx_HAL_Driver/Src/stm32u5xx_hal_adc.o
                0x080030cc                HAL_ADC_CalibrationCpltCallback
 .text.HAL_ADC_VoltageRegulatorCallback
                0x080030e0       0x14 ./Drivers/STM32U5xx_HAL_Driver/Src/stm32u5xx_hal_adc.o
                0x080030e0                HAL_ADC_VoltageRegulatorCallback
 .text.HAL_ADC_ADCReadyCallback
                0x080030f4       0x14 ./Drivers/STM32U5xx_HAL_Driver/Src/stm32u5xx_hal_adc.o
                0x080030f4                HAL_ADC_ADCReadyCallback
 .text.HAL_ADC_ConfigChannel
                0x08003108      0xdb0 ./Drivers/STM32U5xx_HAL_Driver/Src/stm32u5xx_hal_adc.o
                0x08003108                HAL_ADC_ConfigChannel
 .text.ADC_ConversionStop
                0x08003eb8      0x178 ./Drivers/STM32U5xx_HAL_Driver/Src/stm32u5xx_hal_adc.o
                0x08003eb8                ADC_ConversionStop
 .text.ADC_Enable
                0x08004030       0xe0 ./Drivers/STM32U5xx_HAL_Driver/Src/stm32u5xx_hal_adc.o
                0x08004030                ADC_Enable
 .text.ADC_Disable
                0x08004110       0xbe ./Drivers/STM32U5xx_HAL_Driver/Src/stm32u5xx_hal_adc.o
                0x08004110                ADC_Disable
 .text.HAL_ADCEx_InjectedConvCpltCallback
                0x080041ce       0x14 ./Drivers/STM32U5xx_HAL_Driver/Src/stm32u5xx_hal_adc_ex.o
                0x080041ce                HAL_ADCEx_InjectedConvCpltCallback
 .text.HAL_ADCEx_LevelOutOfWindow2Callback
                0x080041e2       0x14 ./Drivers/STM32U5xx_HAL_Driver/Src/stm32u5xx_hal_adc_ex.o
                0x080041e2                HAL_ADCEx_LevelOutOfWindow2Callback
 .text.HAL_ADCEx_LevelOutOfWindow3Callback
                0x080041f6       0x14 ./Drivers/STM32U5xx_HAL_Driver/Src/stm32u5xx_hal_adc_ex.o
                0x080041f6                HAL_ADCEx_LevelOutOfWindow3Callback
 .text.HAL_ADCEx_EndOfSamplingCallback
                0x0800420a       0x14 ./Drivers/STM32U5xx_HAL_Driver/Src/stm32u5xx_hal_adc_ex.o
                0x0800420a                HAL_ADCEx_EndOfSamplingCallback
 *fill*         0x0800421e        0x2 
 .text.__NVIC_SetPriorityGrouping
                0x08004220       0x48 ./Drivers/STM32U5xx_HAL_Driver/Src/stm32u5xx_hal_cortex.o
 .text.__NVIC_GetPriorityGrouping
                0x08004268       0x1c ./Drivers/STM32U5xx_HAL_Driver/Src/stm32u5xx_hal_cortex.o
 .text.__NVIC_EnableIRQ
                0x08004284       0x3c ./Drivers/STM32U5xx_HAL_Driver/Src/stm32u5xx_hal_cortex.o
 .text.__NVIC_SetPriority
                0x080042c0       0x54 ./Drivers/STM32U5xx_HAL_Driver/Src/stm32u5xx_hal_cortex.o
 .text.NVIC_EncodePriority
                0x08004314       0x66 ./Drivers/STM32U5xx_HAL_Driver/Src/stm32u5xx_hal_cortex.o
 .text.HAL_NVIC_SetPriorityGrouping
                0x0800437a       0x16 ./Drivers/STM32U5xx_HAL_Driver/Src/stm32u5xx_hal_cortex.o
                0x0800437a                HAL_NVIC_SetPriorityGrouping
 .text.HAL_NVIC_SetPriority
                0x08004390       0x34 ./Drivers/STM32U5xx_HAL_Driver/Src/stm32u5xx_hal_cortex.o
                0x08004390                HAL_NVIC_SetPriority
 .text.HAL_NVIC_EnableIRQ
                0x080043c4       0x1c ./Drivers/STM32U5xx_HAL_Driver/Src/stm32u5xx_hal_cortex.o
                0x080043c4                HAL_NVIC_EnableIRQ
 .text.HAL_SYSTICK_Config
                0x080043e0       0x44 ./Drivers/STM32U5xx_HAL_Driver/Src/stm32u5xx_hal_cortex.o
                0x080043e0                HAL_SYSTICK_Config
 .text.HAL_SYSTICK_CLKSourceConfig
                0x08004424       0xb0 ./Drivers/STM32U5xx_HAL_Driver/Src/stm32u5xx_hal_cortex.o
                0x08004424                HAL_SYSTICK_CLKSourceConfig
 .text.HAL_SYSTICK_GetCLKSourceConfig
                0x080044d4       0x74 ./Drivers/STM32U5xx_HAL_Driver/Src/stm32u5xx_hal_cortex.o
                0x080044d4                HAL_SYSTICK_GetCLKSourceConfig
 .text.HAL_DMA_Init
                0x08004548      0x258 ./Drivers/STM32U5xx_HAL_Driver/Src/stm32u5xx_hal_dma.o
                0x08004548                HAL_DMA_Init
 .text.HAL_DMA_Start_IT
                0x080047a0       0xc0 ./Drivers/STM32U5xx_HAL_Driver/Src/stm32u5xx_hal_dma.o
                0x080047a0                HAL_DMA_Start_IT
 .text.HAL_DMA_Abort
                0x08004860       0xf8 ./Drivers/STM32U5xx_HAL_Driver/Src/stm32u5xx_hal_dma.o
                0x08004860                HAL_DMA_Abort
 .text.HAL_DMA_Abort_IT
                0x08004958       0x52 ./Drivers/STM32U5xx_HAL_Driver/Src/stm32u5xx_hal_dma.o
                0x08004958                HAL_DMA_Abort_IT
 .text.HAL_DMA_IRQHandler
                0x080049aa      0x2c2 ./Drivers/STM32U5xx_HAL_Driver/Src/stm32u5xx_hal_dma.o
                0x080049aa                HAL_DMA_IRQHandler
 .text.HAL_DMA_ConfigChannelAttributes
                0x08004c6c       0x78 ./Drivers/STM32U5xx_HAL_Driver/Src/stm32u5xx_hal_dma.o
                0x08004c6c                HAL_DMA_ConfigChannelAttributes
 .text.DMA_SetConfig
                0x08004ce4       0x4a ./Drivers/STM32U5xx_HAL_Driver/Src/stm32u5xx_hal_dma.o
 *fill*         0x08004d2e        0x2 
 .text.DMA_Init
                0x08004d30      0x500 ./Drivers/STM32U5xx_HAL_Driver/Src/stm32u5xx_hal_dma.o
 .text.HAL_DMAEx_List_Start_IT
                0x08005230      0x128 ./Drivers/STM32U5xx_HAL_Driver/Src/stm32u5xx_hal_dma_ex.o
                0x08005230                HAL_DMAEx_List_Start_IT
 .text.HAL_DMAEx_List_GetNodeConfig
                0x08005358       0x2c ./Drivers/STM32U5xx_HAL_Driver/Src/stm32u5xx_hal_dma_ex.o
                0x08005358                HAL_DMAEx_List_GetNodeConfig
 .text.DMA_List_GetNodeConfig
                0x08005384      0x214 ./Drivers/STM32U5xx_HAL_Driver/Src/stm32u5xx_hal_dma_ex.o
 .text.DMA_List_GetCLLRNodeInfo
                0x08005598       0x60 ./Drivers/STM32U5xx_HAL_Driver/Src/stm32u5xx_hal_dma_ex.o
 .text.HAL_GPIO_Init
                0x080055f8      0x3b0 ./Drivers/STM32U5xx_HAL_Driver/Src/stm32u5xx_hal_gpio.o
                0x080055f8                HAL_GPIO_Init
 .text.HAL_GPIO_WritePin
                0x080059a8       0x30 ./Drivers/STM32U5xx_HAL_Driver/Src/stm32u5xx_hal_gpio.o
                0x080059a8                HAL_GPIO_WritePin
 .text.HAL_ICACHE_ConfigAssociativityMode
                0x080059d8       0x40 ./Drivers/STM32U5xx_HAL_Driver/Src/stm32u5xx_hal_icache.o
                0x080059d8                HAL_ICACHE_ConfigAssociativityMode
 .text.HAL_ICACHE_Enable
                0x08005a18       0x20 ./Drivers/STM32U5xx_HAL_Driver/Src/stm32u5xx_hal_icache.o
                0x08005a18                HAL_ICACHE_Enable
 .text.HAL_PWREx_ControlVoltageScaling
                0x08005a38       0xfc ./Drivers/STM32U5xx_HAL_Driver/Src/stm32u5xx_hal_pwr_ex.o
                0x08005a38                HAL_PWREx_ControlVoltageScaling
 .text.HAL_PWREx_GetVoltageRange
                0x08005b34       0x1c ./Drivers/STM32U5xx_HAL_Driver/Src/stm32u5xx_hal_pwr_ex.o
                0x08005b34                HAL_PWREx_GetVoltageRange
 .text.HAL_PWREx_EnableVddA
                0x08005b50       0x20 ./Drivers/STM32U5xx_HAL_Driver/Src/stm32u5xx_hal_pwr_ex.o
                0x08005b50                HAL_PWREx_EnableVddA
 .text.HAL_RCC_OscConfig
                0x08005b70      0xdb8 ./Drivers/STM32U5xx_HAL_Driver/Src/stm32u5xx_hal_rcc.o
                0x08005b70                HAL_RCC_OscConfig
 .text.HAL_RCC_ClockConfig
                0x08006928      0x3e4 ./Drivers/STM32U5xx_HAL_Driver/Src/stm32u5xx_hal_rcc.o
                0x08006928                HAL_RCC_ClockConfig
 .text.HAL_RCC_GetSysClockFreq
                0x08006d0c      0x20c ./Drivers/STM32U5xx_HAL_Driver/Src/stm32u5xx_hal_rcc.o
                0x08006d0c                HAL_RCC_GetSysClockFreq
 .text.HAL_RCC_GetHCLKFreq
                0x08006f18       0x34 ./Drivers/STM32U5xx_HAL_Driver/Src/stm32u5xx_hal_rcc.o
                0x08006f18                HAL_RCC_GetHCLKFreq
 .text.RCC_SetFlashLatencyFromMSIRange
                0x08006f4c      0x10c ./Drivers/STM32U5xx_HAL_Driver/Src/stm32u5xx_hal_rcc.o
 .text.HAL_RCCEx_PeriphCLKConfig
                0x08007058      0xb48 ./Drivers/STM32U5xx_HAL_Driver/Src/stm32u5xx_hal_rcc_ex.o
                0x08007058                HAL_RCCEx_PeriphCLKConfig
 .text.RCCEx_PLL2_Config
                0x08007ba0      0x130 ./Drivers/STM32U5xx_HAL_Driver/Src/stm32u5xx_hal_rcc_ex.o
 .text.RCCEx_PLL3_Config
                0x08007cd0      0x130 ./Drivers/STM32U5xx_HAL_Driver/Src/stm32u5xx_hal_rcc_ex.o
 .text.HAL_SPI_Init
                0x08007e00      0x22c ./Drivers/STM32U5xx_HAL_Driver/Src/stm32u5xx_hal_spi.o
                0x08007e00                HAL_SPI_Init
 .text.HAL_SPI_IRQHandler
                0x0800802c      0x3a8 ./Drivers/STM32U5xx_HAL_Driver/Src/stm32u5xx_hal_spi.o
                0x0800802c                HAL_SPI_IRQHandler
 .text.HAL_SPI_TxCpltCallback
                0x080083d4       0x14 ./Drivers/STM32U5xx_HAL_Driver/Src/stm32u5xx_hal_spi.o
                0x080083d4                HAL_SPI_TxCpltCallback
 .text.HAL_SPI_RxCpltCallback
                0x080083e8       0x14 ./Drivers/STM32U5xx_HAL_Driver/Src/stm32u5xx_hal_spi.o
                0x080083e8                HAL_SPI_RxCpltCallback
 .text.HAL_SPI_TxRxCpltCallback
                0x080083fc       0x14 ./Drivers/STM32U5xx_HAL_Driver/Src/stm32u5xx_hal_spi.o
                0x080083fc                HAL_SPI_TxRxCpltCallback
 .text.HAL_SPI_ErrorCallback
                0x08008410       0x14 ./Drivers/STM32U5xx_HAL_Driver/Src/stm32u5xx_hal_spi.o
                0x08008410                HAL_SPI_ErrorCallback
 .text.HAL_SPI_SuspendCallback
                0x08008424       0x14 ./Drivers/STM32U5xx_HAL_Driver/Src/stm32u5xx_hal_spi.o
                0x08008424                HAL_SPI_SuspendCallback
 .text.SPI_DMAAbortOnError
                0x08008438       0x34 ./Drivers/STM32U5xx_HAL_Driver/Src/stm32u5xx_hal_spi.o
 .text.SPI_CloseTransfer
                0x0800846c      0x140 ./Drivers/STM32U5xx_HAL_Driver/Src/stm32u5xx_hal_spi.o
 .text.SPI_GetPacketSize
                0x080085ac       0x36 ./Drivers/STM32U5xx_HAL_Driver/Src/stm32u5xx_hal_spi.o
 .text.HAL_SPIEx_SetConfigAutonomousMode
                0x080085e2       0x82 ./Drivers/STM32U5xx_HAL_Driver/Src/stm32u5xx_hal_spi_ex.o
                0x080085e2                HAL_SPIEx_SetConfigAutonomousMode
 .text.HAL_TIM_Base_Init
                0x08008664       0xae ./Drivers/STM32U5xx_HAL_Driver/Src/stm32u5xx_hal_tim.o
                0x08008664                HAL_TIM_Base_Init
 *fill*         0x08008712        0x2 
 .text.HAL_TIM_Base_Start_IT
                0x08008714      0x140 ./Drivers/STM32U5xx_HAL_Driver/Src/stm32u5xx_hal_tim.o
                0x08008714                HAL_TIM_Base_Start_IT
 .text.HAL_TIM_IRQHandler
                0x08008854      0x29e ./Drivers/STM32U5xx_HAL_Driver/Src/stm32u5xx_hal_tim.o
                0x08008854                HAL_TIM_IRQHandler
 .text.HAL_TIM_OC_DelayElapsedCallback
                0x08008af2       0x14 ./Drivers/STM32U5xx_HAL_Driver/Src/stm32u5xx_hal_tim.o
                0x08008af2                HAL_TIM_OC_DelayElapsedCallback
 .text.HAL_TIM_IC_CaptureCallback
                0x08008b06       0x14 ./Drivers/STM32U5xx_HAL_Driver/Src/stm32u5xx_hal_tim.o
                0x08008b06                HAL_TIM_IC_CaptureCallback
 .text.HAL_TIM_PWM_PulseFinishedCallback
                0x08008b1a       0x14 ./Drivers/STM32U5xx_HAL_Driver/Src/stm32u5xx_hal_tim.o
                0x08008b1a                HAL_TIM_PWM_PulseFinishedCallback
 .text.HAL_TIM_TriggerCallback
                0x08008b2e       0x14 ./Drivers/STM32U5xx_HAL_Driver/Src/stm32u5xx_hal_tim.o
                0x08008b2e                HAL_TIM_TriggerCallback
 *fill*         0x08008b42        0x2 
 .text.TIM_Base_SetConfig
                0x08008b44      0x200 ./Drivers/STM32U5xx_HAL_Driver/Src/stm32u5xx_hal_tim.o
                0x08008b44                TIM_Base_SetConfig
 .text.HAL_TIMEx_MasterConfigSynchronization
                0x08008d44      0x184 ./Drivers/STM32U5xx_HAL_Driver/Src/stm32u5xx_hal_tim_ex.o
                0x08008d44                HAL_TIMEx_MasterConfigSynchronization
 .text.HAL_TIMEx_CommutCallback
                0x08008ec8       0x14 ./Drivers/STM32U5xx_HAL_Driver/Src/stm32u5xx_hal_tim_ex.o
                0x08008ec8                HAL_TIMEx_CommutCallback
 .text.HAL_TIMEx_BreakCallback
                0x08008edc       0x14 ./Drivers/STM32U5xx_HAL_Driver/Src/stm32u5xx_hal_tim_ex.o
                0x08008edc                HAL_TIMEx_BreakCallback
 .text.HAL_TIMEx_Break2Callback
                0x08008ef0       0x14 ./Drivers/STM32U5xx_HAL_Driver/Src/stm32u5xx_hal_tim_ex.o
                0x08008ef0                HAL_TIMEx_Break2Callback
 .text.HAL_TIMEx_EncoderIndexCallback
                0x08008f04       0x14 ./Drivers/STM32U5xx_HAL_Driver/Src/stm32u5xx_hal_tim_ex.o
                0x08008f04                HAL_TIMEx_EncoderIndexCallback
 .text.HAL_TIMEx_DirectionChangeCallback
                0x08008f18       0x14 ./Drivers/STM32U5xx_HAL_Driver/Src/stm32u5xx_hal_tim_ex.o
                0x08008f18                HAL_TIMEx_DirectionChangeCallback
 .text.HAL_TIMEx_IndexErrorCallback
                0x08008f2c       0x14 ./Drivers/STM32U5xx_HAL_Driver/Src/stm32u5xx_hal_tim_ex.o
                0x08008f2c                HAL_TIMEx_IndexErrorCallback
 .text.HAL_TIMEx_TransitionErrorCallback
                0x08008f40       0x14 ./Drivers/STM32U5xx_HAL_Driver/Src/stm32u5xx_hal_tim_ex.o
                0x08008f40                HAL_TIMEx_TransitionErrorCallback
 .text.memset   0x08008f54       0x10 C:/ST/STM32CubeIDE_1.18.1/STM32CubeIDE/plugins/com.st.stm32cube.ide.mcu.externaltools.gnu-tools-for-stm32.13.3.rel1.win32_1.0.0.202411081344/tools/bin/../lib/gcc/arm-none-eabi/13.3.1/../../../../arm-none-eabi/lib/thumb/v8-m.main+fp/hard\libc_nano.a(libc_a-memset.o)
                0x08008f54                memset
 .text.__libc_init_array
                0x08008f64       0x48 C:/ST/STM32CubeIDE_1.18.1/STM32CubeIDE/plugins/com.st.stm32cube.ide.mcu.externaltools.gnu-tools-for-stm32.13.3.rel1.win32_1.0.0.202411081344/tools/bin/../lib/gcc/arm-none-eabi/13.3.1/../../../../arm-none-eabi/lib/thumb/v8-m.main+fp/hard\libc_nano.a(libc_a-init.o)
                0x08008f64                __libc_init_array
 *(.glue_7)
 .glue_7        0x08008fac        0x0 linker stubs
 *(.glue_7t)
 .glue_7t       0x08008fac        0x0 linker stubs
 *(.eh_frame)
 .eh_frame      0x08008fac        0x0 C:/ST/STM32CubeIDE_1.18.1/STM32CubeIDE/plugins/com.st.stm32cube.ide.mcu.externaltools.gnu-tools-for-stm32.13.3.rel1.win32_1.0.0.202411081344/tools/bin/../lib/gcc/arm-none-eabi/13.3.1/thumb/v8-m.main+fp/hard/crtbegin.o
 *(.init)
 .init          0x08008fac        0x4 C:/ST/STM32CubeIDE_1.18.1/STM32CubeIDE/plugins/com.st.stm32cube.ide.mcu.externaltools.gnu-tools-for-stm32.13.3.rel1.win32_1.0.0.202411081344/tools/bin/../lib/gcc/arm-none-eabi/13.3.1/thumb/v8-m.main+fp/hard/crti.o
                0x08008fac                _init
 .init          0x08008fb0        0x8 C:/ST/STM32CubeIDE_1.18.1/STM32CubeIDE/plugins/com.st.stm32cube.ide.mcu.externaltools.gnu-tools-for-stm32.13.3.rel1.win32_1.0.0.202411081344/tools/bin/../lib/gcc/arm-none-eabi/13.3.1/thumb/v8-m.main+fp/hard/crtn.o
 *(.fini)
 .fini          0x08008fb8        0x4 C:/ST/STM32CubeIDE_1.18.1/STM32CubeIDE/plugins/com.st.stm32cube.ide.mcu.externaltools.gnu-tools-for-stm32.13.3.rel1.win32_1.0.0.202411081344/tools/bin/../lib/gcc/arm-none-eabi/13.3.1/thumb/v8-m.main+fp/hard/crti.o
                0x08008fb8                _fini
 .fini          0x08008fbc        0x8 C:/ST/STM32CubeIDE_1.18.1/STM32CubeIDE/plugins/com.st.stm32cube.ide.mcu.externaltools.gnu-tools-for-stm32.13.3.rel1.win32_1.0.0.202411081344/tools/bin/../lib/gcc/arm-none-eabi/13.3.1/thumb/v8-m.main+fp/hard/crtn.o
                0x08008fc4                        _etext = .

.vfp11_veneer   0x08008fc4        0x0
 .vfp11_veneer  0x08008fc4        0x0 linker stubs

.v4_bx          0x08008fc4        0x0
 .v4_bx         0x08008fc4        0x0 linker stubs

.iplt           0x08008fc4        0x0
 .iplt          0x08008fc4        0x0 C:/ST/STM32CubeIDE_1.18.1/STM32CubeIDE/plugins/com.st.stm32cube.ide.mcu.externaltools.gnu-tools-for-stm32.13.3.rel1.win32_1.0.0.202411081344/tools/bin/../lib/gcc/arm-none-eabi/13.3.1/thumb/v8-m.main+fp/hard/crtbegin.o

.rodata         0x08008fc4       0xd0
 *(.rodata)
 *(.rodata*)
 .rodata.AHBPrescTable
                0x08008fc4       0x10 ./Core/Src/system_stm32u5xx.o
                0x08008fc4                AHBPrescTable
 .rodata.MSIRangeTable
                0x08008fd4       0x40 ./Core/Src/system_stm32u5xx.o
                0x08008fd4                MSIRangeTable
 .rodata.LPGPIO_Map
                0x08009014       0x80 ./Drivers/STM32U5xx_HAL_Driver/Src/stm32u5xx_hal_gpio.o

.ARM.extab
 *(.ARM.extab* .gnu.linkonce.armextab.*)

.ARM            0x08009094        0x0
                0x08009094                        __exidx_start = .
 *(.ARM.exidx*)
                0x08009094                        __exidx_end = .

.preinit_array  0x08009094        0x0
                0x08009094                        PROVIDE (__preinit_array_start = .)
 *(.preinit_array*)
                0x08009094                        PROVIDE (__preinit_array_end = .)

.init_array     0x08009094        0x4
                0x08009094                        PROVIDE (__init_array_start = .)
 *(SORT_BY_NAME(.init_array.*))
 *(.init_array*)
 .init_array    0x08009094        0x4 C:/ST/STM32CubeIDE_1.18.1/STM32CubeIDE/plugins/com.st.stm32cube.ide.mcu.externaltools.gnu-tools-for-stm32.13.3.rel1.win32_1.0.0.202411081344/tools/bin/../lib/gcc/arm-none-eabi/13.3.1/thumb/v8-m.main+fp/hard/crtbegin.o
                0x08009098                        PROVIDE (__init_array_end = .)

.fini_array     0x08009098        0x4
                [!provide]                        PROVIDE (__fini_array_start = .)
 *(SORT_BY_NAME(.fini_array.*))
 *(.fini_array*)
 .fini_array    0x08009098        0x4 C:/ST/STM32CubeIDE_1.18.1/STM32CubeIDE/plugins/com.st.stm32cube.ide.mcu.externaltools.gnu-tools-for-stm32.13.3.rel1.win32_1.0.0.202411081344/tools/bin/../lib/gcc/arm-none-eabi/13.3.1/thumb/v8-m.main+fp/hard/crtbegin.o
                [!provide]                        PROVIDE (__fini_array_end = .)
                0x0800909c                        _sidata = LOADADDR (.data)

.rel.dyn        0x0800909c        0x0
 .rel.iplt      0x0800909c        0x0 C:/ST/STM32CubeIDE_1.18.1/STM32CubeIDE/plugins/com.st.stm32cube.ide.mcu.externaltools.gnu-tools-for-stm32.13.3.rel1.win32_1.0.0.202411081344/tools/bin/../lib/gcc/arm-none-eabi/13.3.1/thumb/v8-m.main+fp/hard/crtbegin.o

.data           0x20000000        0x9 load address 0x0800909c
                0x20000000                        _sdata = .
 *(.data)
 *(.data*)
 .data.SystemCoreClock
                0x20000000        0x4 ./Core/Src/system_stm32u5xx.o
                0x20000000                SystemCoreClock
 .data.uwTickPrio
                0x20000004        0x4 ./Drivers/STM32U5xx_HAL_Driver/Src/stm32u5xx_hal.o
                0x20000004                uwTickPrio
 .data.uwTickFreq
                0x20000008        0x1 ./Drivers/STM32U5xx_HAL_Driver/Src/stm32u5xx_hal.o
                0x20000008                uwTickFreq
 *(.RamFunc)
 *(.RamFunc*)
                0x20000009                        _edata = .

.igot.plt       0x2000000c        0x0 load address 0x080090a5
 .igot.plt      0x2000000c        0x0 C:/ST/STM32CubeIDE_1.18.1/STM32CubeIDE/plugins/com.st.stm32cube.ide.mcu.externaltools.gnu-tools-for-stm32.13.3.rel1.win32_1.0.0.202411081344/tools/bin/../lib/gcc/arm-none-eabi/13.3.1/thumb/v8-m.main+fp/hard/crtbegin.o

.bss            0x2000000c    0x75524 load address 0x080090a5
                0x2000000c                        _sbss = .
                0x2000000c                        __bss_start__ = _sbss
 *(.bss)
 .bss           0x2000000c       0x1c C:/ST/STM32CubeIDE_1.18.1/STM32CubeIDE/plugins/com.st.stm32cube.ide.mcu.externaltools.gnu-tools-for-stm32.13.3.rel1.win32_1.0.0.202411081344/tools/bin/../lib/gcc/arm-none-eabi/13.3.1/thumb/v8-m.main+fp/hard/crtbegin.o
 *(.bss*)
 .bss.hadc1     0x20000028       0x8c ./Core/Src/adc.o
                0x20000028                hadc1
 .bss.handle_GPDMA1_Channel0
                0x200000b4       0x78 ./Core/Src/adc.o
                0x200000b4                handle_GPDMA1_Channel0
 .bss.main_TIM6_isSec
                0x2000012c        0x1 ./Core/Src/mainCycle.o
                0x2000012c                main_TIM6_isSec
 *fill*         0x2000012d        0x1 
 .bss.main_TIM6_ms
                0x2000012e        0x2 ./Core/Src/mainCycle.o
                0x2000012e                main_TIM6_ms
 .bss.flags     0x20000130        0x1 ./Core/Src/refCtrl.o
                0x20000130                flags
 *fill*         0x20000131        0x3 
 .bss.ref_hadc  0x20000134        0x4 ./Core/Src/refCtrl.o
                0x20000134                ref_hadc
 .bss.ref_adcData
                0x20000138    0x75300 ./Core/Src/refCtrl.o
                0x20000138                ref_adcData
 .bss.ref_adcDataSize
                0x20075438        0x4 ./Core/Src/refCtrl.o
                0x20075438                ref_adcDataSize
 .bss.DMA_nextTrsvLen
                0x2007543c        0x4 ./Core/Src/refCtrl.o
                0x2007543c                DMA_nextTrsvLen
 .bss.ref_testVal
                0x20075440        0x4 ./Core/Src/refCtrl.o
                0x20075440                ref_testVal
 .bss.synt_INT  0x20075444        0x2 ./Core/Src/refCtrl.o
                0x20075444                synt_INT
 .bss.synt_FRAC
                0x20075446        0x2 ./Core/Src/refCtrl.o
                0x20075446                synt_FRAC
 .bss.synt_MOD  0x20075448        0x2 ./Core/Src/refCtrl.o
                0x20075448                synt_MOD
 .bss.synt_R_count
                0x2007544a        0x2 ./Core/Src/refCtrl.o
                0x2007544a                synt_R_count
 .bss.synt_refDbl
                0x2007544c        0x1 ./Core/Src/refCtrl.o
                0x2007544c                synt_refDbl
 .bss.synt_R_div2
                0x2007544d        0x1 ./Core/Src/refCtrl.o
                0x2007544d                synt_R_div2
 .bss.synt_RF_div
                0x2007544e        0x1 ./Core/Src/refCtrl.o
                0x2007544e                synt_RF_div
 .bss.sync_div  0x2007544f        0x1 ./Core/Src/refCtrl.o
                0x2007544f                sync_div
 .bss.hspi3     0x20075450       0x90 ./Core/Src/spi.o
                0x20075450                hspi3
 .bss.htim6     0x200754e0       0x4c ./Core/Src/tim.o
                0x200754e0                htim6
 .bss.uwTick    0x2007552c        0x4 ./Drivers/STM32U5xx_HAL_Driver/Src/stm32u5xx_hal.o
                0x2007552c                uwTick
 *(COMMON)
                0x20075530                        _ebss = .
                0x20075530                        __bss_end__ = _ebss

._user_heap_stack
                0x20075530      0x600 load address 0x080090a5
                0x20075530                        . = ALIGN (0x8)
                [!provide]                        PROVIDE (end = .)
                0x20075530                        PROVIDE (_end = .)
                0x20075730                        . = (. + _Min_Heap_Size)
 *fill*         0x20075530      0x200 
                0x20075b30                        . = (. + _Min_Stack_Size)
 *fill*         0x20075730      0x400 
                0x20075b30                        . = ALIGN (0x8)

/DISCARD/
 libc.a(*)
 libm.a(*)
 libgcc.a(*)

.ARM.attributes
                0x00000000       0x36
 *(.ARM.attributes)
 .ARM.attributes
                0x00000000       0x26 C:/ST/STM32CubeIDE_1.18.1/STM32CubeIDE/plugins/com.st.stm32cube.ide.mcu.externaltools.gnu-tools-for-stm32.13.3.rel1.win32_1.0.0.202411081344/tools/bin/../lib/gcc/arm-none-eabi/13.3.1/thumb/v8-m.main+fp/hard/crti.o
 .ARM.attributes
                0x00000026       0x38 C:/ST/STM32CubeIDE_1.18.1/STM32CubeIDE/plugins/com.st.stm32cube.ide.mcu.externaltools.gnu-tools-for-stm32.13.3.rel1.win32_1.0.0.202411081344/tools/bin/../lib/gcc/arm-none-eabi/13.3.1/thumb/v8-m.main+fp/hard/crtbegin.o
 .ARM.attributes
                0x0000005e       0x3a ./Core/Src/ADF4351.o
 .ARM.attributes
                0x00000098       0x3a ./Core/Src/adc.o
 .ARM.attributes
                0x000000d2       0x3a ./Core/Src/cycleSync.o
 .ARM.attributes
                0x0000010c       0x3a ./Core/Src/gpdma.o
 .ARM.attributes
                0x00000146       0x3a ./Core/Src/gpio.o
 .ARM.attributes
                0x00000180       0x3a ./Core/Src/icache.o
 .ARM.attributes
                0x000001ba       0x3a ./Core/Src/main.o
 .ARM.attributes
                0x000001f4       0x3a ./Core/Src/mainCycle.o
 .ARM.attributes
                0x0000022e       0x3a ./Core/Src/refCtrl.o
 .ARM.attributes
                0x00000268       0x3a ./Core/Src/spi.o
 .ARM.attributes
                0x000002a2       0x3a ./Core/Src/stm32u5xx_hal_msp.o
 .ARM.attributes
                0x000002dc       0x3a ./Core/Src/stm32u5xx_it.o
 .ARM.attributes
                0x00000316       0x3a ./Core/Src/system_stm32u5xx.o
 .ARM.attributes
                0x00000350       0x3a ./Core/Src/tim.o
 .ARM.attributes
                0x0000038a       0x24 ./Core/Startup/startup_stm32u575vitx.o
 .ARM.attributes
                0x000003ae       0x3a ./Drivers/STM32U5xx_HAL_Driver/Src/stm32u5xx_hal.o
 .ARM.attributes
                0x000003e8       0x3a ./Drivers/STM32U5xx_HAL_Driver/Src/stm32u5xx_hal_adc.o
 .ARM.attributes
                0x00000422       0x3a ./Drivers/STM32U5xx_HAL_Driver/Src/stm32u5xx_hal_adc_ex.o
 .ARM.attributes
                0x0000045c       0x3a ./Drivers/STM32U5xx_HAL_Driver/Src/stm32u5xx_hal_cortex.o
 .ARM.attributes
                0x00000496       0x3a ./Drivers/STM32U5xx_HAL_Driver/Src/stm32u5xx_hal_dma.o
 .ARM.attributes
                0x000004d0       0x3a ./Drivers/STM32U5xx_HAL_Driver/Src/stm32u5xx_hal_dma_ex.o
 .ARM.attributes
                0x0000050a       0x3a ./Drivers/STM32U5xx_HAL_Driver/Src/stm32u5xx_hal_gpio.o
 .ARM.attributes
                0x00000544       0x3a ./Drivers/STM32U5xx_HAL_Driver/Src/stm32u5xx_hal_icache.o
 .ARM.attributes
                0x0000057e       0x3a ./Drivers/STM32U5xx_HAL_Driver/Src/stm32u5xx_hal_pwr_ex.o
 .ARM.attributes
                0x000005b8       0x3a ./Drivers/STM32U5xx_HAL_Driver/Src/stm32u5xx_hal_rcc.o
 .ARM.attributes
                0x000005f2       0x3a ./Drivers/STM32U5xx_HAL_Driver/Src/stm32u5xx_hal_rcc_ex.o
 .ARM.attributes
                0x0000062c       0x3a ./Drivers/STM32U5xx_HAL_Driver/Src/stm32u5xx_hal_spi.o
 .ARM.attributes
                0x00000666       0x3a ./Drivers/STM32U5xx_HAL_Driver/Src/stm32u5xx_hal_spi_ex.o
 .ARM.attributes
                0x000006a0       0x3a ./Drivers/STM32U5xx_HAL_Driver/Src/stm32u5xx_hal_tim.o
 .ARM.attributes
                0x000006da       0x3a ./Drivers/STM32U5xx_HAL_Driver/Src/stm32u5xx_hal_tim_ex.o
 .ARM.attributes
                0x00000714       0x38 C:/ST/STM32CubeIDE_1.18.1/STM32CubeIDE/plugins/com.st.stm32cube.ide.mcu.externaltools.gnu-tools-for-stm32.13.3.rel1.win32_1.0.0.202411081344/tools/bin/../lib/gcc/arm-none-eabi/13.3.1/../../../../arm-none-eabi/lib/thumb/v8-m.main+fp/hard\libc_nano.a(libc_a-memset.o)
 .ARM.attributes
                0x0000074c       0x38 C:/ST/STM32CubeIDE_1.18.1/STM32CubeIDE/plugins/com.st.stm32cube.ide.mcu.externaltools.gnu-tools-for-stm32.13.3.rel1.win32_1.0.0.202411081344/tools/bin/../lib/gcc/arm-none-eabi/13.3.1/../../../../arm-none-eabi/lib/thumb/v8-m.main+fp/hard\libc_nano.a(libc_a-init.o)
 .ARM.attributes
                0x00000784       0x26 C:/ST/STM32CubeIDE_1.18.1/STM32CubeIDE/plugins/com.st.stm32cube.ide.mcu.externaltools.gnu-tools-for-stm32.13.3.rel1.win32_1.0.0.202411081344/tools/bin/../lib/gcc/arm-none-eabi/13.3.1/thumb/v8-m.main+fp/hard/crtn.o
OUTPUT(LevelMeter_sampl_MCU.elf elf32-littlearm)
LOAD linker stubs
LOAD C:/ST/STM32CubeIDE_1.18.1/STM32CubeIDE/plugins/com.st.stm32cube.ide.mcu.externaltools.gnu-tools-for-stm32.13.3.rel1.win32_1.0.0.202411081344/tools/bin/../lib/gcc/arm-none-eabi/13.3.1/../../../../arm-none-eabi/lib/thumb/v8-m.main+fp/hard\libc.a
LOAD C:/ST/STM32CubeIDE_1.18.1/STM32CubeIDE/plugins/com.st.stm32cube.ide.mcu.externaltools.gnu-tools-for-stm32.13.3.rel1.win32_1.0.0.202411081344/tools/bin/../lib/gcc/arm-none-eabi/13.3.1/../../../../arm-none-eabi/lib/thumb/v8-m.main+fp/hard\libm.a
LOAD C:/ST/STM32CubeIDE_1.18.1/STM32CubeIDE/plugins/com.st.stm32cube.ide.mcu.externaltools.gnu-tools-for-stm32.13.3.rel1.win32_1.0.0.202411081344/tools/bin/../lib/gcc/arm-none-eabi/13.3.1/thumb/v8-m.main+fp/hard\libgcc.a

.debug_info     0x00000000    0x1e3e9
 .debug_info    0x00000000      0x8bf ./Core/Src/ADF4351.o
 .debug_info    0x000008bf     0x17ef ./Core/Src/adc.o
 .debug_info    0x000020ae      0x2c3 ./Core/Src/cycleSync.o
 .debug_info    0x00002371      0x76b ./Core/Src/gpdma.o
 .debug_info    0x00002adc      0x610 ./Core/Src/gpio.o
 .debug_info    0x000030ec      0x114 ./Core/Src/icache.o
 .debug_info    0x00003200      0x394 ./Core/Src/main.o
 .debug_info    0x00003594      0xf16 ./Core/Src/mainCycle.o
 .debug_info    0x000044aa     0x13bb ./Core/Src/refCtrl.o
 .debug_info    0x00005865     0x15e9 ./Core/Src/spi.o
 .debug_info    0x00006e4e      0x415 ./Core/Src/stm32u5xx_hal_msp.o
 .debug_info    0x00007263     0x1302 ./Core/Src/stm32u5xx_it.o
 .debug_info    0x00008565      0x929 ./Core/Src/system_stm32u5xx.o
 .debug_info    0x00008e8e     0x1118 ./Core/Src/tim.o
 .debug_info    0x00009fa6       0x30 ./Core/Startup/startup_stm32u575vitx.o
 .debug_info    0x00009fd6     0x11dd ./Drivers/STM32U5xx_HAL_Driver/Src/stm32u5xx_hal.o
 .debug_info    0x0000b1b3     0x2679 ./Drivers/STM32U5xx_HAL_Driver/Src/stm32u5xx_hal_adc.o
 .debug_info    0x0000d82c     0x1d41 ./Drivers/STM32U5xx_HAL_Driver/Src/stm32u5xx_hal_adc_ex.o
 .debug_info    0x0000f56d     0x163a ./Drivers/STM32U5xx_HAL_Driver/Src/stm32u5xx_hal_cortex.o
 .debug_info    0x00010ba7      0xadc ./Drivers/STM32U5xx_HAL_Driver/Src/stm32u5xx_hal_dma.o
 .debug_info    0x00011683     0x1902 ./Drivers/STM32U5xx_HAL_Driver/Src/stm32u5xx_hal_dma_ex.o
 .debug_info    0x00012f85      0x859 ./Drivers/STM32U5xx_HAL_Driver/Src/stm32u5xx_hal_gpio.o
 .debug_info    0x000137de      0x4d6 ./Drivers/STM32U5xx_HAL_Driver/Src/stm32u5xx_hal_icache.o
 .debug_info    0x00013cb4      0xe3e ./Drivers/STM32U5xx_HAL_Driver/Src/stm32u5xx_hal_pwr_ex.o
 .debug_info    0x00014af2     0x11f0 ./Drivers/STM32U5xx_HAL_Driver/Src/stm32u5xx_hal_rcc.o
 .debug_info    0x00015ce2     0x157f ./Drivers/STM32U5xx_HAL_Driver/Src/stm32u5xx_hal_rcc_ex.o
 .debug_info    0x00017261     0x15bd ./Drivers/STM32U5xx_HAL_Driver/Src/stm32u5xx_hal_spi.o
 .debug_info    0x0001881e      0xa97 ./Drivers/STM32U5xx_HAL_Driver/Src/stm32u5xx_hal_spi_ex.o
 .debug_info    0x000192b5     0x2e54 ./Drivers/STM32U5xx_HAL_Driver/Src/stm32u5xx_hal_tim.o
 .debug_info    0x0001c109     0x22e0 ./Drivers/STM32U5xx_HAL_Driver/Src/stm32u5xx_hal_tim_ex.o

.debug_abbrev   0x00000000     0x3e54
 .debug_abbrev  0x00000000      0x2b5 ./Core/Src/ADF4351.o
 .debug_abbrev  0x000002b5      0x22f ./Core/Src/adc.o
 .debug_abbrev  0x000004e4      0x173 ./Core/Src/cycleSync.o
 .debug_abbrev  0x00000657      0x121 ./Core/Src/gpdma.o
 .debug_abbrev  0x00000778      0x179 ./Core/Src/gpio.o
 .debug_abbrev  0x000008f1       0xb6 ./Core/Src/icache.o
 .debug_abbrev  0x000009a7      0x185 ./Core/Src/main.o
 .debug_abbrev  0x00000b2c      0x236 ./Core/Src/mainCycle.o
 .debug_abbrev  0x00000d62      0x335 ./Core/Src/refCtrl.o
 .debug_abbrev  0x00001097      0x236 ./Core/Src/spi.o
 .debug_abbrev  0x000012cd       0xf1 ./Core/Src/stm32u5xx_hal_msp.o
 .debug_abbrev  0x000013be      0x1dd ./Core/Src/stm32u5xx_it.o
 .debug_abbrev  0x0000159b      0x129 ./Core/Src/system_stm32u5xx.o
 .debug_abbrev  0x000016c4      0x22d ./Core/Src/tim.o
 .debug_abbrev  0x000018f1       0x24 ./Core/Startup/startup_stm32u575vitx.o
 .debug_abbrev  0x00001915      0x2a5 ./Drivers/STM32U5xx_HAL_Driver/Src/stm32u5xx_hal.o
 .debug_abbrev  0x00001bba      0x2ce ./Drivers/STM32U5xx_HAL_Driver/Src/stm32u5xx_hal_adc.o
 .debug_abbrev  0x00001e88      0x2f3 ./Drivers/STM32U5xx_HAL_Driver/Src/stm32u5xx_hal_adc_ex.o
 .debug_abbrev  0x0000217b      0x311 ./Drivers/STM32U5xx_HAL_Driver/Src/stm32u5xx_hal_cortex.o
 .debug_abbrev  0x0000248c      0x1ff ./Drivers/STM32U5xx_HAL_Driver/Src/stm32u5xx_hal_dma.o
 .debug_abbrev  0x0000268b      0x21d ./Drivers/STM32U5xx_HAL_Driver/Src/stm32u5xx_hal_dma_ex.o
 .debug_abbrev  0x000028a8      0x25a ./Drivers/STM32U5xx_HAL_Driver/Src/stm32u5xx_hal_gpio.o
 .debug_abbrev  0x00002b02      0x228 ./Drivers/STM32U5xx_HAL_Driver/Src/stm32u5xx_hal_icache.o
 .debug_abbrev  0x00002d2a      0x215 ./Drivers/STM32U5xx_HAL_Driver/Src/stm32u5xx_hal_pwr_ex.o
 .debug_abbrev  0x00002f3f      0x2cb ./Drivers/STM32U5xx_HAL_Driver/Src/stm32u5xx_hal_rcc.o
 .debug_abbrev  0x0000320a      0x23d ./Drivers/STM32U5xx_HAL_Driver/Src/stm32u5xx_hal_rcc_ex.o
 .debug_abbrev  0x00003447      0x2b3 ./Drivers/STM32U5xx_HAL_Driver/Src/stm32u5xx_hal_spi.o
 .debug_abbrev  0x000036fa      0x1c7 ./Drivers/STM32U5xx_HAL_Driver/Src/stm32u5xx_hal_spi_ex.o
 .debug_abbrev  0x000038c1      0x2bd ./Drivers/STM32U5xx_HAL_Driver/Src/stm32u5xx_hal_tim.o
 .debug_abbrev  0x00003b7e      0x2d6 ./Drivers/STM32U5xx_HAL_Driver/Src/stm32u5xx_hal_tim_ex.o

.debug_aranges  0x00000000     0x1a58
 .debug_aranges
                0x00000000       0xc0 ./Core/Src/ADF4351.o
 .debug_aranges
                0x000000c0       0x30 ./Core/Src/adc.o
 .debug_aranges
                0x000000f0       0x58 ./Core/Src/cycleSync.o
 .debug_aranges
                0x00000148       0x20 ./Core/Src/gpdma.o
 .debug_aranges
                0x00000168       0x20 ./Core/Src/gpio.o
 .debug_aranges
                0x00000188       0x20 ./Core/Src/icache.o
 .debug_aranges
                0x000001a8       0x30 ./Core/Src/main.o
 .debug_aranges
                0x000001d8       0x38 ./Core/Src/mainCycle.o
 .debug_aranges
                0x00000210       0xf8 ./Core/Src/refCtrl.o
 .debug_aranges
                0x00000308       0x30 ./Core/Src/spi.o
 .debug_aranges
                0x00000338       0x20 ./Core/Src/stm32u5xx_hal_msp.o
 .debug_aranges
                0x00000358       0x80 ./Core/Src/stm32u5xx_it.o
 .debug_aranges
                0x000003d8       0x28 ./Core/Src/system_stm32u5xx.o
 .debug_aranges
                0x00000400       0x30 ./Core/Src/tim.o
 .debug_aranges
                0x00000430       0x28 ./Core/Startup/startup_stm32u575vitx.o
 .debug_aranges
                0x00000458      0x148 ./Drivers/STM32U5xx_HAL_Driver/Src/stm32u5xx_hal.o
 .debug_aranges
                0x000005a0      0x270 ./Drivers/STM32U5xx_HAL_Driver/Src/stm32u5xx_hal_adc.o
 .debug_aranges
                0x00000810      0x178 ./Drivers/STM32U5xx_HAL_Driver/Src/stm32u5xx_hal_adc_ex.o
 .debug_aranges
                0x00000988      0x140 ./Drivers/STM32U5xx_HAL_Driver/Src/stm32u5xx_hal_cortex.o
 .debug_aranges
                0x00000ac8       0xa0 ./Drivers/STM32U5xx_HAL_Driver/Src/stm32u5xx_hal_dma.o
 .debug_aranges
                0x00000b68      0x1a0 ./Drivers/STM32U5xx_HAL_Driver/Src/stm32u5xx_hal_dma_ex.o
 .debug_aranges
                0x00000d08       0x78 ./Drivers/STM32U5xx_HAL_Driver/Src/stm32u5xx_hal_gpio.o
 .debug_aranges
                0x00000d80       0xa8 ./Drivers/STM32U5xx_HAL_Driver/Src/stm32u5xx_hal_icache.o
 .debug_aranges
                0x00000e28      0x200 ./Drivers/STM32U5xx_HAL_Driver/Src/stm32u5xx_hal_pwr_ex.o
 .debug_aranges
                0x00001028       0xa8 ./Drivers/STM32U5xx_HAL_Driver/Src/stm32u5xx_hal_rcc.o
 .debug_aranges
                0x000010d0      0x160 ./Drivers/STM32U5xx_HAL_Driver/Src/stm32u5xx_hal_rcc_ex.o
 .debug_aranges
                0x00001230      0x1a8 ./Drivers/STM32U5xx_HAL_Driver/Src/stm32u5xx_hal_spi.o
 .debug_aranges
                0x000013d8       0x48 ./Drivers/STM32U5xx_HAL_Driver/Src/stm32u5xx_hal_spi_ex.o
 .debug_aranges
                0x00001420      0x3e8 ./Drivers/STM32U5xx_HAL_Driver/Src/stm32u5xx_hal_tim.o
 .debug_aranges
                0x00001808      0x250 ./Drivers/STM32U5xx_HAL_Driver/Src/stm32u5xx_hal_tim_ex.o

.debug_rnglists
                0x00000000     0x1431
 .debug_rnglists
                0x00000000       0x92 ./Core/Src/ADF4351.o
 .debug_rnglists
                0x00000092       0x21 ./Core/Src/adc.o
 .debug_rnglists
                0x000000b3       0x3d ./Core/Src/cycleSync.o
 .debug_rnglists
                0x000000f0       0x13 ./Core/Src/gpdma.o
 .debug_rnglists
                0x00000103       0x14 ./Core/Src/gpio.o
 .debug_rnglists
                0x00000117       0x13 ./Core/Src/icache.o
 .debug_rnglists
                0x0000012a       0x20 ./Core/Src/main.o
 .debug_rnglists
                0x0000014a       0x25 ./Core/Src/mainCycle.o
 .debug_rnglists
                0x0000016f       0xba ./Core/Src/refCtrl.o
 .debug_rnglists
                0x00000229       0x21 ./Core/Src/spi.o
 .debug_rnglists
                0x0000024a       0x13 ./Core/Src/stm32u5xx_hal_msp.o
 .debug_rnglists
                0x0000025d       0x5b ./Core/Src/stm32u5xx_it.o
 .debug_rnglists
                0x000002b8       0x1a ./Core/Src/system_stm32u5xx.o
 .debug_rnglists
                0x000002d2       0x1f ./Core/Src/tim.o
 .debug_rnglists
                0x000002f1       0x19 ./Core/Startup/startup_stm32u575vitx.o
 .debug_rnglists
                0x0000030a       0xf3 ./Drivers/STM32U5xx_HAL_Driver/Src/stm32u5xx_hal.o
 .debug_rnglists
                0x000003fd      0x1e2 ./Drivers/STM32U5xx_HAL_Driver/Src/stm32u5xx_hal_adc.o
 .debug_rnglists
                0x000005df      0x124 ./Drivers/STM32U5xx_HAL_Driver/Src/stm32u5xx_hal_adc_ex.o
 .debug_rnglists
                0x00000703       0xec ./Drivers/STM32U5xx_HAL_Driver/Src/stm32u5xx_hal_cortex.o
 .debug_rnglists
                0x000007ef       0x7e ./Drivers/STM32U5xx_HAL_Driver/Src/stm32u5xx_hal_dma.o
 .debug_rnglists
                0x0000086d      0x155 ./Drivers/STM32U5xx_HAL_Driver/Src/stm32u5xx_hal_dma_ex.o
 .debug_rnglists
                0x000009c2       0x5a ./Drivers/STM32U5xx_HAL_Driver/Src/stm32u5xx_hal_gpio.o
 .debug_rnglists
                0x00000a1c       0x7a ./Drivers/STM32U5xx_HAL_Driver/Src/stm32u5xx_hal_icache.o
 .debug_rnglists
                0x00000a96      0x186 ./Drivers/STM32U5xx_HAL_Driver/Src/stm32u5xx_hal_pwr_ex.o
 .debug_rnglists
                0x00000c1c       0x7f ./Drivers/STM32U5xx_HAL_Driver/Src/stm32u5xx_hal_rcc.o
 .debug_rnglists
                0x00000c9b      0x113 ./Drivers/STM32U5xx_HAL_Driver/Src/stm32u5xx_hal_rcc_ex.o
 .debug_rnglists
                0x00000dae      0x148 ./Drivers/STM32U5xx_HAL_Driver/Src/stm32u5xx_hal_spi.o
 .debug_rnglists
                0x00000ef6       0x35 ./Drivers/STM32U5xx_HAL_Driver/Src/stm32u5xx_hal_spi_ex.o
 .debug_rnglists
                0x00000f2b      0x32e ./Drivers/STM32U5xx_HAL_Driver/Src/stm32u5xx_hal_tim.o
 .debug_rnglists
                0x00001259      0x1d8 ./Drivers/STM32U5xx_HAL_Driver/Src/stm32u5xx_hal_tim_ex.o

.debug_macro    0x00000000    0x377aa
 .debug_macro   0x00000000      0x42b ./Core/Src/ADF4351.o
 .debug_macro   0x0000042b      0xade ./Core/Src/ADF4351.o
 .debug_macro   0x00000f09       0x22 ./Core/Src/ADF4351.o
 .debug_macro   0x00000f2b       0x5b ./Core/Src/ADF4351.o
 .debug_macro   0x00000f86       0x2a ./Core/Src/ADF4351.o
 .debug_macro   0x00000fb0       0x94 ./Core/Src/ADF4351.o
 .debug_macro   0x00001044       0x43 ./Core/Src/ADF4351.o
 .debug_macro   0x00001087       0x34 ./Core/Src/ADF4351.o
 .debug_macro   0x000010bb      0x190 ./Core/Src/ADF4351.o
 .debug_macro   0x0000124b       0x57 ./Core/Src/ADF4351.o
 .debug_macro   0x000012a2      0x370 ./Core/Src/ADF4351.o
 .debug_macro   0x00001612       0x16 ./Core/Src/ADF4351.o
 .debug_macro   0x00001628       0x4a ./Core/Src/ADF4351.o
 .debug_macro   0x00001672       0x34 ./Core/Src/ADF4351.o
 .debug_macro   0x000016a6       0x10 ./Core/Src/ADF4351.o
 .debug_macro   0x000016b6       0x58 ./Core/Src/ADF4351.o
 .debug_macro   0x0000170e       0x8e ./Core/Src/ADF4351.o
 .debug_macro   0x0000179c       0x1c ./Core/Src/ADF4351.o
 .debug_macro   0x000017b8      0x185 ./Core/Src/ADF4351.o
 .debug_macro   0x0000193d      0x19b ./Core/Src/ADF4351.o
 .debug_macro   0x00001ad8       0x16 ./Core/Src/ADF4351.o
 .debug_macro   0x00001aee       0x3c ./Core/Src/ADF4351.o
 .debug_macro   0x00001b2a       0x20 ./Core/Src/ADF4351.o
 .debug_macro   0x00001b4a      0x207 ./Core/Src/ADF4351.o
 .debug_macro   0x00001d51       0x2e ./Core/Src/ADF4351.o
 .debug_macro   0x00001d7f       0x42 ./Core/Src/ADF4351.o
 .debug_macro   0x00001dc1      0x103 ./Core/Src/ADF4351.o
 .debug_macro   0x00001ec4       0x6a ./Core/Src/ADF4351.o
 .debug_macro   0x00001f2e      0x1df ./Core/Src/ADF4351.o
 .debug_macro   0x0000210d       0x1c ./Core/Src/ADF4351.o
 .debug_macro   0x00002129       0x29 ./Core/Src/ADF4351.o
 .debug_macro   0x00002152       0xfb ./Core/Src/ADF4351.o
 .debug_macro   0x0000224d     0x1685 ./Core/Src/ADF4351.o
 .debug_macro   0x000038d2       0x5e ./Core/Src/ADF4351.o
 .debug_macro   0x00003930    0x2279e ./Core/Src/ADF4351.o
 .debug_macro   0x000260ce       0x6d ./Core/Src/ADF4351.o
 .debug_macro   0x0002613b     0x393e ./Core/Src/ADF4351.o
 .debug_macro   0x00029a79       0x5d ./Core/Src/ADF4351.o
 .debug_macro   0x00029ad6     0x1ae5 ./Core/Src/ADF4351.o
 .debug_macro   0x0002b5bb      0x7dc ./Core/Src/ADF4351.o
 .debug_macro   0x0002bd97      0x166 ./Core/Src/ADF4351.o
 .debug_macro   0x0002befd      0x2aa ./Core/Src/ADF4351.o
 .debug_macro   0x0002c1a7       0xc9 ./Core/Src/ADF4351.o
 .debug_macro   0x0002c270      0x5a5 ./Core/Src/ADF4351.o
 .debug_macro   0x0002c815      0x439 ./Core/Src/ADF4351.o
 .debug_macro   0x0002cc4e       0xd6 ./Core/Src/ADF4351.o
 .debug_macro   0x0002cd24      0x1cd ./Core/Src/ADF4351.o
 .debug_macro   0x0002cef1     0x1415 ./Core/Src/ADF4351.o
 .debug_macro   0x0002e306      0x950 ./Core/Src/ADF4351.o
 .debug_macro   0x0002ec56      0x2cd ./Core/Src/ADF4351.o
 .debug_macro   0x0002ef23      0x432 ./Core/Src/ADF4351.o
 .debug_macro   0x0002f355       0x95 ./Core/Src/ADF4351.o
 .debug_macro   0x0002f3ea      0x11c ./Core/Src/ADF4351.o
 .debug_macro   0x0002f506      0x525 ./Core/Src/ADF4351.o
 .debug_macro   0x0002fa2b      0x4bf ./Core/Src/ADF4351.o
 .debug_macro   0x0002feea      0x5cf ./Core/Src/ADF4351.o
 .debug_macro   0x000304b9       0xee ./Core/Src/ADF4351.o
 .debug_macro   0x000305a7       0xeb ./Core/Src/ADF4351.o
 .debug_macro   0x00030692      0xbcc ./Core/Src/ADF4351.o
 .debug_macro   0x0003125e      0x4ea ./Core/Src/ADF4351.o
 .debug_macro   0x00031748      0x1c0 ./Core/Src/ADF4351.o
 .debug_macro   0x00031908      0x361 ./Core/Src/ADF4351.o
 .debug_macro   0x00031c69       0x94 ./Core/Src/ADF4351.o
 .debug_macro   0x00031cfd      0x274 ./Core/Src/ADF4351.o
 .debug_macro   0x00031f71      0x335 ./Core/Src/adc.o
 .debug_macro   0x000322a6       0x8e ./Core/Src/adc.o
 .debug_macro   0x00032334       0x51 ./Core/Src/adc.o
 .debug_macro   0x00032385       0x61 ./Core/Src/adc.o
 .debug_macro   0x000323e6       0x58 ./Core/Src/adc.o
 .debug_macro   0x0003243e      0x27a ./Core/Src/adc.o
 .debug_macro   0x000326b8       0x70 ./Core/Src/adc.o
 .debug_macro   0x00032728      0x2f9 ./Core/Src/cycleSync.o
 .debug_macro   0x00032a21      0x33b ./Core/Src/gpdma.o
 .debug_macro   0x00032d5c      0x33b ./Core/Src/gpio.o
 .debug_macro   0x00033097      0x33b ./Core/Src/icache.o
 .debug_macro   0x000333d2      0x36b ./Core/Src/main.o
 .debug_macro   0x0003373d      0x32b ./Core/Src/mainCycle.o
 .debug_macro   0x00033a68      0x341 ./Core/Src/refCtrl.o
 .debug_macro   0x00033da9      0x33b ./Core/Src/spi.o
 .debug_macro   0x000340e4      0x331 ./Core/Src/stm32u5xx_hal_msp.o
 .debug_macro   0x00034415      0x33b ./Core/Src/stm32u5xx_it.o
 .debug_macro   0x00034750      0x2a6 ./Core/Src/system_stm32u5xx.o
 .debug_macro   0x000349f6      0x335 ./Core/Src/tim.o
 .debug_macro   0x00034d2b      0x2c3 ./Drivers/STM32U5xx_HAL_Driver/Src/stm32u5xx_hal.o
 .debug_macro   0x00034fee      0x2c3 ./Drivers/STM32U5xx_HAL_Driver/Src/stm32u5xx_hal_adc.o
 .debug_macro   0x000352b1      0x2ab ./Drivers/STM32U5xx_HAL_Driver/Src/stm32u5xx_hal_adc_ex.o
 .debug_macro   0x0003555c      0x29f ./Drivers/STM32U5xx_HAL_Driver/Src/stm32u5xx_hal_cortex.o
 .debug_macro   0x000357fb      0x2a0 ./Drivers/STM32U5xx_HAL_Driver/Src/stm32u5xx_hal_dma.o
 .debug_macro   0x00035a9b      0x2a0 ./Drivers/STM32U5xx_HAL_Driver/Src/stm32u5xx_hal_dma_ex.o
 .debug_macro   0x00035d3b      0x2d4 ./Drivers/STM32U5xx_HAL_Driver/Src/stm32u5xx_hal_gpio.o
 .debug_macro   0x0003600f      0x2d1 ./Drivers/STM32U5xx_HAL_Driver/Src/stm32u5xx_hal_icache.o
 .debug_macro   0x000362e0      0x2ca ./Drivers/STM32U5xx_HAL_Driver/Src/stm32u5xx_hal_pwr_ex.o
 .debug_macro   0x000365aa      0x3a5 ./Drivers/STM32U5xx_HAL_Driver/Src/stm32u5xx_hal_rcc.o
 .debug_macro   0x0003694f      0x3c9 ./Drivers/STM32U5xx_HAL_Driver/Src/stm32u5xx_hal_rcc_ex.o
 .debug_macro   0x00036d18      0x2a7 ./Drivers/STM32U5xx_HAL_Driver/Src/stm32u5xx_hal_spi.o
 .debug_macro   0x00036fbf      0x29f ./Drivers/STM32U5xx_HAL_Driver/Src/stm32u5xx_hal_spi_ex.o
 .debug_macro   0x0003725e      0x2a7 ./Drivers/STM32U5xx_HAL_Driver/Src/stm32u5xx_hal_tim.o
 .debug_macro   0x00037505      0x2a5 ./Drivers/STM32U5xx_HAL_Driver/Src/stm32u5xx_hal_tim_ex.o

.debug_line     0x00000000    0x22c98
 .debug_line    0x00000000      0xca0 ./Core/Src/ADF4351.o
 .debug_line    0x00000ca0      0xa5c ./Core/Src/adc.o
 .debug_line    0x000016fc      0x9e2 ./Core/Src/cycleSync.o
 .debug_line    0x000020de      0x965 ./Core/Src/gpdma.o
 .debug_line    0x00002a43      0x9c0 ./Core/Src/gpio.o
 .debug_line    0x00003403      0x97a ./Core/Src/icache.o
 .debug_line    0x00003d7d      0xa2a ./Core/Src/main.o
 .debug_line    0x000047a7      0x9b4 ./Core/Src/mainCycle.o
 .debug_line    0x0000515b      0xeb2 ./Core/Src/refCtrl.o
 .debug_line    0x0000600d      0xa37 ./Core/Src/spi.o
 .debug_line    0x00006a44      0x961 ./Core/Src/stm32u5xx_hal_msp.o
 .debug_line    0x000073a5      0xa70 ./Core/Src/stm32u5xx_it.o
 .debug_line    0x00007e15      0x9dd ./Core/Src/system_stm32u5xx.o
 .debug_line    0x000087f2      0x9bb ./Core/Src/tim.o
 .debug_line    0x000091ad       0x79 ./Core/Startup/startup_stm32u575vitx.o
 .debug_line    0x00009226      0xd7c ./Drivers/STM32U5xx_HAL_Driver/Src/stm32u5xx_hal.o
 .debug_line    0x00009fa2     0x284b ./Drivers/STM32U5xx_HAL_Driver/Src/stm32u5xx_hal_adc.o
 .debug_line    0x0000c7ed     0x18c2 ./Drivers/STM32U5xx_HAL_Driver/Src/stm32u5xx_hal_adc_ex.o
 .debug_line    0x0000e0af      0xf2c ./Drivers/STM32U5xx_HAL_Driver/Src/stm32u5xx_hal_cortex.o
 .debug_line    0x0000efdb     0x135e ./Drivers/STM32U5xx_HAL_Driver/Src/stm32u5xx_hal_dma.o
 .debug_line    0x00010339     0x27e5 ./Drivers/STM32U5xx_HAL_Driver/Src/stm32u5xx_hal_dma_ex.o
 .debug_line    0x00012b1e      0xe7b ./Drivers/STM32U5xx_HAL_Driver/Src/stm32u5xx_hal_gpio.o
 .debug_line    0x00013999      0xbcf ./Drivers/STM32U5xx_HAL_Driver/Src/stm32u5xx_hal_icache.o
 .debug_line    0x00014568     0x1257 ./Drivers/STM32U5xx_HAL_Driver/Src/stm32u5xx_hal_pwr_ex.o
 .debug_line    0x000157bf     0x176a ./Drivers/STM32U5xx_HAL_Driver/Src/stm32u5xx_hal_rcc.o
 .debug_line    0x00016f29     0x2391 ./Drivers/STM32U5xx_HAL_Driver/Src/stm32u5xx_hal_rcc_ex.o
 .debug_line    0x000192ba     0x25bb ./Drivers/STM32U5xx_HAL_Driver/Src/stm32u5xx_hal_spi.o
 .debug_line    0x0001b875      0xabc ./Drivers/STM32U5xx_HAL_Driver/Src/stm32u5xx_hal_spi_ex.o
 .debug_line    0x0001c331     0x4636 ./Drivers/STM32U5xx_HAL_Driver/Src/stm32u5xx_hal_tim.o
 .debug_line    0x00020967     0x2331 ./Drivers/STM32U5xx_HAL_Driver/Src/stm32u5xx_hal_tim_ex.o

.debug_str      0x00000000   0x15bfb2
 .debug_str     0x00000000   0x15bfb2 ./Core/Src/ADF4351.o
                             0x1511e2 (size before relaxing)
 .debug_str     0x0015bfb2   0x15222a ./Core/Src/adc.o
 .debug_str     0x0015bfb2   0x1500c4 ./Core/Src/cycleSync.o
 .debug_str     0x0015bfb2   0x1515c5 ./Core/Src/gpdma.o
 .debug_str     0x0015bfb2   0x150f61 ./Core/Src/gpio.o
 .debug_str     0x0015bfb2   0x150cd5 ./Core/Src/icache.o
 .debug_str     0x0015bfb2   0x150f3c ./Core/Src/main.o
 .debug_str     0x0015bfb2   0x151793 ./Core/Src/mainCycle.o
 .debug_str     0x0015bfb2   0x1519b7 ./Core/Src/refCtrl.o
 .debug_str     0x0015bfb2   0x15214f ./Core/Src/spi.o
 .debug_str     0x0015bfb2   0x150ea5 ./Core/Src/stm32u5xx_hal_msp.o
 .debug_str     0x0015bfb2   0x151b08 ./Core/Src/stm32u5xx_it.o
 .debug_str     0x0015bfb2   0x14ff8e ./Core/Src/system_stm32u5xx.o
 .debug_str     0x0015bfb2   0x151d94 ./Core/Src/tim.o
 .debug_str     0x0015bfb2       0x7b ./Core/Startup/startup_stm32u575vitx.o
 .debug_str     0x0015bfb2   0x150df3 ./Drivers/STM32U5xx_HAL_Driver/Src/stm32u5xx_hal.o
 .debug_str     0x0015bfb2   0x151289 ./Drivers/STM32U5xx_HAL_Driver/Src/stm32u5xx_hal_adc.o
 .debug_str     0x0015bfb2   0x150de0 ./Drivers/STM32U5xx_HAL_Driver/Src/stm32u5xx_hal_adc_ex.o
 .debug_str     0x0015bfb2   0x150bd3 ./Drivers/STM32U5xx_HAL_Driver/Src/stm32u5xx_hal_cortex.o
 .debug_str     0x0015bfb2   0x150312 ./Drivers/STM32U5xx_HAL_Driver/Src/stm32u5xx_hal_dma.o
 .debug_str     0x0015bfb2   0x15097e ./Drivers/STM32U5xx_HAL_Driver/Src/stm32u5xx_hal_dma_ex.o
 .debug_str     0x0015bfb2   0x14ffb3 ./Drivers/STM32U5xx_HAL_Driver/Src/stm32u5xx_hal_gpio.o
 .debug_str     0x0015bfb2   0x1502b0 ./Drivers/STM32U5xx_HAL_Driver/Src/stm32u5xx_hal_icache.o
 .debug_str     0x0015bfb2   0x1506ce ./Drivers/STM32U5xx_HAL_Driver/Src/stm32u5xx_hal_pwr_ex.o
 .debug_str     0x0015bfb2   0x151683 ./Drivers/STM32U5xx_HAL_Driver/Src/stm32u5xx_hal_rcc.o
 .debug_str     0x0015bfb2   0x1528e6 ./Drivers/STM32U5xx_HAL_Driver/Src/stm32u5xx_hal_rcc_ex.o
 .debug_str     0x0015bfb2   0x150882 ./Drivers/STM32U5xx_HAL_Driver/Src/stm32u5xx_hal_spi.o
 .debug_str     0x0015bfb2   0x1503f2 ./Drivers/STM32U5xx_HAL_Driver/Src/stm32u5xx_hal_spi_ex.o
 .debug_str     0x0015bfb2   0x1513d1 ./Drivers/STM32U5xx_HAL_Driver/Src/stm32u5xx_hal_tim.o
 .debug_str     0x0015bfb2   0x151249 ./Drivers/STM32U5xx_HAL_Driver/Src/stm32u5xx_hal_tim_ex.o

.comment        0x00000000       0x43
 .comment       0x00000000       0x43 ./Core/Src/ADF4351.o
                                 0x44 (size before relaxing)
 .comment       0x00000043       0x44 ./Core/Src/adc.o
 .comment       0x00000043       0x44 ./Core/Src/cycleSync.o
 .comment       0x00000043       0x44 ./Core/Src/gpdma.o
 .comment       0x00000043       0x44 ./Core/Src/gpio.o
 .comment       0x00000043       0x44 ./Core/Src/icache.o
 .comment       0x00000043       0x44 ./Core/Src/main.o
 .comment       0x00000043       0x44 ./Core/Src/mainCycle.o
 .comment       0x00000043       0x44 ./Core/Src/refCtrl.o
 .comment       0x00000043       0x44 ./Core/Src/spi.o
 .comment       0x00000043       0x44 ./Core/Src/stm32u5xx_hal_msp.o
 .comment       0x00000043       0x44 ./Core/Src/stm32u5xx_it.o
 .comment       0x00000043       0x44 ./Core/Src/system_stm32u5xx.o
 .comment       0x00000043       0x44 ./Core/Src/tim.o
 .comment       0x00000043       0x44 ./Drivers/STM32U5xx_HAL_Driver/Src/stm32u5xx_hal.o
 .comment       0x00000043       0x44 ./Drivers/STM32U5xx_HAL_Driver/Src/stm32u5xx_hal_adc.o
 .comment       0x00000043       0x44 ./Drivers/STM32U5xx_HAL_Driver/Src/stm32u5xx_hal_adc_ex.o
 .comment       0x00000043       0x44 ./Drivers/STM32U5xx_HAL_Driver/Src/stm32u5xx_hal_cortex.o
 .comment       0x00000043       0x44 ./Drivers/STM32U5xx_HAL_Driver/Src/stm32u5xx_hal_dma.o
 .comment       0x00000043       0x44 ./Drivers/STM32U5xx_HAL_Driver/Src/stm32u5xx_hal_dma_ex.o
 .comment       0x00000043       0x44 ./Drivers/STM32U5xx_HAL_Driver/Src/stm32u5xx_hal_gpio.o
 .comment       0x00000043       0x44 ./Drivers/STM32U5xx_HAL_Driver/Src/stm32u5xx_hal_icache.o
 .comment       0x00000043       0x44 ./Drivers/STM32U5xx_HAL_Driver/Src/stm32u5xx_hal_pwr_ex.o
 .comment       0x00000043       0x44 ./Drivers/STM32U5xx_HAL_Driver/Src/stm32u5xx_hal_rcc.o
 .comment       0x00000043       0x44 ./Drivers/STM32U5xx_HAL_Driver/Src/stm32u5xx_hal_rcc_ex.o
 .comment       0x00000043       0x44 ./Drivers/STM32U5xx_HAL_Driver/Src/stm32u5xx_hal_spi.o
 .comment       0x00000043       0x44 ./Drivers/STM32U5xx_HAL_Driver/Src/stm32u5xx_hal_spi_ex.o
 .comment       0x00000043       0x44 ./Drivers/STM32U5xx_HAL_Driver/Src/stm32u5xx_hal_tim.o
 .comment       0x00000043       0x44 ./Drivers/STM32U5xx_HAL_Driver/Src/stm32u5xx_hal_tim_ex.o

.debug_frame    0x00000000     0x6f1c
 .debug_frame   0x00000000      0x31c ./Core/Src/ADF4351.o
 .debug_frame   0x0000031c       0x80 ./Core/Src/adc.o
 .debug_frame   0x0000039c       0xf8 ./Core/Src/cycleSync.o
 .debug_frame   0x00000494       0x34 ./Core/Src/gpdma.o
 .debug_frame   0x000004c8       0x34 ./Core/Src/gpio.o
 .debug_frame   0x000004fc       0x2c ./Core/Src/icache.o
 .debug_frame   0x00000528       0x6c ./Core/Src/main.o
 .debug_frame   0x00000594       0x98 ./Core/Src/mainCycle.o
 .debug_frame   0x0000062c      0x400 ./Core/Src/refCtrl.o
 .debug_frame   0x00000a2c       0x80 ./Core/Src/spi.o
 .debug_frame   0x00000aac       0x34 ./Core/Src/stm32u5xx_hal_msp.o
 .debug_frame   0x00000ae0      0x174 ./Core/Src/stm32u5xx_it.o
 .debug_frame   0x00000c54       0x58 ./Core/Src/system_stm32u5xx.o
 .debug_frame   0x00000cac       0x7c ./Core/Src/tim.o
 .debug_frame   0x00000d28      0x500 ./Drivers/STM32U5xx_HAL_Driver/Src/stm32u5xx_hal.o
 .debug_frame   0x00001228      0xb94 ./Drivers/STM32U5xx_HAL_Driver/Src/stm32u5xx_hal_adc.o
 .debug_frame   0x00001dbc      0x6b8 ./Drivers/STM32U5xx_HAL_Driver/Src/stm32u5xx_hal_adc_ex.o
 .debug_frame   0x00002474      0x560 ./Drivers/STM32U5xx_HAL_Driver/Src/stm32u5xx_hal_cortex.o
 .debug_frame   0x000029d4      0x2a0 ./Drivers/STM32U5xx_HAL_Driver/Src/stm32u5xx_hal_dma.o
 .debug_frame   0x00002c74      0x754 ./Drivers/STM32U5xx_HAL_Driver/Src/stm32u5xx_hal_dma_ex.o
 .debug_frame   0x000033c8      0x1ec ./Drivers/STM32U5xx_HAL_Driver/Src/stm32u5xx_hal_gpio.o
 .debug_frame   0x000035b4      0x298 ./Drivers/STM32U5xx_HAL_Driver/Src/stm32u5xx_hal_icache.o
 .debug_frame   0x0000384c      0x84c ./Drivers/STM32U5xx_HAL_Driver/Src/stm32u5xx_hal_pwr_ex.o
 .debug_frame   0x00004098      0x288 ./Drivers/STM32U5xx_HAL_Driver/Src/stm32u5xx_hal_rcc.o
 .debug_frame   0x00004320      0x5f0 ./Drivers/STM32U5xx_HAL_Driver/Src/stm32u5xx_hal_rcc_ex.o
 .debug_frame   0x00004910      0x7ac ./Drivers/STM32U5xx_HAL_Driver/Src/stm32u5xx_hal_spi.o
 .debug_frame   0x000050bc      0x100 ./Drivers/STM32U5xx_HAL_Driver/Src/stm32u5xx_hal_spi_ex.o
 .debug_frame   0x000051bc     0x125c ./Drivers/STM32U5xx_HAL_Driver/Src/stm32u5xx_hal_tim.o
 .debug_frame   0x00006418      0xab8 ./Drivers/STM32U5xx_HAL_Driver/Src/stm32u5xx_hal_tim_ex.o
 .debug_frame   0x00006ed0       0x20 C:/ST/STM32CubeIDE_1.18.1/STM32CubeIDE/plugins/com.st.stm32cube.ide.mcu.externaltools.gnu-tools-for-stm32.13.3.rel1.win32_1.0.0.202411081344/tools/bin/../lib/gcc/arm-none-eabi/13.3.1/../../../../arm-none-eabi/lib/thumb/v8-m.main+fp/hard\libc_nano.a(libc_a-memset.o)
 .debug_frame   0x00006ef0       0x2c C:/ST/STM32CubeIDE_1.18.1/STM32CubeIDE/plugins/com.st.stm32cube.ide.mcu.externaltools.gnu-tools-for-stm32.13.3.rel1.win32_1.0.0.202411081344/tools/bin/../lib/gcc/arm-none-eabi/13.3.1/../../../../arm-none-eabi/lib/thumb/v8-m.main+fp/hard\libc_nano.a(libc_a-init.o)

.debug_line_str
                0x00000000       0x5f
 .debug_line_str
                0x00000000       0x5f ./Core/Startup/startup_stm32u575vitx.o
