../Core/Src/ADF4351.c:61:6:ADF4351_setDATA	0	static
../Core/Src/ADF4351.c:65:6:ADF4351_setCLK	0	static
../Core/Src/ADF4351.c:70:6:ADF4351_setLE	0	static
../Core/Src/ADF4351.c:74:6:ADF4351_addSubReg	0	static
../Core/Src/ADF4351.c:79:6:ADF4351_initPorts	56	static
../Core/Src/ADF4351.c:118:6:ADF4351_sendData	16	static,ignoring_inline_asm
../Core/Src/ADF4351.c:140:6:ADF4351_calcBandSelClkDivMax	8	static
../Core/Src/ADF4351.c:145:6:ADF4351_setRegister0	0	static
../Core/Src/ADF4351.c:154:6:ADF4351_setRegister1	0	static
../Core/Src/ADF4351.c:167:6:ADF4351_setRegister2	32	static
../Core/Src/ADF4351.c:199:6:ADF4351_setRegister3	8	static
../Core/Src/ADF4351.c:216:6:ADF4351_setRegister4	20	static
../Core/Src/ADF4351.c:242:6:ADF4351_setRegister5	0	static
../Core/Src/ADF4351.c:251:6:ADF4351_enable	0	static
../Core/Src/ADF4351.c:111:6:ADF4351_init	8	static
../Core/Src/ADF4351.c:255:6:ADF4351_disable	0	static
../Core/Src/ADF4351.c:290:7:ADF4351_VCO_freq	0	static
../Core/Src/ADF4351.c:259:6:ADF4351_settings	88	static
../Core/Src/ADF4351.c:295:7:ADF4351_VCO_BS_freq	0	static
../Core/Src/ADF4351.c:299:7:isLockDetect	0	static
