../Core/Src/ADF4351.c:58:6:ADF4351_setDATA	0	static
../Core/Src/ADF4351.c:62:6:ADF4351_setCLK	0	static
../Core/Src/ADF4351.c:67:6:ADF4351_setLE	0	static
../Core/Src/ADF4351.c:71:6:ADF4351_addSubReg	0	static
../Core/Src/ADF4351.c:76:6:ADF4351_initPorts	48	static
../Core/Src/ADF4351.c:114:6:ADF4351_init	8	static
../Core/Src/ADF4351.c:119:6:ADF4351_sendData	16	static,ignoring_inline_asm
../Core/Src/ADF4351.c:137:6:ADF4351_setRegister0	0	static
../Core/Src/ADF4351.c:146:6:ADF4351_setRegister1	0	static
../Core/Src/ADF4351.c:159:6:ADF4351_setRegister2	32	static
../Core/Src/ADF4351.c:191:6:ADF4351_setRegister3	8	static
../Core/Src/ADF4351.c:208:6:ADF4351_setRegister4	20	static
../Core/Src/ADF4351.c:234:6:ADF4351_setRegister5	0	static
../Core/Src/ADF4351.c:243:6:ADF4351_enable	0	static
../Core/Src/ADF4351.c:247:6:ADF4351_disable	0	static
../Core/Src/ADF4351.c:278:7:ADF4351_VCO_freq	0	static
../Core/Src/ADF4351.c:251:6:ADF4351_settings	88	static
../Core/Src/ADF4351.c:283:7:isLockDetect	0	static
