../Core/Src/mainCycle.c:19:6:HAL_TIM_PeriodElapsedCallback	0	static
../Core/Src/mainCycle.c:28:6:HAL_UART_RxCpltCallback	0	static
../Core/Src/mainCycle.c:38:6:HAL_GPIO_EXTI_Rising_Callback	0	static
../Core/Src/mainCycle.c:46:6:main_IF_transmit	24	static
../Core/Src/mainCycle.c:54:6:main_IF_receive_start	0	static
../Core/Src/mainCycle.c:60:6:main_IF_cmd_test	0	static
../Core/Src/mainCycle.c:64:6:main_IF_cmd_test_value	16	static
../Core/Src/mainCycle.c:68:6:main_IF_cmd_test_send_32	0	static
../Core/Src/mainCycle.c:71:6:main_IF_cmd_test_send_1024	0	static
../Core/Src/mainCycle.c:74:6:main_IF_ref_send	8	static
../Core/Src/mainCycle.c:79:6:main_init	8	static
../Core/Src/mainCycle.c:84:6:main_cmdProc	0	static
../Core/Src/mainCycle.c:108:6:main_IF_cycle	8	static
../Core/Src/mainCycle.c:115:6:main_cycle	8	static
