../Core/Src/refCtrl.c:125:6:HAL_DMA_TrsvCpltCallback	0	static
../Core/Src/refCtrl.c:37:19:HAL_ADC_startDMAChannel	128	static
../Core/Src/refCtrl.c:82:6:ADC_startDMA	12	static
../Core/Src/refCtrl.c:118:6:ADC_measCpltCallback	0	static
../Core/Src/refCtrl.c:122:6:HAL_ADC_ConvCpltCallback	0	static
../Core/Src/refCtrl.c:136:6:meas_start_DMA	4	static
../Core/Src/refCtrl.c:150:6:meas_start_ADC_DMA	8	static
../Core/Src/refCtrl.c:159:6:ref_test_set1	0	static
../Core/Src/refCtrl.c:163:6:ref_test_set0	0	static
../Core/Src/refCtrl.c:167:6:ref_test_send	16	static
../Core/Src/refCtrl.c:187:6:ref_test_measNum	16	static
../Core/Src/refCtrl.c:198:6:ref_sync_settings	0	static
../Core/Src/refCtrl.c:203:6:ref_synt_settings	16	static
../Core/Src/refCtrl.c:214:6:ref_init	24	static
../Core/Src/refCtrl.c:223:6:ref_cycle	16	static
../Core/Src/refCtrl.c:260:6:ref_dataClear	8	static
../Core/Src/refCtrl.c:244:6:ref_measure	8	static
../Core/Src/refCtrl.c:265:6:ref_ADC_bitRate	0	static
../Core/Src/refCtrl.c:29:6:ADCData_toVolts	8	static
../Core/Src/refCtrl.c:283:7:ref_divider	0	static
../Core/Src/refCtrl.c:287:7:ref_synt_freq	24	static
../Core/Src/refCtrl.c:292:7:ref_synt_period	8	static
../Core/Src/refCtrl.c:296:7:ref_df	8	static
../Core/Src/refCtrl.c:300:7:ref_dt	8	static
../Core/Src/refCtrl.c:304:7:ref_df_div	8	static
../Core/Src/refCtrl.c:308:7:ref_dt_div	8	static
../Core/Src/refCtrl.c:312:10:ref_measNum	16	static
../Core/Src/refCtrl.c:316:7:ref_isMeasCompleted	0	static
../Core/Src/refCtrl.c:325:10:ref_testValue	8	static
