../Core/Src/refCtrl.c:127:6:HAL_DMA_TrsvCpltCallback	0	static
../Core/Src/refCtrl.c:39:19:HAL_ADC_startDMAChannel	128	static
../Core/Src/refCtrl.c:84:6:ADC_startDMA	12	static
../Core/Src/refCtrl.c:119:6:ADC_measCpltCallback	8	static
../Core/Src/refCtrl.c:124:6:HAL_ADC_ConvCpltCallback	0	static
../Core/Src/refCtrl.c:138:6:meas_start_DMA	4	static
../Core/Src/refCtrl.c:143:6:meas_start_ADC_DMA	8	static
../Core/Src/refCtrl.c:152:6:ref_test_set1	0	static
../Core/Src/refCtrl.c:156:6:ref_test_set0	0	static
../Core/Src/refCtrl.c:160:6:ref_test_send	16	static
../Core/Src/refCtrl.c:180:6:ref_test_measNum	16	static
../Core/Src/refCtrl.c:192:6:ref_meas_ADC	8	static
../Core/Src/refCtrl.c:206:6:ref_IT_meas_start	0	static
../Core/Src/refCtrl.c:210:6:ref_IT_meas_end	0	static
../Core/Src/refCtrl.c:214:6:ref_sync_settings	0	static
../Core/Src/refCtrl.c:219:6:ref_synt_settings	16	static
../Core/Src/refCtrl.c:230:6:ref_init	24	static
../Core/Src/refCtrl.c:239:6:ref_cycle	16	static
../Core/Src/refCtrl.c:271:6:ref_dataClear	8	static
../Core/Src/refCtrl.c:265:6:ref_measure_start	8	static
../Core/Src/refCtrl.c:276:6:ref_ADC_bitRate	0	static
../Core/Src/refCtrl.c:294:7:ref_divider	0	static
../Core/Src/refCtrl.c:298:7:ref_synt_freq	24	static
../Core/Src/refCtrl.c:303:7:ref_synt_period	8	static
../Core/Src/refCtrl.c:307:7:ref_df	8	static
../Core/Src/refCtrl.c:311:7:ref_dt	8	static
../Core/Src/refCtrl.c:315:7:ref_df_div	8	static
../Core/Src/refCtrl.c:319:7:ref_dt_div	8	static
../Core/Src/refCtrl.c:323:10:ref_measNum	16	static
../Core/Src/refCtrl.c:327:10:ref_ADC_dataSize_byte	0	static
../Core/Src/refCtrl.c:331:6:ref_ADC_data_turn_val	0	static
../Core/Src/refCtrl.c:338:7:ref_isMeasCompleted	0	static
../Core/Src/refCtrl.c:347:10:ref_testValue	0	static
