../Core/Src/ADF4351.c:61:6:ADF4351_setDATA	16	static
../Core/Src/ADF4351.c:65:6:ADF4351_setCLK	16	static
../Core/Src/ADF4351.c:69:6:ADF4351_setLE	16	static
../Core/Src/ADF4351.c:73:6:ADF4351_addSubReg	24	static
../Core/Src/ADF4351.c:78:6:ADF4351_initPorts	32	static
../Core/Src/ADF4351.c:110:6:ADF4351_init	8	static
../Core/Src/ADF4351.c:117:6:ADF4351_sendData	24	static,ignoring_inline_asm
../Core/Src/ADF4351.c:139:6:ADF4351_calcBandSelClkDivMax	24	static
../Core/Src/ADF4351.c:144:6:ADF4351_setRegister0	24	static
../Core/Src/ADF4351.c:153:6:ADF4351_setRegister1	32	static
../Core/Src/ADF4351.c:166:6:ADF4351_setRegister2	32	static
../Core/Src/ADF4351.c:198:6:ADF4351_setRegister3	32	static
../Core/Src/ADF4351.c:215:6:ADF4351_setRegister4	32	static
../Core/Src/ADF4351.c:241:6:ADF4351_setRegister5	24	static
../Core/Src/ADF4351.c:250:6:ADF4351_enable	8	static
../Core/Src/ADF4351.c:254:6:ADF4351_disable	8	static
../Core/Src/ADF4351.c:258:6:ADF4351_settings	80	static
../Core/Src/ADF4351.c:289:6:ADF4351_RF_div_val	16	static
../Core/Src/ADF4351.c:293:7:ADF4351_VCO_freq	24	static
../Core/Src/ADF4351.c:298:7:ADF4351_VCO_BS_freq	24	static
../Core/Src/ADF4351.c:302:7:isLockDetect	8	static
