../Core/Src/refCtrl.c:28:6:ADCData_toVolts	24	static
../Core/Src/refCtrl.c:36:19:HAL_ADC_startDMAChannel	144	static
../Core/Src/refCtrl.c:81:6:ADC_startDMA	32	static
../Core/Src/refCtrl.c:117:6:ADC_measCpltCallback	4	static
../Core/Src/refCtrl.c:121:6:HAL_ADC_ConvCpltCallback	16	static
../Core/Src/refCtrl.c:124:6:HAL_DMA_TrsvCpltCallback	16	static
../Core/Src/refCtrl.c:135:6:meas_start_DMA	16	static
../Core/Src/refCtrl.c:149:6:meas_start_ADC_DMA	16	static
../Core/Src/refCtrl.c:158:6:ref_test_set1	8	static
../Core/Src/refCtrl.c:162:6:ref_test_set0	8	static
../Core/Src/refCtrl.c:166:6:ref_test_send	24	static
../Core/Src/refCtrl.c:186:6:ref_test_measNum	16	static
../Core/Src/refCtrl.c:197:6:ref_sync_settings	16	static
../Core/Src/refCtrl.c:202:6:ref_synt_settings	40	static
../Core/Src/refCtrl.c:213:6:ref_init	32	static
../Core/Src/refCtrl.c:222:6:ref_cycle	8	static
../Core/Src/refCtrl.c:243:6:ref_measure	16	static
../Core/Src/refCtrl.c:259:6:ref_dataClear	8	static
../Core/Src/refCtrl.c:264:6:ref_ADC_bitRate	4	static
../Core/Src/refCtrl.c:282:7:ref_divider	4	static
../Core/Src/refCtrl.c:286:7:ref_synt_freq	32	static
../Core/Src/refCtrl.c:291:7:ref_synt_period	8	static
../Core/Src/refCtrl.c:295:7:ref_df	8	static
../Core/Src/refCtrl.c:299:7:ref_dt	8	static
../Core/Src/refCtrl.c:303:7:ref_df_div	16	static
../Core/Src/refCtrl.c:307:7:ref_dt_div	16	static
../Core/Src/refCtrl.c:311:10:ref_measNum	16	static
../Core/Src/refCtrl.c:315:6:ref_testValue	8	static
