Archive member included to satisfy reference by file (symbol)

C:/ST/STM32CubeIDE_1.18.0/STM32CubeIDE/plugins/com.st.stm32cube.ide.mcu.externaltools.gnu-tools-for-stm32.13.3.rel1.win32_1.0.0.202411081344/tools/bin/../lib/gcc/arm-none-eabi/13.3.1/../../../../arm-none-eabi/lib/thumb/v8-m.main+fp/hard\libc_nano.a(libc_a-exit.o)
                              C:/ST/STM32CubeIDE_1.18.0/STM32CubeIDE/plugins/com.st.stm32cube.ide.mcu.externaltools.gnu-tools-for-stm32.13.3.rel1.win32_1.0.0.202411081344/tools/bin/../lib/gcc/arm-none-eabi/13.3.1/../../../../arm-none-eabi/lib/thumb/v8-m.main+fp/hard/crt0.o (exit)
C:/ST/STM32CubeIDE_1.18.0/STM32CubeIDE/plugins/com.st.stm32cube.ide.mcu.externaltools.gnu-tools-for-stm32.13.3.rel1.win32_1.0.0.202411081344/tools/bin/../lib/gcc/arm-none-eabi/13.3.1/../../../../arm-none-eabi/lib/thumb/v8-m.main+fp/hard\libc_nano.a(libc_a-findfp.o)
                              C:/ST/STM32CubeIDE_1.18.0/STM32CubeIDE/plugins/com.st.stm32cube.ide.mcu.externaltools.gnu-tools-for-stm32.13.3.rel1.win32_1.0.0.202411081344/tools/bin/../lib/gcc/arm-none-eabi/13.3.1/../../../../arm-none-eabi/lib/thumb/v8-m.main+fp/hard\libc_nano.a(libc_a-exit.o) (__stdio_exit_handler)
C:/ST/STM32CubeIDE_1.18.0/STM32CubeIDE/plugins/com.st.stm32cube.ide.mcu.externaltools.gnu-tools-for-stm32.13.3.rel1.win32_1.0.0.202411081344/tools/bin/../lib/gcc/arm-none-eabi/13.3.1/../../../../arm-none-eabi/lib/thumb/v8-m.main+fp/hard\libc_nano.a(libc_a-fwalk.o)
                              C:/ST/STM32CubeIDE_1.18.0/STM32CubeIDE/plugins/com.st.stm32cube.ide.mcu.externaltools.gnu-tools-for-stm32.13.3.rel1.win32_1.0.0.202411081344/tools/bin/../lib/gcc/arm-none-eabi/13.3.1/../../../../arm-none-eabi/lib/thumb/v8-m.main+fp/hard\libc_nano.a(libc_a-findfp.o) (_fwalk_sglue)
C:/ST/STM32CubeIDE_1.18.0/STM32CubeIDE/plugins/com.st.stm32cube.ide.mcu.externaltools.gnu-tools-for-stm32.13.3.rel1.win32_1.0.0.202411081344/tools/bin/../lib/gcc/arm-none-eabi/13.3.1/../../../../arm-none-eabi/lib/thumb/v8-m.main+fp/hard\libc_nano.a(libc_a-stdio.o)
                              C:/ST/STM32CubeIDE_1.18.0/STM32CubeIDE/plugins/com.st.stm32cube.ide.mcu.externaltools.gnu-tools-for-stm32.13.3.rel1.win32_1.0.0.202411081344/tools/bin/../lib/gcc/arm-none-eabi/13.3.1/../../../../arm-none-eabi/lib/thumb/v8-m.main+fp/hard\libc_nano.a(libc_a-findfp.o) (__sread)
C:/ST/STM32CubeIDE_1.18.0/STM32CubeIDE/plugins/com.st.stm32cube.ide.mcu.externaltools.gnu-tools-for-stm32.13.3.rel1.win32_1.0.0.202411081344/tools/bin/../lib/gcc/arm-none-eabi/13.3.1/../../../../arm-none-eabi/lib/thumb/v8-m.main+fp/hard\libc_nano.a(libc_a-memset.o)
                              C:/ST/STM32CubeIDE_1.18.0/STM32CubeIDE/plugins/com.st.stm32cube.ide.mcu.externaltools.gnu-tools-for-stm32.13.3.rel1.win32_1.0.0.202411081344/tools/bin/../lib/gcc/arm-none-eabi/13.3.1/../../../../arm-none-eabi/lib/thumb/v8-m.main+fp/hard/crt0.o (memset)
C:/ST/STM32CubeIDE_1.18.0/STM32CubeIDE/plugins/com.st.stm32cube.ide.mcu.externaltools.gnu-tools-for-stm32.13.3.rel1.win32_1.0.0.202411081344/tools/bin/../lib/gcc/arm-none-eabi/13.3.1/../../../../arm-none-eabi/lib/thumb/v8-m.main+fp/hard\libc_nano.a(libc_a-closer.o)
                              C:/ST/STM32CubeIDE_1.18.0/STM32CubeIDE/plugins/com.st.stm32cube.ide.mcu.externaltools.gnu-tools-for-stm32.13.3.rel1.win32_1.0.0.202411081344/tools/bin/../lib/gcc/arm-none-eabi/13.3.1/../../../../arm-none-eabi/lib/thumb/v8-m.main+fp/hard\libc_nano.a(libc_a-stdio.o) (_close_r)
C:/ST/STM32CubeIDE_1.18.0/STM32CubeIDE/plugins/com.st.stm32cube.ide.mcu.externaltools.gnu-tools-for-stm32.13.3.rel1.win32_1.0.0.202411081344/tools/bin/../lib/gcc/arm-none-eabi/13.3.1/../../../../arm-none-eabi/lib/thumb/v8-m.main+fp/hard\libc_nano.a(libc_a-reent.o)
                              C:/ST/STM32CubeIDE_1.18.0/STM32CubeIDE/plugins/com.st.stm32cube.ide.mcu.externaltools.gnu-tools-for-stm32.13.3.rel1.win32_1.0.0.202411081344/tools/bin/../lib/gcc/arm-none-eabi/13.3.1/../../../../arm-none-eabi/lib/thumb/v8-m.main+fp/hard\libc_nano.a(libc_a-closer.o) (errno)
C:/ST/STM32CubeIDE_1.18.0/STM32CubeIDE/plugins/com.st.stm32cube.ide.mcu.externaltools.gnu-tools-for-stm32.13.3.rel1.win32_1.0.0.202411081344/tools/bin/../lib/gcc/arm-none-eabi/13.3.1/../../../../arm-none-eabi/lib/thumb/v8-m.main+fp/hard\libc_nano.a(libc_a-impure.o)
                              C:/ST/STM32CubeIDE_1.18.0/STM32CubeIDE/plugins/com.st.stm32cube.ide.mcu.externaltools.gnu-tools-for-stm32.13.3.rel1.win32_1.0.0.202411081344/tools/bin/../lib/gcc/arm-none-eabi/13.3.1/../../../../arm-none-eabi/lib/thumb/v8-m.main+fp/hard\libc_nano.a(libc_a-reent.o) (_impure_ptr)
C:/ST/STM32CubeIDE_1.18.0/STM32CubeIDE/plugins/com.st.stm32cube.ide.mcu.externaltools.gnu-tools-for-stm32.13.3.rel1.win32_1.0.0.202411081344/tools/bin/../lib/gcc/arm-none-eabi/13.3.1/../../../../arm-none-eabi/lib/thumb/v8-m.main+fp/hard\libc_nano.a(libc_a-lseekr.o)
[...]
Memory Configuration

Name             Origin             Length             Attributes
RAM              0x20000000         0x000c0000         xrw
SRAM4            0x28000000         0x00004000         xrw
FLASH            0x08000000         0x00200000         xr
*default*        0x00000000         0xffffffff

Linker script and memory map

LOAD C:/ST/STM32CubeIDE_1.18.0/STM32CubeIDE/plugins/com.st.stm32cube.ide.mcu.externaltools.gnu-tools-for-stm32.13.3.rel1.win32_1.0.0.202411081344/tools/bin/../lib/gcc/arm-none-eabi/13.3.1/thumb/v8-m.main+fp/hard/crti.o
LOAD C:/ST/STM32CubeIDE_1.18.0/STM32CubeIDE/plugins/com.st.stm32cube.ide.mcu.externaltools.gnu-tools-for-stm32.13.3.rel1.win32_1.0.0.202411081344/tools/bin/../lib/gcc/arm-none-eabi/13.3.1/thumb/v8-m.main+fp/hard/crtbegin.o
LOAD C:/ST/STM32CubeIDE_1.18.0/STM32CubeIDE/plugins/com.st.stm32cube.ide.mcu.externaltools.gnu-tools-for-stm32.13.3.rel1.win32_1.0.0.202411081344/tools/bin/../lib/gcc/arm-none-eabi/13.3.1/../../../../arm-none-eabi/lib/thumb/v8-m.main+fp/hard/crt0.o
LOAD ./AZURE_RTOS/App/app_azure_rtos.o
LOAD ./Core/Src/ADF4351.o
LOAD ./Core/Src/adc.o
LOAD ./Core/Src/app_threadx.o
LOAD ./Core/Src/comDef.o
LOAD ./Core/Src/gpio.o
LOAD ./Core/Src/main.o
LOAD ./Core/Src/memorymap.o
LOAD ./Core/Src/spi.o
LOAD ./Core/Src/stm32u5xx_hal_msp.o
LOAD ./Core/Src/stm32u5xx_hal_timebase_tim.o
LOAD ./Core/Src/stm32u5xx_it.o
LOAD ./Core/Src/syscalls.o
LOAD ./Core/Src/sysmem.o
LOAD ./Core/Src/system_stm32u5xx.o
LOAD ./Core/Src/tx_initialize_low_level.o
LOAD ./Core/Src/usb_otg.o
LOAD ./Core/Startup/startup_stm32u575vitx.o
LOAD ./Drivers/STM32U5xx_HAL_Driver/Src/stm32u5xx_hal.o
LOAD ./Drivers/STM32U5xx_HAL_Driver/Src/stm32u5xx_hal_adc.o
LOAD ./Drivers/STM32U5xx_HAL_Driver/Src/stm32u5xx_hal_adc_ex.o
LOAD ./Drivers/STM32U5xx_HAL_Driver/Src/stm32u5xx_hal_cortex.o
LOAD ./Drivers/STM32U5xx_HAL_Driver/Src/stm32u5xx_hal_dma.o
LOAD ./Drivers/STM32U5xx_HAL_Driver/Src/stm32u5xx_hal_dma_ex.o
LOAD ./Drivers/STM32U5xx_HAL_Driver/Src/stm32u5xx_hal_exti.o
LOAD ./Drivers/STM32U5xx_HAL_Driver/Src/stm32u5xx_hal_flash.o
LOAD ./Drivers/STM32U5xx_HAL_Driver/Src/stm32u5xx_hal_flash_ex.o
LOAD ./Drivers/STM32U5xx_HAL_Driver/Src/stm32u5xx_hal_gpio.o
LOAD ./Drivers/STM32U5xx_HAL_Driver/Src/stm32u5xx_hal_gtzc.o
LOAD ./Drivers/STM32U5xx_HAL_Driver/Src/stm32u5xx_hal_i2c.o
LOAD ./Drivers/STM32U5xx_HAL_Driver/Src/stm32u5xx_hal_i2c_ex.o
LOAD ./Drivers/STM32U5xx_HAL_Driver/Src/stm32u5xx_hal_icache.o
LOAD ./Drivers/STM32U5xx_HAL_Driver/Src/stm32u5xx_hal_pcd.o
LOAD ./Drivers/STM32U5xx_HAL_Driver/Src/stm32u5xx_hal_pcd_ex.o
LOAD ./Drivers/STM32U5xx_HAL_Driver/Src/stm32u5xx_hal_pwr.o
LOAD ./Drivers/STM32U5xx_HAL_Driver/Src/stm32u5xx_hal_pwr_ex.o
LOAD ./Drivers/STM32U5xx_HAL_Driver/Src/stm32u5xx_hal_rcc.o
LOAD ./Drivers/STM32U5xx_HAL_Driver/Src/stm32u5xx_hal_rcc_ex.o
LOAD ./Drivers/STM32U5xx_HAL_Driver/Src/stm32u5xx_hal_spi.o
LOAD ./Drivers/STM32U5xx_HAL_Driver/Src/stm32u5xx_hal_spi_ex.o
LOAD ./Drivers/STM32U5xx_HAL_Driver/Src/stm32u5xx_hal_tim.o
LOAD ./Drivers/STM32U5xx_HAL_Driver/Src/stm32u5xx_hal_tim_ex.o
LOAD ./Drivers/STM32U5xx_HAL_Driver/Src/stm32u5xx_ll_usb.o
LOAD ./Middlewares/ST/threadx/common/src/tx_block_allocate.o
LOAD ./Middlewares/ST/threadx/common/src/tx_block_pool_cleanup.o
LOAD ./Middlewares/ST/threadx/common/src/tx_block_pool_create.o
LOAD ./Middlewares/ST/threadx/common/src/tx_block_pool_delete.o
LOAD ./Middlewares/ST/threadx/common/src/tx_block_pool_info_get.o
LOAD ./Middlewares/ST/threadx/common/src/tx_block_pool_initialize.o
LOAD ./Middlewares/ST/threadx/common/src/tx_block_pool_prioritize.o
LOAD ./Middlewares/ST/threadx/common/src/tx_block_release.o
LOAD ./Middlewares/ST/threadx/common/src/tx_byte_allocate.o
LOAD ./Middlewares/ST/threadx/common/src/tx_byte_pool_cleanup.o
LOAD ./Middlewares/ST/threadx/common/src/tx_byte_pool_create.o
LOAD ./Middlewares/ST/threadx/common/src/tx_byte_pool_delete.o
LOAD ./Middlewares/ST/threadx/common/src/tx_byte_pool_info_get.o
LOAD ./Middlewares/ST/threadx/common/src/tx_byte_pool_initialize.o
LOAD ./Middlewares/ST/threadx/common/src/tx_byte_pool_prioritize.o
LOAD ./Middlewares/ST/threadx/common/src/tx_byte_pool_search.o
LOAD ./Middlewares/ST/threadx/common/src/tx_byte_release.o
LOAD ./Middlewares/ST/threadx/common/src/tx_event_flags_cleanup.o
LOAD ./Middlewares/ST/threadx/common/src/tx_event_flags_create.o
LOAD ./Middlewares/ST/threadx/common/src/tx_event_flags_delete.o
LOAD ./Middlewares/ST/threadx/common/src/tx_event_flags_get.o
LOAD ./Middlewares/ST/threadx/common/src/tx_event_flags_info_get.o
LOAD ./Middlewares/ST/threadx/common/src/tx_event_flags_initialize.o
LOAD ./Middlewares/ST/threadx/common/src/tx_event_flags_set.o
LOAD ./Middlewares/ST/threadx/common/src/tx_event_flags_set_notify.o
LOAD ./Middlewares/ST/threadx/common/src/tx_initialize_high_level.o
LOAD ./Middlewares/ST/threadx/common/src/tx_initialize_kernel_enter.o
LOAD ./Middlewares/ST/threadx/common/src/tx_initialize_kernel_setup.o
LOAD ./Middlewares/ST/threadx/common/src/tx_mutex_cleanup.o
LOAD ./Middlewares/ST/threadx/common/src/tx_mutex_create.o
LOAD ./Middlewares/ST/threadx/common/src/tx_mutex_delete.o
LOAD ./Middlewares/ST/threadx/common/src/tx_mutex_get.o
LOAD ./Middlewares/ST/threadx/common/src/tx_mutex_info_get.o
LOAD ./Middlewares/ST/threadx/common/src/tx_mutex_initialize.o
LOAD ./Middlewares/ST/threadx/common/src/tx_mutex_prioritize.o
LOAD ./Middlewares/ST/threadx/common/src/tx_mutex_priority_change.o
LOAD ./Middlewares/ST/threadx/common/src/tx_mutex_put.o
LOAD ./Middlewares/ST/threadx/common/src/tx_queue_cleanup.o
LOAD ./Middlewares/ST/threadx/common/src/tx_queue_create.o
LOAD ./Middlewares/ST/threadx/common/src/tx_queue_delete.o
LOAD ./Middlewares/ST/threadx/common/src/tx_queue_flush.o
LOAD ./Middlewares/ST/threadx/common/src/tx_queue_front_send.o
LOAD ./Middlewares/ST/threadx/common/src/tx_queue_info_get.o
LOAD ./Middlewares/ST/threadx/common/src/tx_queue_initialize.o
LOAD ./Middlewares/ST/threadx/common/src/tx_queue_prioritize.o
LOAD ./Middlewares/ST/threadx/common/src/tx_queue_receive.o
LOAD ./Middlewares/ST/threadx/common/src/tx_queue_send.o
LOAD ./Middlewares/ST/threadx/common/src/tx_queue_send_notify.o
LOAD ./Middlewares/ST/threadx/common/src/tx_semaphore_ceiling_put.o
LOAD ./Middlewares/ST/threadx/common/src/tx_semaphore_cleanup.o
LOAD ./Middlewares/ST/threadx/common/src/tx_semaphore_create.o
LOAD ./Middlewares/ST/threadx/common/src/tx_semaphore_delete.o
LOAD ./Middlewares/ST/threadx/common/src/tx_semaphore_get.o
LOAD ./Middlewares/ST/threadx/common/src/tx_semaphore_info_get.o
LOAD ./Middlewares/ST/threadx/common/src/tx_semaphore_initialize.o
LOAD ./Middlewares/ST/threadx/common/src/tx_semaphore_prioritize.o
LOAD ./Middlewares/ST/threadx/common/src/tx_semaphore_put.o
LOAD ./Middlewares/ST/threadx/common/src/tx_semaphore_put_notify.o
LOAD ./Middlewares/ST/threadx/common/src/tx_thread_create.o
LOAD ./Middlewares/ST/threadx/common/src/tx_thread_delete.o
LOAD ./Middlewares/ST/threadx/common/src/tx_thread_entry_exit_notify.o
LOAD ./Middlewares/ST/threadx/common/src/tx_thread_identify.o
LOAD ./Middlewares/ST/threadx/common/src/tx_thread_info_get.o
LOAD ./Middlewares/ST/threadx/common/src/tx_thread_initialize.o
LOAD ./Middlewares/ST/threadx/common/src/tx_thread_preemption_change.o
LOAD ./Middlewares/ST/threadx/common/src/tx_thread_priority_change.o
LOAD ./Middlewares/ST/threadx/common/src/tx_thread_relinquish.o
LOAD ./Middlewares/ST/threadx/common/src/tx_thread_reset.o
LOAD ./Middlewares/ST/threadx/common/src/tx_thread_resume.o
LOAD ./Middlewares/ST/threadx/common/src/tx_thread_shell_entry.o
LOAD ./Middlewares/ST/threadx/common/src/tx_thread_sleep.o
LOAD ./Middlewares/ST/threadx/common/src/tx_thread_stack_analyze.o
LOAD ./Middlewares/ST/threadx/common/src/tx_thread_stack_error_handler.o
LOAD ./Middlewares/ST/threadx/common/src/tx_thread_stack_error_notify.o
LOAD ./Middlewares/ST/threadx/common/src/tx_thread_suspend.o
LOAD ./Middlewares/ST/threadx/common/src/tx_thread_system_preempt_check.o
LOAD ./Middlewares/ST/threadx/common/src/tx_thread_system_resume.o
LOAD ./Middlewares/ST/threadx/common/src/tx_thread_system_suspend.o
LOAD ./Middlewares/ST/threadx/common/src/tx_thread_terminate.o
LOAD ./Middlewares/ST/threadx/common/src/tx_thread_time_slice.o
LOAD ./Middlewares/ST/threadx/common/src/tx_thread_time_slice_change.o
LOAD ./Middlewares/ST/threadx/common/src/tx_thread_timeout.o
LOAD ./Middlewares/ST/threadx/common/src/tx_thread_wait_abort.o
LOAD ./Middlewares/ST/threadx/common/src/tx_time_get.o
LOAD ./Middlewares/ST/threadx/common/src/tx_time_set.o
LOAD ./Middlewares/ST/threadx/common/src/tx_timer_activate.o
LOAD ./Middlewares/ST/threadx/common/src/tx_timer_change.o
LOAD ./Middlewares/ST/threadx/common/src/tx_timer_create.o
LOAD ./Middlewares/ST/threadx/common/src/tx_timer_deactivate.o
LOAD ./Middlewares/ST/threadx/common/src/tx_timer_delete.o
LOAD ./Middlewares/ST/threadx/common/src/tx_timer_expiration_process.o
LOAD ./Middlewares/ST/threadx/common/src/tx_timer_info_get.o
LOAD ./Middlewares/ST/threadx/common/src/tx_timer_initialize.o
LOAD ./Middlewares/ST/threadx/common/src/tx_timer_system_activate.o
LOAD ./Middlewares/ST/threadx/common/src/tx_timer_system_deactivate.o
LOAD ./Middlewares/ST/threadx/common/src/tx_timer_thread_entry.o
LOAD ./Middlewares/ST/threadx/common/src/txe_block_allocate.o
LOAD ./Middlewares/ST/threadx/common/src/txe_block_pool_create.o
LOAD ./Middlewares/ST/threadx/common/src/txe_block_pool_delete.o
LOAD ./Middlewares/ST/threadx/common/src/txe_block_pool_info_get.o
LOAD ./Middlewares/ST/threadx/common/src/txe_block_pool_prioritize.o
LOAD ./Middlewares/ST/threadx/common/src/txe_block_release.o
LOAD ./Middlewares/ST/threadx/common/src/txe_byte_allocate.o
LOAD ./Middlewares/ST/threadx/common/src/txe_byte_pool_create.o
LOAD ./Middlewares/ST/threadx/common/src/txe_byte_pool_delete.o
LOAD ./Middlewares/ST/threadx/common/src/txe_byte_pool_info_get.o
LOAD ./Middlewares/ST/threadx/common/src/txe_byte_pool_prioritize.o
LOAD ./Middlewares/ST/threadx/common/src/txe_byte_release.o
LOAD ./Middlewares/ST/threadx/common/src/txe_event_flags_create.o
LOAD ./Middlewares/ST/threadx/common/src/txe_event_flags_delete.o
LOAD ./Middlewares/ST/threadx/common/src/txe_event_flags_get.o
LOAD ./Middlewares/ST/threadx/common/src/txe_event_flags_info_get.o
LOAD ./Middlewares/ST/threadx/common/src/txe_event_flags_set.o
LOAD ./Middlewares/ST/threadx/common/src/txe_event_flags_set_notify.o
LOAD ./Middlewares/ST/threadx/common/src/txe_mutex_create.o
LOAD ./Middlewares/ST/threadx/common/src/txe_mutex_delete.o
LOAD ./Middlewares/ST/threadx/common/src/txe_mutex_get.o
LOAD ./Middlewares/ST/threadx/common/src/txe_mutex_info_get.o
LOAD ./Middlewares/ST/threadx/common/src/txe_mutex_prioritize.o
LOAD ./Middlewares/ST/threadx/common/src/txe_mutex_put.o
LOAD ./Middlewares/ST/threadx/common/src/txe_queue_create.o
LOAD ./Middlewares/ST/threadx/common/src/txe_queue_delete.o
LOAD ./Middlewares/ST/threadx/common/src/txe_queue_flush.o
LOAD ./Middlewares/ST/threadx/common/src/txe_queue_front_send.o
LOAD ./Middlewares/ST/threadx/common/src/txe_queue_info_get.o
LOAD ./Middlewares/ST/threadx/common/src/txe_queue_prioritize.o
LOAD ./Middlewares/ST/threadx/common/src/txe_queue_receive.o
LOAD ./Middlewares/ST/threadx/common/src/txe_queue_send.o
LOAD ./Middlewares/ST/threadx/common/src/txe_queue_send_notify.o
LOAD ./Middlewares/ST/threadx/common/src/txe_semaphore_ceiling_put.o
LOAD ./Middlewares/ST/threadx/common/src/txe_semaphore_create.o
LOAD ./Middlewares/ST/threadx/common/src/txe_semaphore_delete.o
LOAD ./Middlewares/ST/threadx/common/src/txe_semaphore_get.o
LOAD ./Middlewares/ST/threadx/common/src/txe_semaphore_info_get.o
LOAD ./Middlewares/ST/threadx/common/src/txe_semaphore_prioritize.o
LOAD ./Middlewares/ST/threadx/common/src/txe_semaphore_put.o
LOAD ./Middlewares/ST/threadx/common/src/txe_semaphore_put_notify.o
LOAD ./Middlewares/ST/threadx/common/src/txe_thread_create.o
LOAD ./Middlewares/ST/threadx/common/src/txe_thread_delete.o
LOAD ./Middlewares/ST/threadx/common/src/txe_thread_entry_exit_notify.o
LOAD ./Middlewares/ST/threadx/common/src/txe_thread_info_get.o
LOAD ./Middlewares/ST/threadx/common/src/txe_thread_preemption_change.o
LOAD ./Middlewares/ST/threadx/common/src/txe_thread_priority_change.o
LOAD ./Middlewares/ST/threadx/common/src/txe_thread_relinquish.o
LOAD ./Middlewares/ST/threadx/common/src/txe_thread_reset.o
LOAD ./Middlewares/ST/threadx/common/src/txe_thread_resume.o
LOAD ./Middlewares/ST/threadx/common/src/txe_thread_suspend.o
LOAD ./Middlewares/ST/threadx/common/src/txe_thread_terminate.o
LOAD ./Middlewares/ST/threadx/common/src/txe_thread_time_slice_change.o
LOAD ./Middlewares/ST/threadx/common/src/txe_thread_wait_abort.o
LOAD ./Middlewares/ST/threadx/common/src/txe_timer_activate.o
LOAD ./Middlewares/ST/threadx/common/src/txe_timer_change.o
LOAD ./Middlewares/ST/threadx/common/src/txe_timer_create.o
LOAD ./Middlewares/ST/threadx/common/src/txe_timer_deactivate.o
LOAD ./Middlewares/ST/threadx/common/src/txe_timer_delete.o
LOAD ./Middlewares/ST/threadx/common/src/txe_timer_info_get.o
LOAD ./Middlewares/ST/threadx/ports/cortex_m33/gnu/src/tx_thread_context_restore.o
LOAD ./Middlewares/ST/threadx/ports/cortex_m33/gnu/src/tx_thread_context_save.o
LOAD ./Middlewares/ST/threadx/ports/cortex_m33/gnu/src/tx_thread_interrupt_control.o
LOAD ./Middlewares/ST/threadx/ports/cortex_m33/gnu/src/tx_thread_interrupt_disable.o
LOAD ./Middlewares/ST/threadx/ports/cortex_m33/gnu/src/tx_thread_interrupt_restore.o
LOAD ./Middlewares/ST/threadx/ports/cortex_m33/gnu/src/tx_thread_schedule.o
LOAD ./Middlewares/ST/threadx/ports/cortex_m33/gnu/src/tx_thread_stack_build.o
LOAD ./Middlewares/ST/threadx/ports/cortex_m33/gnu/src/tx_thread_system_return.o
LOAD ./Middlewares/ST/threadx/ports/cortex_m33/gnu/src/tx_timer_interrupt.o
LOAD ./Middlewares/ST/usbx/common/core/src/ux_device_stack_alternate_setting_get.o
LOAD ./Middlewares/ST/usbx/common/core/src/ux_device_stack_alternate_setting_set.o
LOAD ./Middlewares/ST/usbx/common/core/src/ux_device_stack_class_register.o
LOAD ./Middlewares/ST/usbx/common/core/src/ux_device_stack_class_unregister.o
LOAD ./Middlewares/ST/usbx/common/core/src/ux_device_stack_clear_feature.o
LOAD ./Middlewares/ST/usbx/common/core/src/ux_device_stack_configuration_get.o
LOAD ./Middlewares/ST/usbx/common/core/src/ux_device_stack_configuration_set.o
LOAD ./Middlewares/ST/usbx/common/core/src/ux_device_stack_control_request_process.o
LOAD ./Middlewares/ST/usbx/common/core/src/ux_device_stack_descriptor_send.o
LOAD ./Middlewares/ST/usbx/common/core/src/ux_device_stack_disconnect.o
LOAD ./Middlewares/ST/usbx/common/core/src/ux_device_stack_endpoint_stall.o
LOAD ./Middlewares/ST/usbx/common/core/src/ux_device_stack_get_status.o
LOAD ./Middlewares/ST/usbx/common/core/src/ux_device_stack_host_wakeup.o
LOAD ./Middlewares/ST/usbx/common/core/src/ux_device_stack_initialize.o
LOAD ./Middlewares/ST/usbx/common/core/src/ux_device_stack_interface_delete.o
LOAD ./Middlewares/ST/usbx/common/core/src/ux_device_stack_interface_get.o
LOAD ./Middlewares/ST/usbx/common/core/src/ux_device_stack_interface_set.o
LOAD ./Middlewares/ST/usbx/common/core/src/ux_device_stack_interface_start.o
LOAD ./Middlewares/ST/usbx/common/core/src/ux_device_stack_microsoft_extension_register.o
LOAD ./Middlewares/ST/usbx/common/core/src/ux_device_stack_set_feature.o
LOAD ./Middlewares/ST/usbx/common/core/src/ux_device_stack_transfer_abort.o
LOAD ./Middlewares/ST/usbx/common/core/src/ux_device_stack_transfer_all_request_abort.o
LOAD ./Middlewares/ST/usbx/common/core/src/ux_device_stack_transfer_request.o
LOAD ./Middlewares/ST/usbx/common/core/src/ux_device_stack_uninitialize.o
LOAD ./Middlewares/ST/usbx/common/core/src/ux_system_error_handler.o
LOAD ./Middlewares/ST/usbx/common/core/src/ux_system_initialize.o
LOAD ./Middlewares/ST/usbx/common/core/src/ux_system_uninitialize.o
LOAD ./Middlewares/ST/usbx/common/core/src/ux_utility_debug_callback_register.o
LOAD ./Middlewares/ST/usbx/common/core/src/ux_utility_debug_log.o
LOAD ./Middlewares/ST/usbx/common/core/src/ux_utility_delay_ms.o
LOAD ./Middlewares/ST/usbx/common/core/src/ux_utility_descriptor_pack.o
LOAD ./Middlewares/ST/usbx/common/core/src/ux_utility_descriptor_parse.o
LOAD ./Middlewares/ST/usbx/common/core/src/ux_utility_error_callback_register.o
LOAD ./Middlewares/ST/usbx/common/core/src/ux_utility_event_flags_create.o
LOAD ./Middlewares/ST/usbx/common/core/src/ux_utility_event_flags_delete.o
LOAD ./Middlewares/ST/usbx/common/core/src/ux_utility_event_flags_get.o
LOAD ./Middlewares/ST/usbx/common/core/src/ux_utility_event_flags_set.o
LOAD ./Middlewares/ST/usbx/common/core/src/ux_utility_long_get.o
LOAD ./Middlewares/ST/usbx/common/core/src/ux_utility_long_get_big_endian.o
LOAD ./Middlewares/ST/usbx/common/core/src/ux_utility_long_put.o
LOAD ./Middlewares/ST/usbx/common/core/src/ux_utility_long_put_big_endian.o
LOAD ./Middlewares/ST/usbx/common/core/src/ux_utility_memory_allocate.o
LOAD ./Middlewares/ST/usbx/common/core/src/ux_utility_memory_allocate_add_safe.o
LOAD ./Middlewares/ST/usbx/common/core/src/ux_utility_memory_allocate_mulc_safe.o
LOAD ./Middlewares/ST/usbx/common/core/src/ux_utility_memory_allocate_mulv_safe.o
LOAD ./Middlewares/ST/usbx/common/core/src/ux_utility_memory_byte_pool_create.o
LOAD ./Middlewares/ST/usbx/common/core/src/ux_utility_memory_byte_pool_search.o
LOAD ./Middlewares/ST/usbx/common/core/src/ux_utility_memory_compare.o
LOAD ./Middlewares/ST/usbx/common/core/src/ux_utility_memory_copy.o
LOAD ./Middlewares/ST/usbx/common/core/src/ux_utility_memory_free.o
LOAD ./Middlewares/ST/usbx/common/core/src/ux_utility_memory_set.o
LOAD ./Middlewares/ST/usbx/common/core/src/ux_utility_mutex_create.o
LOAD ./Middlewares/ST/usbx/common/core/src/ux_utility_mutex_delete.o
LOAD ./Middlewares/ST/usbx/common/core/src/ux_utility_mutex_off.o
LOAD ./Middlewares/ST/usbx/common/core/src/ux_utility_mutex_on.o
LOAD ./Middlewares/ST/usbx/common/core/src/ux_utility_physical_address.o
LOAD ./Middlewares/ST/usbx/common/core/src/ux_utility_semaphore_create.o
LOAD ./Middlewares/ST/usbx/common/core/src/ux_utility_semaphore_delete.o
LOAD ./Middlewares/ST/usbx/common/core/src/ux_utility_semaphore_get.o
LOAD ./Middlewares/ST/usbx/common/core/src/ux_utility_semaphore_put.o
LOAD ./Middlewares/ST/usbx/common/core/src/ux_utility_set_interrupt_handler.o
LOAD ./Middlewares/ST/usbx/common/core/src/ux_utility_short_get.o
LOAD ./Middlewares/ST/usbx/common/core/src/ux_utility_short_get_big_endian.o
LOAD ./Middlewares/ST/usbx/common/core/src/ux_utility_short_put.o
LOAD ./Middlewares/ST/usbx/common/core/src/ux_utility_short_put_big_endian.o
LOAD ./Middlewares/ST/usbx/common/core/src/ux_utility_string_length_check.o
LOAD ./Middlewares/ST/usbx/common/core/src/ux_utility_string_length_get.o
LOAD ./Middlewares/ST/usbx/common/core/src/ux_utility_string_to_unicode.o
LOAD ./Middlewares/ST/usbx/common/core/src/ux_utility_thread_create.o
LOAD ./Middlewares/ST/usbx/common/core/src/ux_utility_thread_delete.o
LOAD ./Middlewares/ST/usbx/common/core/src/ux_utility_thread_identify.o
LOAD ./Middlewares/ST/usbx/common/core/src/ux_utility_thread_relinquish.o
LOAD ./Middlewares/ST/usbx/common/core/src/ux_utility_thread_resume.o
LOAD ./Middlewares/ST/usbx/common/core/src/ux_utility_thread_schedule_other.o
LOAD ./Middlewares/ST/usbx/common/core/src/ux_utility_thread_sleep.o
LOAD ./Middlewares/ST/usbx/common/core/src/ux_utility_thread_suspend.o
LOAD ./Middlewares/ST/usbx/common/core/src/ux_utility_timer_create.o
LOAD ./Middlewares/ST/usbx/common/core/src/ux_utility_timer_delete.o
LOAD ./Middlewares/ST/usbx/common/core/src/ux_utility_unicode_to_string.o
LOAD ./Middlewares/ST/usbx/common/core/src/ux_utility_virtual_address.o
LOAD ./Middlewares/ST/usbx/common/usbx_device_classes/src/ux_device_class_cdc_acm_activate.o
LOAD ./Middlewares/ST/usbx/common/usbx_device_classes/src/ux_device_class_cdc_acm_bulkin_thread.o
LOAD ./Middlewares/ST/usbx/common/usbx_device_classes/src/ux_device_class_cdc_acm_bulkout_thread.o
LOAD ./Middlewares/ST/usbx/common/usbx_device_classes/src/ux_device_class_cdc_acm_control_request.o
LOAD ./Middlewares/ST/usbx/common/usbx_device_classes/src/ux_device_class_cdc_acm_deactivate.o
LOAD ./Middlewares/ST/usbx/common/usbx_device_classes/src/ux_device_class_cdc_acm_entry.o
LOAD ./Middlewares/ST/usbx/common/usbx_device_classes/src/ux_device_class_cdc_acm_initialize.o
LOAD ./Middlewares/ST/usbx/common/usbx_device_classes/src/ux_device_class_cdc_acm_ioctl.o
LOAD ./Middlewares/ST/usbx/common/usbx_device_classes/src/ux_device_class_cdc_acm_read.o
LOAD ./Middlewares/ST/usbx/common/usbx_device_classes/src/ux_device_class_cdc_acm_unitialize.o
LOAD ./Middlewares/ST/usbx/common/usbx_device_classes/src/ux_device_class_cdc_acm_write.o
LOAD ./Middlewares/ST/usbx/common/usbx_device_classes/src/ux_device_class_cdc_acm_write_with_callback.o
LOAD ./Middlewares/ST/usbx/common/usbx_stm32_device_controllers/ux_dcd_stm32_callback.o
LOAD ./Middlewares/ST/usbx/common/usbx_stm32_device_controllers/ux_dcd_stm32_endpoint_create.o
LOAD ./Middlewares/ST/usbx/common/usbx_stm32_device_controllers/ux_dcd_stm32_endpoint_destroy.o
LOAD ./Middlewares/ST/usbx/common/usbx_stm32_device_controllers/ux_dcd_stm32_endpoint_reset.o
LOAD ./Middlewares/ST/usbx/common/usbx_stm32_device_controllers/ux_dcd_stm32_endpoint_stall.o
LOAD ./Middlewares/ST/usbx/common/usbx_stm32_device_controllers/ux_dcd_stm32_endpoint_status.o
LOAD ./Middlewares/ST/usbx/common/usbx_stm32_device_controllers/ux_dcd_stm32_frame_number_get.o
LOAD ./Middlewares/ST/usbx/common/usbx_stm32_device_controllers/ux_dcd_stm32_function.o
LOAD ./Middlewares/ST/usbx/common/usbx_stm32_device_controllers/ux_dcd_stm32_initialize.o
LOAD ./Middlewares/ST/usbx/common/usbx_stm32_device_controllers/ux_dcd_stm32_initialize_complete.o
LOAD ./Middlewares/ST/usbx/common/usbx_stm32_device_controllers/ux_dcd_stm32_interrupt_handler.o
LOAD ./Middlewares/ST/usbx/common/usbx_stm32_device_controllers/ux_dcd_stm32_transfer_abort.o
LOAD ./Middlewares/ST/usbx/common/usbx_stm32_device_controllers/ux_dcd_stm32_transfer_request.o
LOAD ./Middlewares/ST/usbx/common/usbx_stm32_device_controllers/ux_dcd_stm32_transfer_run.o
LOAD ./Middlewares/ST/usbx/common/usbx_stm32_device_controllers/ux_dcd_stm32_uninitialize.o
LOAD ./USBX/App/app_usbx_device.o
LOAD ./USBX/App/ux_device_cdc_acm.o
LOAD ./USBX/App/ux_device_descriptors.o
START GROUP
LOAD C:/ST/STM32CubeIDE_1.18.0/STM32CubeIDE/plugins/com.st.stm32cube.ide.mcu.externaltools.gnu-tools-for-stm32.13.3.rel1.win32_1.0.0.202411081344/tools/bin/../lib/gcc/arm-none-eabi/13.3.1/../../../../arm-none-eabi/lib/thumb/v8-m.main+fp/hard\libc_nano.a
LOAD C:/ST/STM32CubeIDE_1.18.0/STM32CubeIDE/plugins/com.st.stm32cube.ide.mcu.externaltools.gnu-tools-for-stm32.13.3.rel1.win32_1.0.0.202411081344/tools/bin/../lib/gcc/arm-none-eabi/13.3.1/../../../../arm-none-eabi/lib/thumb/v8-m.main+fp/hard\libm.a
END GROUP
START GROUP
LOAD C:/ST/STM32CubeIDE_1.18.0/STM32CubeIDE/plugins/com.st.stm32cube.ide.mcu.externaltools.gnu-tools-for-stm32.13.3.rel1.win32_1.0.0.202411081344/tools/bin/../lib/gcc/arm-none-eabi/13.3.1/thumb/v8-m.main+fp/hard\libgcc.a
LOAD C:/ST/STM32CubeIDE_1.18.0/STM32CubeIDE/plugins/com.st.stm32cube.ide.mcu.externaltools.gnu-tools-for-stm32.13.3.rel1.win32_1.0.0.202411081344/tools/bin/../lib/gcc/arm-none-eabi/13.3.1/../../../../arm-none-eabi/lib/thumb/v8-m.main+fp/hard\libc_nano.a
END GROUP
START GROUP
LOAD C:/ST/STM32CubeIDE_1.18.0/STM32CubeIDE/plugins/com.st.stm32cube.ide.mcu.externaltools.gnu-tools-for-stm32.13.3.rel1.win32_1.0.0.202411081344/tools/bin/../lib/gcc/arm-none-eabi/13.3.1/thumb/v8-m.main+fp/hard\libgcc.a
LOAD C:/ST/STM32CubeIDE_1.18.0/STM32CubeIDE/plugins/com.st.stm32cube.ide.mcu.externaltools.gnu-tools-for-stm32.13.3.rel1.win32_1.0.0.202411081344/tools/bin/../lib/gcc/arm-none-eabi/13.3.1/../../../../arm-none-eabi/lib/thumb/v8-m.main+fp/hard\libc_nano.a
LOAD C:/ST/STM32CubeIDE_1.18.0/STM32CubeIDE/plugins/com.st.stm32cube.ide.mcu.externaltools.gnu-tools-for-stm32.13.3.rel1.win32_1.0.0.202411081344/tools/bin/../lib/gcc/arm-none-eabi/13.3.1/../../../../arm-none-eabi/lib/thumb/v8-m.main+fp/hard\libnosys.a
END GROUP
START GROUP
LOAD C:/ST/STM32CubeIDE_1.18.0/STM32CubeIDE/plugins/com.st.stm32cube.ide.mcu.externaltools.gnu-tools-for-stm32.13.3.rel1.win32_1.0.0.202411081344/tools/bin/../lib/gcc/arm-none-eabi/13.3.1/thumb/v8-m.main+fp/hard\libgcc.a
LOAD C:/ST/STM32CubeIDE_1.18.0/STM32CubeIDE/plugins/com.st.stm32cube.ide.mcu.externaltools.gnu-tools-for-stm32.13.3.rel1.win32_1.0.0.202411081344/tools/bin/../lib/gcc/arm-none-eabi/13.3.1/../../../../arm-none-eabi/lib/thumb/v8-m.main+fp/hard\libc_nano.a
LOAD C:/ST/STM32CubeIDE_1.18.0/STM32CubeIDE/plugins/com.st.stm32cube.ide.mcu.externaltools.gnu-tools-for-stm32.13.3.rel1.win32_1.0.0.202411081344/tools/bin/../lib/gcc/arm-none-eabi/13.3.1/../../../../arm-none-eabi/lib/thumb/v8-m.main+fp/hard\libnosys.a
END GROUP
LOAD C:/ST/STM32CubeIDE_1.18.0/STM32CubeIDE/plugins/com.st.stm32cube.ide.mcu.externaltools.gnu-tools-for-stm32.13.3.rel1.win32_1.0.0.202411081344/tools/bin/../lib/gcc/arm-none-eabi/13.3.1/thumb/v8-m.main+fp/hard/crtend.o
LOAD C:/ST/STM32CubeIDE_1.18.0/STM32CubeIDE/plugins/com.st.stm32cube.ide.mcu.externaltools.gnu-tools-for-stm32.13.3.rel1.win32_1.0.0.202411081344/tools/bin/../lib/gcc/arm-none-eabi/13.3.1/thumb/v8-m.main+fp/hard/crtn.o
                0x200c0000                        _estack = (ORIGIN (RAM) + LENGTH (RAM))
                0x00000200                        _Min_Heap_Size = 0x200
                0x00000400                        _Min_Stack_Size = 0x400

.isr_vector     0x08000000      0x238
 *(.isr_vector)
 .isr_vector    0x08000000      0x238 ./Core/Startup/startup_stm32u575vitx.o
                0x08000000                g_pfnVectors

.text           0x08000238     0x7fbc
 *(.text)
 .text          0x08000238       0x40 C:/ST/STM32CubeIDE_1.18.0/STM32CubeIDE/plugins/com.st.stm32cube.ide.mcu.externaltools.gnu-tools-for-stm32.13.3.rel1.win32_1.0.0.202411081344/tools/bin/../lib/gcc/arm-none-eabi/13.3.1/thumb/v8-m.main+fp/hard/crtbegin.o
 .text          0x08000278       0x78 ./Core/Src/tx_initialize_low_level.o
                0x08000278                _tx_initialize_low_level
                0x080002bc                __tx_BadHandler
                0x080002c0                __tx_IntHandler
                0x080002c8                SysTick_Handler
                0x080002d4                __tx_NMIHandler
                0x080002d8                __tx_DBGHandler
 .text          0x080002f0       0xcc ./Middlewares/ST/threadx/ports/cortex_m33/gnu/src/tx_thread_schedule.o
                0x080002f0                _tx_thread_schedule
                0x0800031c                PendSV_Handler
                0x080003a8                _tx_vfp_access
 .text          0x080003bc       0x40 ./Middlewares/ST/threadx/ports/cortex_m33/gnu/src/tx_thread_stack_build.o
                0x080003bc                _tx_thread_stack_build
 .text          0x080003fc       0xb8 ./Middlewares/ST/threadx/ports/cortex_m33/gnu/src/tx_timer_interrupt.o
                0x080003fc                _tx_timer_interrupt
 .text          0x080004b4       0x10 C:/ST/STM32CubeIDE_1.18.0/STM32CubeIDE/plugins/com.st.stm32cube.ide.mcu.externaltools.gnu-tools-for-stm32.13.3.rel1.win32_1.0.0.202411081344/tools/bin/../lib/gcc/arm-none-eabi/13.3.1/../../../../arm-none-eabi/lib/thumb/v8-m.main+fp/hard\libc_nano.a(libc_a-strlen.o)
                0x080004b4                strlen
 *(.text*)
 .text.tx_application_define
                0x080004c4       0x5c ./AZURE_RTOS/App/app_azure_rtos.o
                0x080004c4                tx_application_define
 .text.ADF4351_setDATA
                0x08000520       0x10 ./Core/Src/ADF4351.o
                0x08000520                ADF4351_setDATA
 .text.ADF4351_setCLK
                0x08000530       0x10 ./Core/Src/ADF4351.o
                0x08000530                ADF4351_setCLK
 .text.ADF4351_setLE
                0x08000540       0x10 ./Core/Src/ADF4351.o
                0x08000540                ADF4351_setLE
 .text.ADF4351_initPorts
                0x08000550       0xa0 ./Core/Src/ADF4351.o
                0x08000550                ADF4351_initPorts
 .text.ADF4351_sendData
                0x080005f0       0x4a ./Core/Src/ADF4351.o
                0x080005f0                ADF4351_sendData
 .text.ADF4351_calcBandSelClkDivMax
                0x0800063a       0x3a ./Core/Src/ADF4351.o
                0x0800063a                ADF4351_calcBandSelClkDivMax
 .text.ADF4351_setRegister0
                0x08000674        0xe ./Core/Src/ADF4351.o
                0x08000674                ADF4351_setRegister0
 .text.ADF4351_setRegister1
                0x08000682       0x26 ./Core/Src/ADF4351.o
                0x08000682                ADF4351_setRegister1
 .text.ADF4351_setRegister2
                0x080006a8       0x9a ./Core/Src/ADF4351.o
                0x080006a8                ADF4351_setRegister2
 *fill*         0x08000742        0x2 
 .text.ADF4351_enable
                0x08000744       0x10 ./Core/Src/ADF4351.o
                0x08000744                ADF4351_enable
 .text.ADF4351_init
                0x08000754       0x1a ./Core/Src/ADF4351.o
                0x08000754                ADF4351_init
 .text.ADF4351_VCO_freq
                0x0800076e       0x56 ./Core/Src/ADF4351.o
                0x0800076e                ADF4351_VCO_freq
 .text.ADF4351_settings
                0x080007c4       0xf8 ./Core/Src/ADF4351.o
                0x080007c4                ADF4351_settings
 .text.MX_ADC1_Init
                0x080008bc       0x4c ./Core/Src/adc.o
                0x080008bc                MX_ADC1_Init
 .text.HAL_ADC_MspInit
                0x08000908       0x94 ./Core/Src/adc.o
                0x08000908                HAL_ADC_MspInit
 .text.App_ThreadX_Init
                0x0800099c        0x4 ./Core/Src/app_threadx.o
                0x0800099c                App_ThreadX_Init
 .text.MX_ThreadX_Init
                0x080009a0        0x4 ./Core/Src/app_threadx.o
                0x080009a0                MX_ThreadX_Init
 .text.MX_GPIO_Init
                0x080009a4      0x124 ./Core/Src/gpio.o
                0x080009a4                MX_GPIO_Init
 .text.SystemClock_Config
                0x08000ac8       0x84 ./Core/Src/main.o
                0x08000ac8                SystemClock_Config
 .text.startup.main
                0x08000b4c       0x38 ./Core/Src/main.o
                0x08000b4c                main
 .text.HAL_TIM_PeriodElapsedCallback
                0x08000b84       0x14 ./Core/Src/main.o
                0x08000b84                HAL_TIM_PeriodElapsedCallback
 .text.Error_Handler
                0x08000b98        0x4 ./Core/Src/main.o
                0x08000b98                Error_Handler
 .text.MX_SPI3_Init
                0x08000b9c       0x68 ./Core/Src/spi.o
                0x08000b9c                MX_SPI3_Init
 .text.HAL_SPI_MspInit
                0x08000c04       0xcc ./Core/Src/spi.o
                0x08000c04                HAL_SPI_MspInit
 .text.HAL_MspInit
                0x08000cd0       0x30 ./Core/Src/stm32u5xx_hal_msp.o
                0x08000cd0                HAL_MspInit
 .text.HAL_InitTick
                0x08000d00       0x94 ./Core/Src/stm32u5xx_hal_timebase_tim.o
                0x08000d00                HAL_InitTick
 .text.NMI_Handler
                0x08000d94        0x2 ./Core/Src/stm32u5xx_it.o
                0x08000d94                NMI_Handler
 .text.HardFault_Handler
                0x08000d96        0x2 ./Core/Src/stm32u5xx_it.o
                0x08000d96                HardFault_Handler
 .text.MemManage_Handler
                0x08000d98        0x2 ./Core/Src/stm32u5xx_it.o
                0x08000d98                MemManage_Handler
 .text.BusFault_Handler
                0x08000d9a        0x2 ./Core/Src/stm32u5xx_it.o
                0x08000d9a                BusFault_Handler
 .text.UsageFault_Handler
                0x08000d9c        0x2 ./Core/Src/stm32u5xx_it.o
                0x08000d9c                UsageFault_Handler
 .text.DebugMon_Handler
                0x08000d9e        0x2 ./Core/Src/stm32u5xx_it.o
                0x08000d9e                DebugMon_Handler
 .text.TIM6_IRQHandler
                0x08000da0        0xc ./Core/Src/stm32u5xx_it.o
                0x08000da0                TIM6_IRQHandler
 .text.OTG_FS_IRQHandler
                0x08000dac        0xc ./Core/Src/stm32u5xx_it.o
                0x08000dac                OTG_FS_IRQHandler
 .text.SystemInit
                0x08000db8       0x44 ./Core/Src/system_stm32u5xx.o
                0x08000db8                SystemInit
 .text.MX_USB_OTG_FS_PCD_Init
                0x08000dfc       0x34 ./Core/Src/usb_otg.o
                0x08000dfc                MX_USB_OTG_FS_PCD_Init
 .text.HAL_PCD_MspInit
                0x08000e30       0xdc ./Core/Src/usb_otg.o
                0x08000e30                HAL_PCD_MspInit
 .text.Reset_Handler
                0x08000f0c       0x50 ./Core/Startup/startup_stm32u575vitx.o
                0x08000f0c                Reset_Handler
 .text.Default_Handler
                0x08000f5c        0x2 ./Core/Startup/startup_stm32u575vitx.o
                0x08000f5c                EXTI2_IRQHandler
                0x08000f5c                TIM8_TRG_COM_IRQHandler
                0x08000f5c                TIM8_CC_IRQHandler
                0x08000f5c                EXTI5_IRQHandler
                0x08000f5c                FLASH_S_IRQHandler
                0x08000f5c                EXTI13_IRQHandler
                0x08000f5c                TIM1_CC_IRQHandler
                0x08000f5c                TSC_IRQHandler
                0x08000f5c                TAMP_IRQHandler
                0x08000f5c                EXTI12_IRQHandler
                0x08000f5c                CORDIC_IRQHandler
                0x08000f5c                EXTI3_IRQHandler
                0x08000f5c                LPTIM4_IRQHandler
                0x08000f5c                GPDMA1_Channel5_IRQHandler
                0x08000f5c                EXTI8_IRQHandler
                0x08000f5c                LPTIM2_IRQHandler
                0x08000f5c                I2C3_ER_IRQHandler
                0x08000f5c                PWR_S3WU_IRQHandler
                0x08000f5c                MDF1_FLT2_IRQHandler
                0x08000f5c                LPDMA1_Channel3_IRQHandler
                0x08000f5c                LPTIM3_IRQHandler
                0x08000f5c                EXTI0_IRQHandler
                0x08000f5c                I2C2_EV_IRQHandler
                0x08000f5c                FPU_IRQHandler
                0x08000f5c                GPDMA1_Channel3_IRQHandler
                0x08000f5c                GPDMA1_Channel7_IRQHandler
                0x08000f5c                MDF1_FLT4_IRQHandler
                0x08000f5c                FDCAN1_IT1_IRQHandler
                0x08000f5c                RAMCFG_IRQHandler
                0x08000f5c                GPDMA1_Channel9_IRQHandler
                0x08000f5c                DCACHE1_IRQHandler
                0x08000f5c                SPI1_IRQHandler
                0x08000f5c                OCTOSPI1_IRQHandler
                0x08000f5c                GPDMA1_Channel2_IRQHandler
                0x08000f5c                TIM8_UP_IRQHandler
                0x08000f5c                RCC_S_IRQHandler
                0x08000f5c                OCTOSPI2_IRQHandler
                0x08000f5c                SAI2_IRQHandler
                0x08000f5c                MDF1_FLT1_IRQHandler
                0x08000f5c                ADC1_IRQHandler
                0x08000f5c                MDF1_FLT5_IRQHandler
                0x08000f5c                EXTI15_IRQHandler
                0x08000f5c                TIM17_IRQHandler
                0x08000f5c                USART3_IRQHandler
                0x08000f5c                RTC_IRQHandler
                0x08000f5c                EXTI9_IRQHandler
                0x08000f5c                UART5_IRQHandler
                0x08000f5c                TIM4_IRQHandler
                0x08000f5c                I2C1_EV_IRQHandler
                0x08000f5c                GPDMA1_Channel12_IRQHandler
                0x08000f5c                GPDMA1_Channel1_IRQHandler
                0x08000f5c                TIM16_IRQHandler
                0x08000f5c                GPDMA1_Channel15_IRQHandler
                0x08000f5c                UART4_IRQHandler
                0x08000f5c                SecureFault_Handler
                0x08000f5c                TIM3_IRQHandler
                0x08000f5c                RCC_IRQHandler
                0x08000f5c                TIM1_TRG_COM_IRQHandler
                0x08000f5c                Default_Handler
                0x08000f5c                GPDMA1_Channel8_IRQHandler
                0x08000f5c                FMAC_IRQHandler
                0x08000f5c                GPDMA1_Channel11_IRQHandler
                0x08000f5c                TIM7_IRQHandler
                0x08000f5c                SDMMC1_IRQHandler
                0x08000f5c                TIM5_IRQHandler
                0x08000f5c                UCPD1_IRQHandler
                0x08000f5c                GPDMA1_Channel0_IRQHandler
                0x08000f5c                TIM15_IRQHandler
                0x08000f5c                I2C3_EV_IRQHandler
                0x08000f5c                LPDMA1_Channel0_IRQHandler
                0x08000f5c                PVD_PVM_IRQHandler
                0x08000f5c                SPI2_IRQHandler
                0x08000f5c                LPDMA1_Channel1_IRQHandler
                0x08000f5c                EXTI14_IRQHandler
                0x08000f5c                EXTI11_IRQHandler
                0x08000f5c                SVC_Handler
                0x08000f5c                CRS_IRQHandler
                0x08000f5c                GPDMA1_Channel14_IRQHandler
                0x08000f5c                LSECSSD_IRQHandler
                0x08000f5c                EXTI4_IRQHandler
                0x08000f5c                RTC_S_IRQHandler
                0x08000f5c                GPDMA1_Channel13_IRQHandler
                0x08000f5c                RNG_IRQHandler
                0x08000f5c                COMP_IRQHandler
                0x08000f5c                TIM1_UP_IRQHandler
                0x08000f5c                ADC4_IRQHandler
                0x08000f5c                WWDG_IRQHandler
                0x08000f5c                I2C4_EV_IRQHandler
                0x08000f5c                ADF1_IRQHandler
                0x08000f5c                IWDG_IRQHandler
                0x08000f5c                LPUART1_IRQHandler
                0x08000f5c                MDF1_FLT0_IRQHandler
                0x08000f5c                FDCAN1_IT0_IRQHandler
                0x08000f5c                TIM2_IRQHandler
                0x08000f5c                GPDMA1_Channel4_IRQHandler
                0x08000f5c                EXTI7_IRQHandler
                0x08000f5c                DMA2D_IRQHandler
                0x08000f5c                TIM1_BRK_IRQHandler
                0x08000f5c                EXTI1_IRQHandler
                0x08000f5c                SDMMC2_IRQHandler
                0x08000f5c                DAC1_IRQHandler
                0x08000f5c                GTZC_IRQHandler
                0x08000f5c                MDF1_FLT3_IRQHandler
                0x08000f5c                USART2_IRQHandler
                0x08000f5c                GPDMA1_Channel6_IRQHandler
                0x08000f5c                I2C2_ER_IRQHandler
                0x08000f5c                TIM8_BRK_IRQHandler
                0x08000f5c                FLASH_IRQHandler
                0x08000f5c                USART1_IRQHandler
                0x08000f5c                EXTI10_IRQHandler
                0x08000f5c                SPI3_IRQHandler
                0x08000f5c                LPDMA1_Channel2_IRQHandler
                0x08000f5c                I2C1_ER_IRQHandler
                0x08000f5c                FMC_IRQHandler
                0x08000f5c                EXTI6_IRQHandler
                0x08000f5c                LPTIM1_IRQHandler
                0x08000f5c                DCMI_PSSI_IRQHandler
                0x08000f5c                I2C4_ER_IRQHandler
                0x08000f5c                GPDMA1_Channel10_IRQHandler
                0x08000f5c                ICACHE_IRQHandler
                0x08000f5c                SAI1_IRQHandler
                0x08000f5c                HASH_IRQHandler
 *fill*         0x08000f5e        0x2 
 .text.HAL_Init
                0x08000f60       0x54 ./Drivers/STM32U5xx_HAL_Driver/Src/stm32u5xx_hal.o
                0x08000f60                HAL_Init
 .text.HAL_IncTick
                0x08000fb4       0x18 ./Drivers/STM32U5xx_HAL_Driver/Src/stm32u5xx_hal.o
                0x08000fb4                HAL_IncTick
 .text.HAL_GetTick
                0x08000fcc        0xc ./Drivers/STM32U5xx_HAL_Driver/Src/stm32u5xx_hal.o
                0x08000fcc                HAL_GetTick
 .text.HAL_Delay
                0x08000fd8       0x24 ./Drivers/STM32U5xx_HAL_Driver/Src/stm32u5xx_hal.o
                0x08000fd8                HAL_Delay
 .text.LL_ADC_IsEnabled
                0x08000ffc        0x8 ./Drivers/STM32U5xx_HAL_Driver/Src/stm32u5xx_hal_adc.o
 .text.LL_ADC_REG_IsConversionOngoing
                0x08001004        0x8 ./Drivers/STM32U5xx_HAL_Driver/Src/stm32u5xx_hal_adc.o
 .text.HAL_ADC_Init
                0x0800100c      0x364 ./Drivers/STM32U5xx_HAL_Driver/Src/stm32u5xx_hal_adc.o
                0x0800100c                HAL_ADC_Init
 .text.HAL_NVIC_SetPriorityGrouping
                0x08001370       0x24 ./Drivers/STM32U5xx_HAL_Driver/Src/stm32u5xx_hal_cortex.o
                0x08001370                HAL_NVIC_SetPriorityGrouping
 .text.HAL_NVIC_SetPriority
                0x08001394       0x60 ./Drivers/STM32U5xx_HAL_Driver/Src/stm32u5xx_hal_cortex.o
                0x08001394                HAL_NVIC_SetPriority
 .text.HAL_NVIC_EnableIRQ
                0x080013f4       0x1c ./Drivers/STM32U5xx_HAL_Driver/Src/stm32u5xx_hal_cortex.o
                0x080013f4                HAL_NVIC_EnableIRQ
 .text.HAL_SYSTICK_CLKSourceConfig
                0x08001410       0x74 ./Drivers/STM32U5xx_HAL_Driver/Src/stm32u5xx_hal_cortex.o
                0x08001410                HAL_SYSTICK_CLKSourceConfig
 .text.HAL_GPIO_Init
                0x08001484      0x214 ./Drivers/STM32U5xx_HAL_Driver/Src/stm32u5xx_hal_gpio.o
                0x08001484                HAL_GPIO_Init
 .text.HAL_GPIO_WritePin
                0x08001698        0xa ./Drivers/STM32U5xx_HAL_Driver/Src/stm32u5xx_hal_gpio.o
                0x08001698                HAL_GPIO_WritePin
 *fill*         0x080016a2        0x2 
 .text.HAL_PCD_Init
                0x080016a4       0xf0 ./Drivers/STM32U5xx_HAL_Driver/Src/stm32u5xx_hal_pcd.o
                0x080016a4                HAL_PCD_Init
 .text.HAL_PCD_Start
                0x08001794       0x38 ./Drivers/STM32U5xx_HAL_Driver/Src/stm32u5xx_hal_pcd.o
                0x08001794                HAL_PCD_Start
 .text.HAL_PCD_Stop
                0x080017cc       0x42 ./Drivers/STM32U5xx_HAL_Driver/Src/stm32u5xx_hal_pcd.o
                0x080017cc                HAL_PCD_Stop
 .text.HAL_PCD_ISOOUTIncompleteCallback
                0x0800180e        0x2 ./Drivers/STM32U5xx_HAL_Driver/Src/stm32u5xx_hal_pcd.o
                0x0800180e                HAL_PCD_ISOOUTIncompleteCallback
 .text.HAL_PCD_ISOINIncompleteCallback
                0x08001810        0x2 ./Drivers/STM32U5xx_HAL_Driver/Src/stm32u5xx_hal_pcd.o
                0x08001810                HAL_PCD_ISOINIncompleteCallback
 .text.HAL_PCD_SetAddress
                0x08001812       0x26 ./Drivers/STM32U5xx_HAL_Driver/Src/stm32u5xx_hal_pcd.o
                0x08001812                HAL_PCD_SetAddress
 .text.HAL_PCD_EP_Open
                0x08001838       0x72 ./Drivers/STM32U5xx_HAL_Driver/Src/stm32u5xx_hal_pcd.o
                0x08001838                HAL_PCD_EP_Open
 .text.HAL_PCD_EP_Close
                0x080018aa       0x5c ./Drivers/STM32U5xx_HAL_Driver/Src/stm32u5xx_hal_pcd.o
                0x080018aa                HAL_PCD_EP_Close
 .text.HAL_PCD_EP_Receive
                0x08001906       0x3c ./Drivers/STM32U5xx_HAL_Driver/Src/stm32u5xx_hal_pcd.o
                0x08001906                HAL_PCD_EP_Receive
 .text.HAL_PCD_EP_GetRxCount
                0x08001942       0x10 ./Drivers/STM32U5xx_HAL_Driver/Src/stm32u5xx_hal_pcd.o
                0x08001942                HAL_PCD_EP_GetRxCount
 .text.HAL_PCD_EP_Transmit
                0x08001952       0x34 ./Drivers/STM32U5xx_HAL_Driver/Src/stm32u5xx_hal_pcd.o
                0x08001952                HAL_PCD_EP_Transmit
 .text.HAL_PCD_EP_SetStall
                0x08001986       0x6e ./Drivers/STM32U5xx_HAL_Driver/Src/stm32u5xx_hal_pcd.o
                0x08001986                HAL_PCD_EP_SetStall
 .text.HAL_PCD_EP_ClrStall
                0x080019f4       0x6a ./Drivers/STM32U5xx_HAL_Driver/Src/stm32u5xx_hal_pcd.o
                0x080019f4                HAL_PCD_EP_ClrStall
 .text.HAL_PCD_EP_Abort
                0x08001a5e       0x20 ./Drivers/STM32U5xx_HAL_Driver/Src/stm32u5xx_hal_pcd.o
                0x08001a5e                HAL_PCD_EP_Abort
 *fill*         0x08001a7e        0x2 
 .text.HAL_PCD_IRQHandler
                0x08001a80      0x6d0 ./Drivers/STM32U5xx_HAL_Driver/Src/stm32u5xx_hal_pcd.o
                0x08001a80                HAL_PCD_IRQHandler
 .text.HAL_PCD_EP_Flush
                0x08002150       0x32 ./Drivers/STM32U5xx_HAL_Driver/Src/stm32u5xx_hal_pcd.o
                0x08002150                HAL_PCD_EP_Flush
 .text.HAL_PCDEx_SetTxFiFo
                0x08002182       0x3e ./Drivers/STM32U5xx_HAL_Driver/Src/stm32u5xx_hal_pcd_ex.o
                0x08002182                HAL_PCDEx_SetTxFiFo
 .text.HAL_PCDEx_SetRxFiFo
                0x080021c0        0x8 ./Drivers/STM32U5xx_HAL_Driver/Src/stm32u5xx_hal_pcd_ex.o
                0x080021c0                HAL_PCDEx_SetRxFiFo
 .text.HAL_PCDEx_ActivateLPM
                0x080021c8       0x26 ./Drivers/STM32U5xx_HAL_Driver/Src/stm32u5xx_hal_pcd_ex.o
                0x080021c8                HAL_PCDEx_ActivateLPM
 .text.HAL_PCDEx_LPM_Callback
                0x080021ee        0x2 ./Drivers/STM32U5xx_HAL_Driver/Src/stm32u5xx_hal_pcd_ex.o
                0x080021ee                HAL_PCDEx_LPM_Callback
 .text.HAL_PWREx_ControlVoltageScaling
                0x080021f0       0x80 ./Drivers/STM32U5xx_HAL_Driver/Src/stm32u5xx_hal_pwr_ex.o
                0x080021f0                HAL_PWREx_ControlVoltageScaling
 .text.HAL_PWREx_GetVoltageRange
                0x08002270       0x10 ./Drivers/STM32U5xx_HAL_Driver/Src/stm32u5xx_hal_pwr_ex.o
                0x08002270                HAL_PWREx_GetVoltageRange
 .text.HAL_PWREx_EnableVddUSB
                0x08002280       0x10 ./Drivers/STM32U5xx_HAL_Driver/Src/stm32u5xx_hal_pwr_ex.o
                0x08002280                HAL_PWREx_EnableVddUSB
 .text.HAL_PWREx_EnableVddA
                0x08002290       0x10 ./Drivers/STM32U5xx_HAL_Driver/Src/stm32u5xx_hal_pwr_ex.o
                0x08002290                HAL_PWREx_EnableVddA
 .text.RCC_SetFlashLatencyFromMSIRange
                0x080022a0       0xb8 ./Drivers/STM32U5xx_HAL_Driver/Src/stm32u5xx_hal_rcc.o
 .text.HAL_RCC_GetSysClockFreq
                0x08002358      0x104 ./Drivers/STM32U5xx_HAL_Driver/Src/stm32u5xx_hal_rcc.o
                0x08002358                HAL_RCC_GetSysClockFreq
 .text.HAL_RCC_ClockConfig
                0x0800245c      0x29c ./Drivers/STM32U5xx_HAL_Driver/Src/stm32u5xx_hal_rcc.o
                0x0800245c                HAL_RCC_ClockConfig
 .text.HAL_RCC_GetHCLKFreq
                0x080026f8       0x28 ./Drivers/STM32U5xx_HAL_Driver/Src/stm32u5xx_hal_rcc.o
                0x080026f8                HAL_RCC_GetHCLKFreq
 .text.HAL_RCC_OscConfig
                0x08002720      0x8c0 ./Drivers/STM32U5xx_HAL_Driver/Src/stm32u5xx_hal_rcc.o
                0x08002720                HAL_RCC_OscConfig
 .text.HAL_RCC_GetPCLK1Freq
                0x08002fe0       0x20 ./Drivers/STM32U5xx_HAL_Driver/Src/stm32u5xx_hal_rcc.o
                0x08002fe0                HAL_RCC_GetPCLK1Freq
 .text.HAL_RCC_GetClockConfig
                0x08003000       0x44 ./Drivers/STM32U5xx_HAL_Driver/Src/stm32u5xx_hal_rcc.o
                0x08003000                HAL_RCC_GetClockConfig
 .text.RCCEx_PLL3_Config
                0x08003044       0xd4 ./Drivers/STM32U5xx_HAL_Driver/Src/stm32u5xx_hal_rcc_ex.o
 .text.RCCEx_PLL2_Config
                0x08003118       0xd4 ./Drivers/STM32U5xx_HAL_Driver/Src/stm32u5xx_hal_rcc_ex.o
 .text.HAL_RCCEx_PeriphCLKConfig
                0x080031ec      0x5a0 ./Drivers/STM32U5xx_HAL_Driver/Src/stm32u5xx_hal_rcc_ex.o
                0x080031ec                HAL_RCCEx_PeriphCLKConfig
 .text.HAL_SPI_Init
                0x0800378c      0x144 ./Drivers/STM32U5xx_HAL_Driver/Src/stm32u5xx_hal_spi.o
                0x0800378c                HAL_SPI_Init
 .text.HAL_SPIEx_SetConfigAutonomousMode
                0x080038d0       0x46 ./Drivers/STM32U5xx_HAL_Driver/Src/stm32u5xx_hal_spi_ex.o
                0x080038d0                HAL_SPIEx_SetConfigAutonomousMode
 .text.HAL_TIM_Base_MspInit
                0x08003916        0x2 ./Drivers/STM32U5xx_HAL_Driver/Src/stm32u5xx_hal_tim.o
                0x08003916                HAL_TIM_Base_MspInit
 .text.HAL_TIM_Base_Start_IT
                0x08003918       0xb4 ./Drivers/STM32U5xx_HAL_Driver/Src/stm32u5xx_hal_tim.o
                0x08003918                HAL_TIM_Base_Start_IT
 .text.HAL_TIM_OC_DelayElapsedCallback
                0x080039cc        0x2 ./Drivers/STM32U5xx_HAL_Driver/Src/stm32u5xx_hal_tim.o
                0x080039cc                HAL_TIM_OC_DelayElapsedCallback
 .text.HAL_TIM_IC_CaptureCallback
                0x080039ce        0x2 ./Drivers/STM32U5xx_HAL_Driver/Src/stm32u5xx_hal_tim.o
                0x080039ce                HAL_TIM_IC_CaptureCallback
 .text.HAL_TIM_PWM_PulseFinishedCallback
                0x080039d0        0x2 ./Drivers/STM32U5xx_HAL_Driver/Src/stm32u5xx_hal_tim.o
                0x080039d0                HAL_TIM_PWM_PulseFinishedCallback
 .text.HAL_TIM_TriggerCallback
                0x080039d2        0x2 ./Drivers/STM32U5xx_HAL_Driver/Src/stm32u5xx_hal_tim.o
                0x080039d2                HAL_TIM_TriggerCallback
 .text.HAL_TIM_IRQHandler
                0x080039d4      0x19e ./Drivers/STM32U5xx_HAL_Driver/Src/stm32u5xx_hal_tim.o
                0x080039d4                HAL_TIM_IRQHandler
 *fill*         0x08003b72        0x2 
 .text.TIM_Base_SetConfig
                0x08003b74      0x11c ./Drivers/STM32U5xx_HAL_Driver/Src/stm32u5xx_hal_tim.o
                0x08003b74                TIM_Base_SetConfig
 .text.HAL_TIM_Base_Init
                0x08003c90       0x60 ./Drivers/STM32U5xx_HAL_Driver/Src/stm32u5xx_hal_tim.o
                0x08003c90                HAL_TIM_Base_Init
 .text.HAL_TIMEx_CommutCallback
                0x08003cf0        0x2 ./Drivers/STM32U5xx_HAL_Driver/Src/stm32u5xx_hal_tim_ex.o
                0x08003cf0                HAL_TIMEx_CommutCallback
 .text.HAL_TIMEx_BreakCallback
                0x08003cf2        0x2 ./Drivers/STM32U5xx_HAL_Driver/Src/stm32u5xx_hal_tim_ex.o
                0x08003cf2                HAL_TIMEx_BreakCallback
 .text.HAL_TIMEx_Break2Callback
                0x08003cf4        0x2 ./Drivers/STM32U5xx_HAL_Driver/Src/stm32u5xx_hal_tim_ex.o
                0x08003cf4                HAL_TIMEx_Break2Callback
 .text.HAL_TIMEx_EncoderIndexCallback
                0x08003cf6        0x2 ./Drivers/STM32U5xx_HAL_Driver/Src/stm32u5xx_hal_tim_ex.o
                0x08003cf6                HAL_TIMEx_EncoderIndexCallback
 .text.HAL_TIMEx_DirectionChangeCallback
                0x08003cf8        0x2 ./Drivers/STM32U5xx_HAL_Driver/Src/stm32u5xx_hal_tim_ex.o
                0x08003cf8                HAL_TIMEx_DirectionChangeCallback
 .text.HAL_TIMEx_IndexErrorCallback
                0x08003cfa        0x2 ./Drivers/STM32U5xx_HAL_Driver/Src/stm32u5xx_hal_tim_ex.o
                0x08003cfa                HAL_TIMEx_IndexErrorCallback
 .text.HAL_TIMEx_TransitionErrorCallback
                0x08003cfc        0x2 ./Drivers/STM32U5xx_HAL_Driver/Src/stm32u5xx_hal_tim_ex.o
                0x08003cfc                HAL_TIMEx_TransitionErrorCallback
 .text.USB_CoreInit
                0x08003cfe       0x72 ./Drivers/STM32U5xx_HAL_Driver/Src/stm32u5xx_ll_usb.o
                0x08003cfe                USB_CoreInit
 .text.USB_SetTurnaroundTime
                0x08003d70       0xe0 ./Drivers/STM32U5xx_HAL_Driver/Src/stm32u5xx_ll_usb.o
                0x08003d70                USB_SetTurnaroundTime
 .text.USB_EnableGlobalInt
                0x08003e50        0xc ./Drivers/STM32U5xx_HAL_Driver/Src/stm32u5xx_ll_usb.o
                0x08003e50                USB_EnableGlobalInt
 .text.USB_DisableGlobalInt
                0x08003e5c        0xc ./Drivers/STM32U5xx_HAL_Driver/Src/stm32u5xx_ll_usb.o
                0x08003e5c                USB_DisableGlobalInt
 .text.USB_SetCurrentMode
                0x08003e68       0x5c ./Drivers/STM32U5xx_HAL_Driver/Src/stm32u5xx_ll_usb.o
                0x08003e68                USB_SetCurrentMode
 .text.USB_FlushTxFifo
                0x08003ec4       0x46 ./Drivers/STM32U5xx_HAL_Driver/Src/stm32u5xx_ll_usb.o
                0x08003ec4                USB_FlushTxFifo
 .text.USB_FlushRxFifo
                0x08003f0a       0x42 ./Drivers/STM32U5xx_HAL_Driver/Src/stm32u5xx_ll_usb.o
                0x08003f0a                USB_FlushRxFifo
 .text.USB_SetDevSpeed
                0x08003f4c        0xe ./Drivers/STM32U5xx_HAL_Driver/Src/stm32u5xx_ll_usb.o
                0x08003f4c                USB_SetDevSpeed
 *fill*         0x08003f5a        0x2 
 .text.USB_DevInit
                0x08003f5c      0x154 ./Drivers/STM32U5xx_HAL_Driver/Src/stm32u5xx_ll_usb.o
                0x08003f5c                USB_DevInit
 .text.USB_GetDevSpeed
                0x080040b0       0x16 ./Drivers/STM32U5xx_HAL_Driver/Src/stm32u5xx_ll_usb.o
                0x080040b0                USB_GetDevSpeed
 .text.USB_ActivateEndpoint
                0x080040c6       0x7e ./Drivers/STM32U5xx_HAL_Driver/Src/stm32u5xx_ll_usb.o
                0x080040c6                USB_ActivateEndpoint
 .text.USB_DeactivateEndpoint
                0x08004144       0xac ./Drivers/STM32U5xx_HAL_Driver/Src/stm32u5xx_ll_usb.o
                0x08004144                USB_DeactivateEndpoint
 .text.USB_EPStopXfer
                0x080041f0       0x84 ./Drivers/STM32U5xx_HAL_Driver/Src/stm32u5xx_ll_usb.o
                0x080041f0                USB_EPStopXfer
 .text.USB_WritePacket
                0x08004274       0x26 ./Drivers/STM32U5xx_HAL_Driver/Src/stm32u5xx_ll_usb.o
                0x08004274                USB_WritePacket
 *fill*         0x0800429a        0x2 
 .text.USB_EPStartXfer
                0x0800429c      0x204 ./Drivers/STM32U5xx_HAL_Driver/Src/stm32u5xx_ll_usb.o
                0x0800429c                USB_EPStartXfer
 .text.USB_ReadPacket
                0x080044a0       0x40 ./Drivers/STM32U5xx_HAL_Driver/Src/stm32u5xx_ll_usb.o
                0x080044a0                USB_ReadPacket
 .text.USB_EPSetStall
                0x080044e0       0x56 ./Drivers/STM32U5xx_HAL_Driver/Src/stm32u5xx_ll_usb.o
                0x080044e0                USB_EPSetStall
 .text.USB_EPClearStall
                0x08004536       0x52 ./Drivers/STM32U5xx_HAL_Driver/Src/stm32u5xx_ll_usb.o
                0x08004536                USB_EPClearStall
 .text.USB_SetDevAddress
                0x08004588       0x20 ./Drivers/STM32U5xx_HAL_Driver/Src/stm32u5xx_ll_usb.o
                0x08004588                USB_SetDevAddress
 .text.USB_DevConnect
                0x080045a8       0x1c ./Drivers/STM32U5xx_HAL_Driver/Src/stm32u5xx_ll_usb.o
                0x080045a8                USB_DevConnect
 .text.USB_DevDisconnect
                0x080045c4       0x1c ./Drivers/STM32U5xx_HAL_Driver/Src/stm32u5xx_ll_usb.o
                0x080045c4                USB_DevDisconnect
 .text.USB_ReadInterrupts
                0x080045e0        0x8 ./Drivers/STM32U5xx_HAL_Driver/Src/stm32u5xx_ll_usb.o
                0x080045e0                USB_ReadInterrupts
 .text.USB_ReadDevAllOutEpInterrupt
                0x080045e8       0x10 ./Drivers/STM32U5xx_HAL_Driver/Src/stm32u5xx_ll_usb.o
                0x080045e8                USB_ReadDevAllOutEpInterrupt
 .text.USB_ReadDevAllInEpInterrupt
                0x080045f8       0x10 ./Drivers/STM32U5xx_HAL_Driver/Src/stm32u5xx_ll_usb.o
                0x080045f8                USB_ReadDevAllInEpInterrupt
 .text.USB_ReadDevOutEPInterrupt
                0x08004608       0x12 ./Drivers/STM32U5xx_HAL_Driver/Src/stm32u5xx_ll_usb.o
                0x08004608                USB_ReadDevOutEPInterrupt
 .text.USB_ReadDevInEPInterrupt
                0x0800461a       0x22 ./Drivers/STM32U5xx_HAL_Driver/Src/stm32u5xx_ll_usb.o
                0x0800461a                USB_ReadDevInEPInterrupt
 .text.USB_GetMode
                0x0800463c        0x8 ./Drivers/STM32U5xx_HAL_Driver/Src/stm32u5xx_ll_usb.o
                0x0800463c                USB_GetMode
 .text.USB_ActivateSetup
                0x08004644       0x1c ./Drivers/STM32U5xx_HAL_Driver/Src/stm32u5xx_ll_usb.o
                0x08004644                USB_ActivateSetup
 .text.USB_EP0_OutStart
                0x08004660       0x4c ./Drivers/STM32U5xx_HAL_Driver/Src/stm32u5xx_ll_usb.o
                0x08004660                USB_EP0_OutStart
 .text._tx_byte_allocate
                0x080046ac       0xb8 ./Middlewares/ST/threadx/common/src/tx_byte_allocate.o
                0x080046ac                _tx_byte_allocate
 .text._tx_byte_pool_cleanup
                0x08004764       0x78 ./Middlewares/ST/threadx/common/src/tx_byte_pool_cleanup.o
                0x08004764                _tx_byte_pool_cleanup
 .text._tx_byte_pool_create
                0x080047dc       0x80 ./Middlewares/ST/threadx/common/src/tx_byte_pool_create.o
                0x080047dc                _tx_byte_pool_create
 .text._tx_byte_pool_search
                0x0800485c       0xd8 ./Middlewares/ST/threadx/common/src/tx_byte_pool_search.o
                0x0800485c                _tx_byte_pool_search
 .text._tx_initialize_high_level
                0x08004934       0x70 ./Middlewares/ST/threadx/common/src/tx_initialize_high_level.o
                0x08004934                _tx_initialize_high_level
 .text._tx_initialize_kernel_enter
                0x080049a4       0x48 ./Middlewares/ST/threadx/common/src/tx_initialize_kernel_enter.o
                0x080049a4                _tx_initialize_kernel_enter
 .text._tx_mutex_cleanup
                0x080049ec       0x78 ./Middlewares/ST/threadx/common/src/tx_mutex_cleanup.o
                0x080049ec                _tx_mutex_cleanup
 .text._tx_mutex_thread_release
                0x08004a64       0x44 ./Middlewares/ST/threadx/common/src/tx_mutex_cleanup.o
                0x08004a64                _tx_mutex_thread_release
 .text._tx_mutex_create
                0x08004aa8       0x60 ./Middlewares/ST/threadx/common/src/tx_mutex_create.o
                0x08004aa8                _tx_mutex_create
 .text._tx_mutex_delete
                0x08004b08       0xac ./Middlewares/ST/threadx/common/src/tx_mutex_delete.o
                0x08004b08                _tx_mutex_delete
 .text._tx_mutex_get
                0x08004bb4       0xf4 ./Middlewares/ST/threadx/common/src/tx_mutex_get.o
                0x08004bb4                _tx_mutex_get
 .text._tx_mutex_prioritize
                0x08004ca8       0x94 ./Middlewares/ST/threadx/common/src/tx_mutex_prioritize.o
                0x08004ca8                _tx_mutex_prioritize
 .text._tx_mutex_priority_change
                0x08004d3c       0xb8 ./Middlewares/ST/threadx/common/src/tx_mutex_priority_change.o
                0x08004d3c                _tx_mutex_priority_change
 .text._tx_mutex_put
                0x08004df4      0x1c8 ./Middlewares/ST/threadx/common/src/tx_mutex_put.o
                0x08004df4                _tx_mutex_put
 .text._tx_semaphore_cleanup
                0x08004fbc       0x78 ./Middlewares/ST/threadx/common/src/tx_semaphore_cleanup.o
                0x08004fbc                _tx_semaphore_cleanup
 .text._tx_semaphore_create
                0x08005034       0x54 ./Middlewares/ST/threadx/common/src/tx_semaphore_create.o
                0x08005034                _tx_semaphore_create
 .text._tx_semaphore_delete
                0x08005088       0x94 ./Middlewares/ST/threadx/common/src/tx_semaphore_delete.o
                0x08005088                _tx_semaphore_delete
 .text._tx_semaphore_get
                0x0800511c       0x84 ./Middlewares/ST/threadx/common/src/tx_semaphore_get.o
                0x0800511c                _tx_semaphore_get
 .text._tx_semaphore_put
                0x080051a0       0x50 ./Middlewares/ST/threadx/common/src/tx_semaphore_put.o
                0x080051a0                _tx_semaphore_put
 .text._tx_thread_create
                0x080051f0      0x120 ./Middlewares/ST/threadx/common/src/tx_thread_create.o
                0x080051f0                _tx_thread_create
 .text._tx_thread_identify
                0x08005310       0x14 ./Middlewares/ST/threadx/common/src/tx_thread_identify.o
                0x08005310                _tx_thread_identify
 .text._tx_thread_info_get
                0x08005324       0x62 ./Middlewares/ST/threadx/common/src/tx_thread_info_get.o
                0x08005324                _tx_thread_info_get
 *fill*         0x08005386        0x2 
 .text._tx_thread_initialize
                0x08005388       0x64 ./Middlewares/ST/threadx/common/src/tx_thread_initialize.o
                0x08005388                _tx_thread_initialize
 .text._tx_thread_shell_entry
                0x080053ec       0x54 ./Middlewares/ST/threadx/common/src/tx_thread_shell_entry.o
                0x080053ec                _tx_thread_shell_entry
 .text._tx_thread_sleep
                0x08005440       0x6c ./Middlewares/ST/threadx/common/src/tx_thread_sleep.o
                0x08005440                _tx_thread_sleep
 .text._tx_thread_system_preempt_check
                0x080054ac       0x3c ./Middlewares/ST/threadx/common/src/tx_thread_system_preempt_check.o
                0x080054ac                _tx_thread_system_preempt_check
 .text._tx_thread_system_resume
                0x080054e8       0xe8 ./Middlewares/ST/threadx/common/src/tx_thread_system_resume.o
                0x080054e8                _tx_thread_system_resume
 .text._tx_thread_system_suspend
                0x080055d0       0xf0 ./Middlewares/ST/threadx/common/src/tx_thread_system_suspend.o
                0x080055d0                _tx_thread_system_suspend
 .text._tx_thread_time_slice
                0x080056c0       0x5c ./Middlewares/ST/threadx/common/src/tx_thread_time_slice.o
                0x080056c0                _tx_thread_time_slice
 .text._tx_thread_timeout
                0x0800571c       0x40 ./Middlewares/ST/threadx/common/src/tx_thread_timeout.o
                0x0800571c                _tx_thread_timeout
 .text._tx_timer_expiration_process
                0x0800575c       0x20 ./Middlewares/ST/threadx/common/src/tx_timer_expiration_process.o
                0x0800575c                _tx_timer_expiration_process
 .text._tx_timer_initialize
                0x0800577c       0xd4 ./Middlewares/ST/threadx/common/src/tx_timer_initialize.o
                0x0800577c                _tx_timer_initialize
 .text._tx_timer_system_activate
                0x08005850       0x54 ./Middlewares/ST/threadx/common/src/tx_timer_system_activate.o
                0x08005850                _tx_timer_system_activate
 .text._tx_timer_system_deactivate
                0x080058a4       0x2a ./Middlewares/ST/threadx/common/src/tx_timer_system_deactivate.o
                0x080058a4                _tx_timer_system_deactivate
 *fill*         0x080058ce        0x2 
 .text._tx_timer_thread_entry
                0x080058d0      0x11c ./Middlewares/ST/threadx/common/src/tx_timer_thread_entry.o
                0x080058d0                _tx_timer_thread_entry
 .text._txe_byte_allocate
                0x080059ec       0x74 ./Middlewares/ST/threadx/common/src/txe_byte_allocate.o
                0x080059ec                _txe_byte_allocate
 .text._txe_byte_pool_create
                0x08005a60       0xc0 ./Middlewares/ST/threadx/common/src/txe_byte_pool_create.o
                0x08005a60                _txe_byte_pool_create
 .text._txe_mutex_create
                0x08005b20       0xb0 ./Middlewares/ST/threadx/common/src/txe_mutex_create.o
                0x08005b20                _txe_mutex_create
 .text._txe_mutex_delete
                0x08005bd0       0x3c ./Middlewares/ST/threadx/common/src/txe_mutex_delete.o
                0x08005bd0                _txe_mutex_delete
 .text._txe_mutex_get
                0x08005c0c       0x64 ./Middlewares/ST/threadx/common/src/txe_mutex_get.o
                0x08005c0c                _txe_mutex_get
 .text._txe_mutex_put
                0x08005c70       0x38 ./Middlewares/ST/threadx/common/src/txe_mutex_put.o
                0x08005c70                _txe_mutex_put
 .text._txe_semaphore_create
                0x08005ca8       0xa4 ./Middlewares/ST/threadx/common/src/txe_semaphore_create.o
                0x08005ca8                _txe_semaphore_create
 .text._txe_semaphore_delete
                0x08005d4c       0x3c ./Middlewares/ST/threadx/common/src/txe_semaphore_delete.o
                0x08005d4c                _txe_semaphore_delete
 .text._txe_semaphore_get
                0x08005d88       0x40 ./Middlewares/ST/threadx/common/src/txe_semaphore_get.o
                0x08005d88                _txe_semaphore_get
 .text._txe_semaphore_put
                0x08005dc8       0x18 ./Middlewares/ST/threadx/common/src/txe_semaphore_put.o
                0x08005dc8                _txe_semaphore_put
 .text._txe_thread_create
                0x08005de0      0x13c ./Middlewares/ST/threadx/common/src/txe_thread_create.o
                0x08005de0                _txe_thread_create
 .text._txe_thread_info_get
                0x08005f1c       0x38 ./Middlewares/ST/threadx/common/src/txe_thread_info_get.o
                0x08005f1c                _txe_thread_info_get
 .text._ux_device_stack_alternate_setting_get
                0x08005f54       0x3c ./Middlewares/ST/usbx/common/core/src/ux_device_stack_alternate_setting_get.o
                0x08005f54                _ux_device_stack_alternate_setting_get
 .text._ux_device_stack_alternate_setting_set
                0x08005f90      0x1f4 ./Middlewares/ST/usbx/common/core/src/ux_device_stack_alternate_setting_set.o
                0x08005f90                _ux_device_stack_alternate_setting_set
 .text._ux_device_stack_class_register
                0x08006184       0x64 ./Middlewares/ST/usbx/common/core/src/ux_device_stack_class_register.o
                0x08006184                _ux_device_stack_class_register
 .text._ux_device_stack_clear_feature
                0x080061e8       0x60 ./Middlewares/ST/usbx/common/core/src/ux_device_stack_clear_feature.o
                0x080061e8                _ux_device_stack_clear_feature
 .text._ux_device_stack_configuration_get
                0x08006248       0x20 ./Middlewares/ST/usbx/common/core/src/ux_device_stack_configuration_get.o
                0x08006248                _ux_device_stack_configuration_get
 .text._ux_device_stack_configuration_set
                0x08006268      0x1b8 ./Middlewares/ST/usbx/common/core/src/ux_device_stack_configuration_set.o
                0x08006268                _ux_device_stack_configuration_set
 .text._ux_device_stack_control_request_process
                0x08006420      0x1d8 ./Middlewares/ST/usbx/common/core/src/ux_device_stack_control_request_process.o
                0x08006420                _ux_device_stack_control_request_process
 .text._ux_device_stack_descriptor_send
                0x080065f8      0x204 ./Middlewares/ST/usbx/common/core/src/ux_device_stack_descriptor_send.o
                0x080065f8                _ux_device_stack_descriptor_send
 .text._ux_device_stack_disconnect
                0x080067fc       0x70 ./Middlewares/ST/usbx/common/core/src/ux_device_stack_disconnect.o
                0x080067fc                _ux_device_stack_disconnect
 .text._ux_device_stack_endpoint_stall
                0x0800686c       0x3c ./Middlewares/ST/usbx/common/core/src/ux_device_stack_endpoint_stall.o
                0x0800686c                _ux_device_stack_endpoint_stall
 .text._ux_device_stack_get_status
                0x080068a8       0x8c ./Middlewares/ST/usbx/common/core/src/ux_device_stack_get_status.o
                0x080068a8                _ux_device_stack_get_status
 .text._ux_device_stack_initialize
                0x08006934      0x1bc ./Middlewares/ST/usbx/common/core/src/ux_device_stack_initialize.o
                0x08006934                _ux_device_stack_initialize
 .text._ux_device_stack_interface_delete
                0x08006af0       0x48 ./Middlewares/ST/usbx/common/core/src/ux_device_stack_interface_delete.o
                0x08006af0                _ux_device_stack_interface_delete
 .text._ux_device_stack_interface_set
                0x08006b38      0x10c ./Middlewares/ST/usbx/common/core/src/ux_device_stack_interface_set.o
                0x08006b38                _ux_device_stack_interface_set
 .text._ux_device_stack_interface_start
                0x08006c44       0x5c ./Middlewares/ST/usbx/common/core/src/ux_device_stack_interface_start.o
                0x08006c44                _ux_device_stack_interface_start
 .text._ux_device_stack_set_feature
                0x08006ca0       0x58 ./Middlewares/ST/usbx/common/core/src/ux_device_stack_set_feature.o
                0x08006ca0                _ux_device_stack_set_feature
 .text._ux_device_stack_transfer_abort
                0x08006cf8       0x3c ./Middlewares/ST/usbx/common/core/src/ux_device_stack_transfer_abort.o
                0x08006cf8                _ux_device_stack_transfer_abort
 .text._ux_device_stack_transfer_all_request_abort
                0x08006d34        0xc ./Middlewares/ST/usbx/common/core/src/ux_device_stack_transfer_all_request_abort.o
                0x08006d34                _ux_device_stack_transfer_all_request_abort
 .text._ux_device_stack_transfer_request
                0x08006d40       0xa4 ./Middlewares/ST/usbx/common/core/src/ux_device_stack_transfer_request.o
                0x08006d40                _ux_device_stack_transfer_request
 .text._ux_system_error_handler
                0x08006de4       0x24 ./Middlewares/ST/usbx/common/core/src/ux_system_error_handler.o
                0x08006de4                _ux_system_error_handler
 .text._ux_system_initialize
                0x08006e08       0xac ./Middlewares/ST/usbx/common/core/src/ux_system_initialize.o
                0x08006e08                _ux_system_initialize
 .text._uxe_system_initialize
                0x08006eb4       0x16 ./Middlewares/ST/usbx/common/core/src/ux_system_initialize.o
                0x08006eb4                _uxe_system_initialize
 .text._ux_utility_delay_ms
                0x08006eca       0x12 ./Middlewares/ST/usbx/common/core/src/ux_utility_delay_ms.o
                0x08006eca                _ux_utility_delay_ms
 .text._ux_utility_descriptor_parse
                0x08006edc       0x5a ./Middlewares/ST/usbx/common/core/src/ux_utility_descriptor_parse.o
                0x08006edc                _ux_utility_descriptor_parse
 .text._ux_utility_long_get
                0x08006f36        0x4 ./Middlewares/ST/usbx/common/core/src/ux_utility_long_get.o
                0x08006f36                _ux_utility_long_get
 .text._ux_utility_long_put
                0x08006f3a       0x10 ./Middlewares/ST/usbx/common/core/src/ux_utility_long_put.o
                0x08006f3a                _ux_utility_long_put
 *fill*         0x08006f4a        0x2 
 .text._ux_utility_memory_allocate
                0x08006f4c       0xec ./Middlewares/ST/usbx/common/core/src/ux_utility_memory_allocate.o
                0x08006f4c                _ux_utility_memory_allocate
 .text._ux_utility_memory_allocate_mulc_safe
                0x08007038       0x18 ./Middlewares/ST/usbx/common/core/src/ux_utility_memory_allocate_mulc_safe.o
                0x08007038                _ux_utility_memory_allocate_mulc_safe
 .text._ux_utility_memory_byte_pool_create
                0x08007050       0x3c ./Middlewares/ST/usbx/common/core/src/ux_utility_memory_byte_pool_create.o
                0x08007050                _ux_utility_memory_byte_pool_create
 .text._ux_utility_memory_byte_pool_search
                0x0800708c       0x7c ./Middlewares/ST/usbx/common/core/src/ux_utility_memory_byte_pool_search.o
                0x0800708c                _ux_utility_memory_byte_pool_search
 .text._ux_utility_memory_copy
                0x08007108       0x14 ./Middlewares/ST/usbx/common/core/src/ux_utility_memory_copy.o
                0x08007108                _ux_utility_memory_copy
 .text._ux_utility_memory_free
                0x0800711c       0x74 ./Middlewares/ST/usbx/common/core/src/ux_utility_memory_free.o
                0x0800711c                _ux_utility_memory_free
 .text._ux_utility_memory_set
                0x08007190        0xe ./Middlewares/ST/usbx/common/core/src/ux_utility_memory_set.o
                0x08007190                _ux_utility_memory_set
 .text._ux_utility_mutex_create
                0x0800719e       0x1c ./Middlewares/ST/usbx/common/core/src/ux_utility_mutex_create.o
                0x0800719e                _ux_utility_mutex_create
 .text._ux_utility_mutex_delete
                0x080071ba        0x4 ./Middlewares/ST/usbx/common/core/src/ux_utility_mutex_delete.o
                0x080071ba                _ux_utility_mutex_delete
 .text._ux_utility_mutex_off
                0x080071be        0x4 ./Middlewares/ST/usbx/common/core/src/ux_utility_mutex_off.o
                0x080071be                _ux_utility_mutex_off
 .text._ux_utility_mutex_on
                0x080071c2       0x1c ./Middlewares/ST/usbx/common/core/src/ux_utility_mutex_on.o
                0x080071c2                _ux_utility_mutex_on
 .text._ux_utility_semaphore_create
                0x080071de       0x1a ./Middlewares/ST/usbx/common/core/src/ux_utility_semaphore_create.o
                0x080071de                _ux_utility_semaphore_create
 .text._ux_utility_semaphore_delete
                0x080071f8        0x4 ./Middlewares/ST/usbx/common/core/src/ux_utility_semaphore_delete.o
                0x080071f8                _ux_utility_semaphore_delete
 .text._ux_utility_semaphore_get
                0x080071fc       0x48 ./Middlewares/ST/usbx/common/core/src/ux_utility_semaphore_get.o
                0x080071fc                _ux_utility_semaphore_get
 .text._ux_utility_semaphore_put
                0x08007244        0x4 ./Middlewares/ST/usbx/common/core/src/ux_utility_semaphore_put.o
                0x08007244                _ux_utility_semaphore_put
 .text._ux_utility_short_get
                0x08007248        0x4 ./Middlewares/ST/usbx/common/core/src/ux_utility_short_get.o
                0x08007248                _ux_utility_short_get
 .text._ux_utility_string_length_check
                0x0800724c       0x28 ./Middlewares/ST/usbx/common/core/src/ux_utility_string_length_check.o
                0x0800724c                _ux_utility_string_length_check
 .text._ux_device_class_cdc_acm_activate
                0x08007274       0x18 ./Middlewares/ST/usbx/common/usbx_device_classes/src/ux_device_class_cdc_acm_activate.o
                0x08007274                _ux_device_class_cdc_acm_activate
 .text._ux_device_class_cdc_acm_control_request
                0x0800728c       0xb4 ./Middlewares/ST/usbx/common/usbx_device_classes/src/ux_device_class_cdc_acm_control_request.o
                0x0800728c                _ux_device_class_cdc_acm_control_request
 .text._ux_device_class_cdc_acm_deactivate
                0x08007340       0x46 ./Middlewares/ST/usbx/common/usbx_device_classes/src/ux_device_class_cdc_acm_deactivate.o
                0x08007340                _ux_device_class_cdc_acm_deactivate
 .text._ux_device_class_cdc_acm_entry
                0x08007386       0x38 ./Middlewares/ST/usbx/common/usbx_device_classes/src/ux_device_class_cdc_acm_entry.o
                0x08007386                _ux_device_class_cdc_acm_entry
 *fill*         0x080073be        0x2 
 .text._ux_device_class_cdc_acm_initialize
                0x080073c0       0x70 ./Middlewares/ST/usbx/common/usbx_device_classes/src/ux_device_class_cdc_acm_initialize.o
                0x080073c0                _ux_device_class_cdc_acm_initialize
 .text._ux_device_class_cdc_acm_ioctl
                0x08007430       0xd0 ./Middlewares/ST/usbx/common/usbx_device_classes/src/ux_device_class_cdc_acm_ioctl.o
                0x08007430                _ux_device_class_cdc_acm_ioctl
 .text._ux_device_class_cdc_acm_uninitialize
                0x08007500       0x22 ./Middlewares/ST/usbx/common/usbx_device_classes/src/ux_device_class_cdc_acm_unitialize.o
                0x08007500                _ux_device_class_cdc_acm_uninitialize
 *fill*         0x08007522        0x2 
 .text.HAL_PCD_SetupStageCallback
                0x08007524       0xbc ./Middlewares/ST/usbx/common/usbx_stm32_device_controllers/ux_dcd_stm32_callback.o
                0x08007524                HAL_PCD_SetupStageCallback
 .text.HAL_PCD_DataInStageCallback
                0x080075e0       0xc4 ./Middlewares/ST/usbx/common/usbx_stm32_device_controllers/ux_dcd_stm32_callback.o
                0x080075e0                HAL_PCD_DataInStageCallback
 .text.HAL_PCD_DataOutStageCallback
                0x080076a4       0xa8 ./Middlewares/ST/usbx/common/usbx_stm32_device_controllers/ux_dcd_stm32_callback.o
                0x080076a4                HAL_PCD_DataOutStageCallback
 .text.HAL_PCD_ResetCallback
                0x0800774c       0x30 ./Middlewares/ST/usbx/common/usbx_stm32_device_controllers/ux_dcd_stm32_callback.o
                0x0800774c                HAL_PCD_ResetCallback
 .text.HAL_PCD_ConnectCallback
                0x0800777c       0x14 ./Middlewares/ST/usbx/common/usbx_stm32_device_controllers/ux_dcd_stm32_callback.o
                0x0800777c                HAL_PCD_ConnectCallback
 .text.HAL_PCD_DisconnectCallback
                0x08007790       0x24 ./Middlewares/ST/usbx/common/usbx_stm32_device_controllers/ux_dcd_stm32_callback.o
                0x08007790                HAL_PCD_DisconnectCallback
 .text.HAL_PCD_SuspendCallback
                0x080077b4       0x14 ./Middlewares/ST/usbx/common/usbx_stm32_device_controllers/ux_dcd_stm32_callback.o
                0x080077b4                HAL_PCD_SuspendCallback
 .text.HAL_PCD_ResumeCallback
                0x080077c8       0x14 ./Middlewares/ST/usbx/common/usbx_stm32_device_controllers/ux_dcd_stm32_callback.o
                0x080077c8                HAL_PCD_ResumeCallback
 .text.HAL_PCD_SOFCallback
                0x080077dc       0x14 ./Middlewares/ST/usbx/common/usbx_stm32_device_controllers/ux_dcd_stm32_callback.o
                0x080077dc                HAL_PCD_SOFCallback
 .text._ux_dcd_stm32_endpoint_create
                0x080077f0       0x60 ./Middlewares/ST/usbx/common/usbx_stm32_device_controllers/ux_dcd_stm32_endpoint_create.o
                0x080077f0                _ux_dcd_stm32_endpoint_create
 .text._ux_dcd_stm32_endpoint_destroy
                0x08007850       0x16 ./Middlewares/ST/usbx/common/usbx_stm32_device_controllers/ux_dcd_stm32_endpoint_destroy.o
                0x08007850                _ux_dcd_stm32_endpoint_destroy
 .text._ux_dcd_stm32_endpoint_reset
                0x08007866       0x42 ./Middlewares/ST/usbx/common/usbx_stm32_device_controllers/ux_dcd_stm32_endpoint_reset.o
                0x08007866                _ux_dcd_stm32_endpoint_reset
 .text._ux_dcd_stm32_endpoint_stall
                0x080078a8       0x1e ./Middlewares/ST/usbx/common/usbx_stm32_device_controllers/ux_dcd_stm32_endpoint_stall.o
                0x080078a8                _ux_dcd_stm32_endpoint_stall
 .text._ux_dcd_stm32_endpoint_status
                0x080078c6       0x34 ./Middlewares/ST/usbx/common/usbx_stm32_device_controllers/ux_dcd_stm32_endpoint_status.o
                0x080078c6                _ux_dcd_stm32_endpoint_status
 .text._ux_dcd_stm32_frame_number_get
                0x080078fa        0x4 ./Middlewares/ST/usbx/common/usbx_stm32_device_controllers/ux_dcd_stm32_frame_number_get.o
                0x080078fa                _ux_dcd_stm32_frame_number_get
 .text._ux_dcd_stm32_function
                0x080078fe       0x9c ./Middlewares/ST/usbx/common/usbx_stm32_device_controllers/ux_dcd_stm32_function.o
                0x080078fe                _ux_dcd_stm32_function
 *fill*         0x0800799a        0x2 
 .text._ux_dcd_stm32_initialize
                0x0800799c       0x38 ./Middlewares/ST/usbx/common/usbx_stm32_device_controllers/ux_dcd_stm32_initialize.o
                0x0800799c                _ux_dcd_stm32_initialize
 .text._ux_dcd_stm32_initialize_complete
                0x080079d4       0xdc ./Middlewares/ST/usbx/common/usbx_stm32_device_controllers/ux_dcd_stm32_initialize_complete.o
                0x080079d4                _ux_dcd_stm32_initialize_complete
 .text._ux_dcd_stm32_transfer_abort
                0x08007ab0       0x1e ./Middlewares/ST/usbx/common/usbx_stm32_device_controllers/ux_dcd_stm32_transfer_abort.o
                0x08007ab0                _ux_dcd_stm32_transfer_abort
 .text._ux_dcd_stm32_transfer_request
                0x08007ace       0x54 ./Middlewares/ST/usbx/common/usbx_stm32_device_controllers/ux_dcd_stm32_transfer_request.o
                0x08007ace                _ux_dcd_stm32_transfer_request
 *fill*         0x08007b22        0x2 
 .text.app_ux_device_thread_entry
                0x08007b24       0x5c ./USBX/App/app_usbx_device.o
 .text.MX_USBX_Device_Init
                0x08007b80      0x114 ./USBX/App/app_usbx_device.o
                0x08007b80                MX_USBX_Device_Init
 .text.USBD_CDC_ACM_Activate
                0x08007c94        0x2 ./USBX/App/ux_device_cdc_acm.o
                0x08007c94                USBD_CDC_ACM_Activate
 .text.USBD_CDC_ACM_Deactivate
                0x08007c96        0x2 ./USBX/App/ux_device_cdc_acm.o
                0x08007c96                USBD_CDC_ACM_Deactivate
 .text.USBD_CDC_ACM_ParameterChange
                0x08007c98        0x2 ./USBX/App/ux_device_cdc_acm.o
                0x08007c98                USBD_CDC_ACM_ParameterChange
 .text.USBD_FrameWork_AssignEp
                0x08007c9a       0x40 ./USBX/App/ux_device_descriptors.o
 .text.USBD_Desc_GetString.part.0
                0x08007cda       0x26 ./USBX/App/ux_device_descriptors.o
 .text.USBD_Device_Framework_Builder.constprop.0.isra.0
                0x08007d00      0x354 ./USBX/App/ux_device_descriptors.o
 .text.USBD_Get_Device_Framework_Speed
                0x08008054       0x44 ./USBX/App/ux_device_descriptors.o
                0x08008054                USBD_Get_Device_Framework_Speed
 .text.USBD_Get_String_Framework
                0x08008098       0xa0 ./USBX/App/ux_device_descriptors.o
                0x08008098                USBD_Get_String_Framework
 .text.USBD_Get_Language_Id_Framework
                0x08008138       0x1c ./USBX/App/ux_device_descriptors.o
                0x08008138                USBD_Get_Language_Id_Framework
 .text.USBD_Get_Interface_Number
                0x08008154       0x2c ./USBX/App/ux_device_descriptors.o
                0x08008154                USBD_Get_Interface_Number
 .text.USBD_Get_Configuration_Number
                0x08008180        0x4 ./USBX/App/ux_device_descriptors.o
                0x08008180                USBD_Get_Configuration_Number
 .text.memset   0x08008184       0x10 C:/ST/STM32CubeIDE_1.18.0/STM32CubeIDE/plugins/com.st.stm32cube.ide.mcu.externaltools.gnu-tools-for-stm32.13.3.rel1.win32_1.0.0.202411081344/tools/bin/../lib/gcc/arm-none-eabi/13.3.1/../../../../arm-none-eabi/lib/thumb/v8-m.main+fp/hard\libc_nano.a(libc_a-memset.o)
                0x08008184                memset
 .text.__libc_init_array
                0x08008194       0x48 C:/ST/STM32CubeIDE_1.18.0/STM32CubeIDE/plugins/com.st.stm32cube.ide.mcu.externaltools.gnu-tools-for-stm32.13.3.rel1.win32_1.0.0.202411081344/tools/bin/../lib/gcc/arm-none-eabi/13.3.1/../../../../arm-none-eabi/lib/thumb/v8-m.main+fp/hard\libc_nano.a(libc_a-init.o)
                0x08008194                __libc_init_array
 *(.glue_7)
 .glue_7        0x080081dc        0x0 linker stubs
 *(.glue_7t)
 .glue_7t       0x080081dc        0x0 linker stubs
 *(.eh_frame)
 .eh_frame      0x080081dc        0x0 C:/ST/STM32CubeIDE_1.18.0/STM32CubeIDE/plugins/com.st.stm32cube.ide.mcu.externaltools.gnu-tools-for-stm32.13.3.rel1.win32_1.0.0.202411081344/tools/bin/../lib/gcc/arm-none-eabi/13.3.1/thumb/v8-m.main+fp/hard/crtbegin.o
 *(.init)
 .init          0x080081dc        0x4 C:/ST/STM32CubeIDE_1.18.0/STM32CubeIDE/plugins/com.st.stm32cube.ide.mcu.externaltools.gnu-tools-for-stm32.13.3.rel1.win32_1.0.0.202411081344/tools/bin/../lib/gcc/arm-none-eabi/13.3.1/thumb/v8-m.main+fp/hard/crti.o
                0x080081dc                _init
 .init          0x080081e0        0x8 C:/ST/STM32CubeIDE_1.18.0/STM32CubeIDE/plugins/com.st.stm32cube.ide.mcu.externaltools.gnu-tools-for-stm32.13.3.rel1.win32_1.0.0.202411081344/tools/bin/../lib/gcc/arm-none-eabi/13.3.1/thumb/v8-m.main+fp/hard/crtn.o
 *(.fini)
 .fini          0x080081e8        0x4 C:/ST/STM32CubeIDE_1.18.0/STM32CubeIDE/plugins/com.st.stm32cube.ide.mcu.externaltools.gnu-tools-for-stm32.13.3.rel1.win32_1.0.0.202411081344/tools/bin/../lib/gcc/arm-none-eabi/13.3.1/thumb/v8-m.main+fp/hard/crti.o
                0x080081e8                _fini
 .fini          0x080081ec        0x8 C:/ST/STM32CubeIDE_1.18.0/STM32CubeIDE/plugins/com.st.stm32cube.ide.mcu.externaltools.gnu-tools-for-stm32.13.3.rel1.win32_1.0.0.202411081344/tools/bin/../lib/gcc/arm-none-eabi/13.3.1/thumb/v8-m.main+fp/hard/crtn.o
                0x080081f4                        _etext = .

.vfp11_veneer   0x080081f4        0x0
 .vfp11_veneer  0x080081f4        0x0 linker stubs

.v4_bx          0x080081f4        0x0
 .v4_bx         0x080081f4        0x0 linker stubs

.iplt           0x080081f4        0x0
 .iplt          0x080081f4        0x0 C:/ST/STM32CubeIDE_1.18.0/STM32CubeIDE/plugins/com.st.stm32cube.ide.mcu.externaltools.gnu-tools-for-stm32.13.3.rel1.win32_1.0.0.202411081344/tools/bin/../lib/gcc/arm-none-eabi/13.3.1/thumb/v8-m.main+fp/hard/crtbegin.o

.rodata         0x080081f4      0x1d0
 *(.rodata)
 *(.rodata*)
 .rodata.tx_application_define.str1.1
                0x080081f4       0xf6 ./AZURE_RTOS/App/app_azure_rtos.o
                                 0x26 (size before relaxing)
 *fill*         0x080082ea        0x2 
 .rodata.MSIRangeTable
                0x080082ec       0x40 ./Core/Src/system_stm32u5xx.o
                0x080082ec                MSIRangeTable
 .rodata.APBPrescTable
                0x0800832c        0x8 ./Core/Src/system_stm32u5xx.o
                0x0800832c                APBPrescTable
 .rodata.AHBPrescTable
                0x08008334       0x10 ./Core/Src/system_stm32u5xx.o
                0x08008334                AHBPrescTable
 .rodata.LPGPIO_Map
                0x08008344       0x80 ./Drivers/STM32U5xx_HAL_Driver/Src/stm32u5xx_hal_gpio.o
 .rodata._tx_timer_initialize.str1.1
                0x080083c4       0x14 ./Middlewares/ST/threadx/common/src/tx_timer_initialize.o
 .rodata._ux_device_stack_initialize.str1.1
                0x080083c4       0x1e ./Middlewares/ST/usbx/common/core/src/ux_device_stack_initialize.o
 .rodata._ux_system_initialize.str1.1
                0x080083c4       0x10 ./Middlewares/ST/usbx/common/core/src/ux_system_initialize.o
 .rodata._ux_device_class_cdc_acm_initialize.str1.1
                0x080083c4       0x41 ./Middlewares/ST/usbx/common/usbx_device_classes/src/ux_device_class_cdc_acm_initialize.o
 .rodata.MX_USBX_Device_Init.str1.1
                0x080083c4       0x1c ./USBX/App/app_usbx_device.o
 .rodata.USBD_Get_String_Framework.str1.1
                0x080083c4       0x31 ./USBX/App/ux_device_descriptors.o

.ARM.extab
 *(.ARM.extab* .gnu.linkonce.armextab.*)

.ARM            0x080083c4        0x8
                0x080083c4                        __exidx_start = .
 *(.ARM.exidx*)
 .ARM.exidx     0x080083c4        0x8 C:/ST/STM32CubeIDE_1.18.0/STM32CubeIDE/plugins/com.st.stm32cube.ide.mcu.externaltools.gnu-tools-for-stm32.13.3.rel1.win32_1.0.0.202411081344/tools/bin/../lib/gcc/arm-none-eabi/13.3.1/../../../../arm-none-eabi/lib/thumb/v8-m.main+fp/hard\libc_nano.a(libc_a-strlen.o)
                0x080083cc                        __exidx_end = .

.preinit_array  0x080083cc        0x0
                0x080083cc                        PROVIDE (__preinit_array_start = .)
 *(.preinit_array*)
                0x080083cc                        PROVIDE (__preinit_array_end = .)

.init_array     0x080083cc        0x4
                0x080083cc                        PROVIDE (__init_array_start = .)
 *(SORT_BY_NAME(.init_array.*))
 *(.init_array*)
 .init_array    0x080083cc        0x4 C:/ST/STM32CubeIDE_1.18.0/STM32CubeIDE/plugins/com.st.stm32cube.ide.mcu.externaltools.gnu-tools-for-stm32.13.3.rel1.win32_1.0.0.202411081344/tools/bin/../lib/gcc/arm-none-eabi/13.3.1/thumb/v8-m.main+fp/hard/crtbegin.o
                0x080083d0                        PROVIDE (__init_array_end = .)

.fini_array     0x080083d0        0x4
                [!provide]                        PROVIDE (__fini_array_start = .)
 *(SORT_BY_NAME(.fini_array.*))
 *(.fini_array*)
 .fini_array    0x080083d0        0x4 C:/ST/STM32CubeIDE_1.18.0/STM32CubeIDE/plugins/com.st.stm32cube.ide.mcu.externaltools.gnu-tools-for-stm32.13.3.rel1.win32_1.0.0.202411081344/tools/bin/../lib/gcc/arm-none-eabi/13.3.1/thumb/v8-m.main+fp/hard/crtbegin.o
                [!provide]                        PROVIDE (__fini_array_end = .)
                0x080083d4                        _sidata = LOADADDR (.data)

.rel.dyn        0x080083d4        0x0
 .rel.iplt      0x080083d4        0x0 C:/ST/STM32CubeIDE_1.18.0/STM32CubeIDE/plugins/com.st.stm32cube.ide.mcu.externaltools.gnu-tools-for-stm32.13.3.rel1.win32_1.0.0.202411081344/tools/bin/../lib/gcc/arm-none-eabi/13.3.1/thumb/v8-m.main+fp/hard/crtbegin.o

.data           0x20000000       0x5b load address 0x080083d4
                0x20000000                        _sdata = .
 *(.data)
 *(.data*)
 .data.SystemCoreClock
                0x20000000        0x4 ./Core/Src/system_stm32u5xx.o
                0x20000000                SystemCoreClock
 .data.uwTickFreq
                0x20000004        0x1 ./Drivers/STM32U5xx_HAL_Driver/Src/stm32u5xx_hal.o
                0x20000004                uwTickFreq
 *fill*         0x20000005        0x3 
 .data.uwTickPrio
                0x20000008        0x4 ./Drivers/STM32U5xx_HAL_Driver/Src/stm32u5xx_hal.o
                0x20000008                uwTickPrio
 .data._tx_thread_system_state
                0x2000000c        0x4 ./Middlewares/ST/threadx/common/src/tx_thread_initialize.o
                0x2000000c                _tx_thread_system_state
 .data._ux_system_slave_class_cdc_acm_name
                0x20000010       0x17 ./Middlewares/ST/usbx/common/core/src/ux_device_stack_initialize.o
                0x20000010                _ux_system_slave_class_cdc_acm_name
 .data._ux_system_bos_descriptor_structure
                0x20000027        0x4 ./Middlewares/ST/usbx/common/core/src/ux_system_initialize.o
                0x20000027                _ux_system_bos_descriptor_structure
 .data._ux_system_interface_descriptor_structure
                0x2000002b        0x9 ./Middlewares/ST/usbx/common/core/src/ux_system_initialize.o
                0x2000002b                _ux_system_interface_descriptor_structure
 .data._ux_system_configuration_descriptor_structure
                0x20000034        0x8 ./Middlewares/ST/usbx/common/core/src/ux_system_initialize.o
                0x20000034                _ux_system_configuration_descriptor_structure
 .data._ux_system_device_descriptor_structure
                0x2000003c        0xe ./Middlewares/ST/usbx/common/core/src/ux_system_initialize.o
                0x2000003c                _ux_system_device_descriptor_structure
 .data._ux_system_endpoint_descriptor_structure
                0x2000004a        0x6 ./Middlewares/ST/usbx/common/core/src/ux_system_initialize.o
                0x2000004a                _ux_system_endpoint_descriptor_structure
 .data.UserClassInstance
                0x20000050        0xb ./USBX/App/ux_device_descriptors.o
                0x20000050                UserClassInstance
 *(.RamFunc)
 *(.RamFunc*)
                0x2000005b                        _edata = .

.igot.plt       0x2000005c        0x0 load address 0x0800842f
 .igot.plt      0x2000005c        0x0 C:/ST/STM32CubeIDE_1.18.0/STM32CubeIDE/plugins/com.st.stm32cube.ide.mcu.externaltools.gnu-tools-for-stm32.13.3.rel1.win32_1.0.0.202411081344/tools/bin/../lib/gcc/arm-none-eabi/13.3.1/thumb/v8-m.main+fp/hard/crtbegin.o

.bss            0x2000005c     0x36c0 load address 0x0800842f
                0x2000005c                        _sbss = .
                0x2000005c                        __bss_start__ = _sbss
 *(.bss)
 .bss           0x2000005c       0x1c C:/ST/STM32CubeIDE_1.18.0/STM32CubeIDE/plugins/com.st.stm32cube.ide.mcu.externaltools.gnu-tools-for-stm32.13.3.rel1.win32_1.0.0.202411081344/tools/bin/../lib/gcc/arm-none-eabi/13.3.1/thumb/v8-m.main+fp/hard/crtbegin.o
 *(.bss*)
 .bss.ux_device_app_byte_pool
                0x20000078       0x34 ./AZURE_RTOS/App/app_azure_rtos.o
 .bss.ux_device_byte_pool_buffer
                0x200000ac     0x1c00 ./AZURE_RTOS/App/app_azure_rtos.o
 .bss.tx_app_byte_pool
                0x20001cac       0x34 ./AZURE_RTOS/App/app_azure_rtos.o
 .bss.tx_byte_pool_buffer
                0x20001ce0      0x400 ./AZURE_RTOS/App/app_azure_rtos.o
 .bss.hadc1     0x200020e0       0x8c ./Core/Src/adc.o
                0x200020e0                hadc1
 .bss.hspi3     0x2000216c       0x90 ./Core/Src/spi.o
                0x2000216c                hspi3
 .bss.htim6     0x200021fc       0x4c ./Core/Src/stm32u5xx_hal_timebase_tim.o