Archive member included to satisfy reference by file (symbol)

C:/ST/STM32CubeIDE_1.18.1/STM32CubeIDE/plugins/com.st.stm32cube.ide.mcu.externaltools.gnu-tools-for-stm32.13.3.rel1.win32_1.0.0.202411081344/tools/bin/../lib/gcc/arm-none-eabi/13.3.1/../../../../arm-none-eabi/lib/thumb/v8-m.main+fp/hard\libc_nano.a(libc_a-exit.o)
                              C:/ST/STM32CubeIDE_1.18.1/STM32CubeIDE/plugins/com.st.stm32cube.ide.mcu.externaltools.gnu-tools-for-stm32.13.3.rel1.win32_1.0.0.202411081344/tools/bin/../lib/gcc/arm-none-eabi/13.3.1/../../../../arm-none-eabi/lib/thumb/v8-m.main+fp/hard/crt0.o (exit)
C:/ST/STM32CubeIDE_1.18.1/STM32CubeIDE/plugins/com.st.stm32cube.ide.mcu.externaltools.gnu-tools-for-stm32.13.3.rel1.win32_1.0.0.202411081344/tools/bin/../lib/gcc/arm-none-eabi/13.3.1/../../../../arm-none-eabi/lib/thumb/v8-m.main+fp/hard\libc_nano.a(libc_a-findfp.o)
                              C:/ST/STM32CubeIDE_1.18.1/STM32CubeIDE/plugins/com.st.stm32cube.ide.mcu.externaltools.gnu-tools-for-stm32.13.3.rel1.win32_1.0.0.202411081344/tools/bin/../lib/gcc/arm-none-eabi/13.3.1/../../../../arm-none-eabi/lib/thumb/v8-m.main+fp/hard\libc_nano.a(libc_a-exit.o) (__stdio_exit_handler)
C:/ST/STM32CubeIDE_1.18.1/STM32CubeIDE/plugins/com.st.stm32cube.ide.mcu.externaltools.gnu-tools-for-stm32.13.3.rel1.win32_1.0.0.202411081344/tools/bin/../lib/gcc/arm-none-eabi/13.3.1/../../../../arm-none-eabi/lib/thumb/v8-m.main+fp/hard\libc_nano.a(libc_a-fwalk.o)
                              C:/ST/STM32CubeIDE_1.18.1/STM32CubeIDE/plugins/com.st.stm32cube.ide.mcu.externaltools.gnu-tools-for-stm32.13.3.rel1.win32_1.0.0.202411081344/tools/bin/../lib/gcc/arm-none-eabi/13.3.1/../../../../arm-none-eabi/lib/thumb/v8-m.main+fp/hard\libc_nano.a(libc_a-findfp.o) (_fwalk_sglue)
C:/ST/STM32CubeIDE_1.18.1/STM32CubeIDE/plugins/com.st.stm32cube.ide.mcu.externaltools.gnu-tools-for-stm32.13.3.rel1.win32_1.0.0.202411081344/tools/bin/../lib/gcc/arm-none-eabi/13.3.1/../../../../arm-none-eabi/lib/thumb/v8-m.main+fp/hard\libc_nano.a(libc_a-stdio.o)
                              C:/ST/STM32CubeIDE_1.18.1/STM32CubeIDE/plugins/com.st.stm32cube.ide.mcu.externaltools.gnu-tools-for-stm32.13.3.rel1.win32_1.0.0.202411081344/tools/bin/../lib/gcc/arm-none-eabi/13.3.1/../../../../arm-none-eabi/lib/thumb/v8-m.main+fp/hard\libc_nano.a(libc_a-findfp.o) (__sread)
C:/ST/STM32CubeIDE_1.18.1/STM32CubeIDE/plugins/com.st.stm32cube.ide.mcu.externaltools.gnu-tools-for-stm32.13.3.rel1.win32_1.0.0.202411081344/tools/bin/../lib/gcc/arm-none-eabi/13.3.1/../../../../arm-none-eabi/lib/thumb/v8-m.main+fp/hard\libc_nano.a(libc_a-memset.o)
                              C:/ST/STM32CubeIDE_1.18.1/STM32CubeIDE/plugins/com.st.stm32cube.ide.mcu.externaltools.gnu-tools-for-stm32.13.3.rel1.win32_1.0.0.202411081344/tools/bin/../lib/gcc/arm-none-eabi/13.3.1/../../../../arm-none-eabi/lib/thumb/v8-m.main+fp/hard/crt0.o (memset)
C:/ST/STM32CubeIDE_1.18.1/STM32CubeIDE/plugins/com.st.stm32cube.ide.mcu.externaltools.gnu-tools-for-stm32.13.3.rel1.win32_1.0.0.202411081344/tools/bin/../lib/gcc/arm-none-eabi/13.3.1/../../../../arm-none-eabi/lib/thumb/v8-m.main+fp/hard\libc_nano.a(libc_a-closer.o)
                              C:/ST/STM32CubeIDE_1.18.1/STM32CubeIDE/plugins/com.st.stm32cube.ide.mcu.externaltools.gnu-tools-for-stm32.13.3.rel1.win32_1.0.0.202411081344/tools/bin/../lib/gcc/arm-none-eabi/13.3.1/../../../../arm-none-eabi/lib/thumb/v8-m.main+fp/hard\libc_nano.a(libc_a-stdio.o) (_close_r)
C:/ST/STM32CubeIDE_1.18.1/STM32CubeIDE/plugins/com.st.stm32cube.ide.mcu.externaltools.gnu-tools-for-stm32.13.3.rel1.win32_1.0.0.202411081344/tools/bin/../lib/gcc/arm-none-eabi/13.3.1/../../../../arm-none-eabi/lib/thumb/v8-m.main+fp/hard\libc_nano.a(libc_a-reent.o)
                              C:/ST/STM32CubeIDE_1.18.1/STM32CubeIDE/plugins/com.st.stm32cube.ide.mcu.externaltools.gnu-tools-for-stm32.13.3.rel1.win32_1.0.0.202411081344/tools/bin/../lib/gcc/arm-none-eabi/13.3.1/../../../../arm-none-eabi/lib/thumb/v8-m.main+fp/hard\libc_nano.a(libc_a-closer.o) (errno)
C:/ST/STM32CubeIDE_1.18.1/STM32CubeIDE/plugins/com.st.stm32cube.ide.mcu.externaltools.gnu-tools-for-stm32.13.3.rel1.win32_1.0.0.202411081344/tools/bin/../lib/gcc/arm-none-eabi/13.3.1/../../../../arm-none-eabi/lib/thumb/v8-m.main+fp/hard\libc_nano.a(libc_a-impure.o)
                              C:/ST/STM32CubeIDE_1.18.1/STM32CubeIDE/plugins/com.st.stm32cube.ide.mcu.externaltools.gnu-tools-for-stm32.13.3.rel1.win32_1.0.0.202411081344/tools/bin/../lib/gcc/arm-none-eabi/13.3.1/../../../../arm-none-eabi/lib/thumb/v8-m.main+fp/hard\libc_nano.a(libc_a-reent.o) (_impure_ptr)
C:/ST/STM32CubeIDE_1.18.1/STM32CubeIDE/plugins/com.st.stm32cube.ide.mcu.externaltools.gnu-tools-for-stm32.13.3.rel1.win32_1.0.0.202411081344/tools/bin/../lib/gcc/arm-none-eabi/13.3.1/../../../../arm-none-eabi/lib/thumb/v8-m.main+fp/hard\libc_nano.a(libc_a-lseekr.o)
[...]
Memory Configuration

Name             Origin             Length             Attributes
RAM              0x20000000         0x000c0000         xrw
SRAM4            0x28000000         0x00004000         xrw
FLASH            0x08000000         0x00200000         xr
*default*        0x00000000         0xffffffff

Linker script and memory map

LOAD C:/ST/STM32CubeIDE_1.18.1/STM32CubeIDE/plugins/com.st.stm32cube.ide.mcu.externaltools.gnu-tools-for-stm32.13.3.rel1.win32_1.0.0.202411081344/tools/bin/../lib/gcc/arm-none-eabi/13.3.1/thumb/v8-m.main+fp/hard/crti.o
LOAD C:/ST/STM32CubeIDE_1.18.1/STM32CubeIDE/plugins/com.st.stm32cube.ide.mcu.externaltools.gnu-tools-for-stm32.13.3.rel1.win32_1.0.0.202411081344/tools/bin/../lib/gcc/arm-none-eabi/13.3.1/thumb/v8-m.main+fp/hard/crtbegin.o
LOAD C:/ST/STM32CubeIDE_1.18.1/STM32CubeIDE/plugins/com.st.stm32cube.ide.mcu.externaltools.gnu-tools-for-stm32.13.3.rel1.win32_1.0.0.202411081344/tools/bin/../lib/gcc/arm-none-eabi/13.3.1/../../../../arm-none-eabi/lib/thumb/v8-m.main+fp/hard/crt0.o
LOAD ./ADF4351/ADF4351.o
LOAD ./Core/Src/adc.o
LOAD ./Core/Src/comDef.o
LOAD ./Core/Src/cycleSync.o
LOAD ./Core/Src/gpdma.o
LOAD ./Core/Src/gpio.o
LOAD ./Core/Src/icache.o
LOAD ./Core/Src/main.o
LOAD ./Core/Src/mainCycle.o
LOAD ./Core/Src/memorymap.o
LOAD ./Core/Src/refCtrl.o
LOAD ./Core/Src/stm32u5xx_hal_msp.o
LOAD ./Core/Src/stm32u5xx_it.o
LOAD ./Core/Src/syscalls.o
LOAD ./Core/Src/sysmem.o
LOAD ./Core/Src/system_stm32u5xx.o
LOAD ./Core/Src/tim.o
LOAD ./Core/Src/usart.o
LOAD ./Core/Startup/startup_stm32u575vitx.o
LOAD ./Drivers/STM32U5xx_HAL_Driver/Src/stm32u5xx_hal.o
LOAD ./Drivers/STM32U5xx_HAL_Driver/Src/stm32u5xx_hal_adc.o
LOAD ./Drivers/STM32U5xx_HAL_Driver/Src/stm32u5xx_hal_adc_ex.o
LOAD ./Drivers/STM32U5xx_HAL_Driver/Src/stm32u5xx_hal_cortex.o
LOAD ./Drivers/STM32U5xx_HAL_Driver/Src/stm32u5xx_hal_dma.o
LOAD ./Drivers/STM32U5xx_HAL_Driver/Src/stm32u5xx_hal_dma_ex.o
LOAD ./Drivers/STM32U5xx_HAL_Driver/Src/stm32u5xx_hal_exti.o
LOAD ./Drivers/STM32U5xx_HAL_Driver/Src/stm32u5xx_hal_flash.o
LOAD ./Drivers/STM32U5xx_HAL_Driver/Src/stm32u5xx_hal_flash_ex.o
LOAD ./Drivers/STM32U5xx_HAL_Driver/Src/stm32u5xx_hal_gpio.o
LOAD ./Drivers/STM32U5xx_HAL_Driver/Src/stm32u5xx_hal_gtzc.o
LOAD ./Drivers/STM32U5xx_HAL_Driver/Src/stm32u5xx_hal_i2c.o
LOAD ./Drivers/STM32U5xx_HAL_Driver/Src/stm32u5xx_hal_i2c_ex.o
LOAD ./Drivers/STM32U5xx_HAL_Driver/Src/stm32u5xx_hal_icache.o
LOAD ./Drivers/STM32U5xx_HAL_Driver/Src/stm32u5xx_hal_pwr.o
LOAD ./Drivers/STM32U5xx_HAL_Driver/Src/stm32u5xx_hal_pwr_ex.o
LOAD ./Drivers/STM32U5xx_HAL_Driver/Src/stm32u5xx_hal_rcc.o
LOAD ./Drivers/STM32U5xx_HAL_Driver/Src/stm32u5xx_hal_rcc_ex.o
LOAD ./Drivers/STM32U5xx_HAL_Driver/Src/stm32u5xx_hal_tim.o
LOAD ./Drivers/STM32U5xx_HAL_Driver/Src/stm32u5xx_hal_tim_ex.o
LOAD ./Drivers/STM32U5xx_HAL_Driver/Src/stm32u5xx_hal_uart.o
LOAD ./Drivers/STM32U5xx_HAL_Driver/Src/stm32u5xx_hal_uart_ex.o
START GROUP
LOAD C:/ST/STM32CubeIDE_1.18.1/STM32CubeIDE/plugins/com.st.stm32cube.ide.mcu.externaltools.gnu-tools-for-stm32.13.3.rel1.win32_1.0.0.202411081344/tools/bin/../lib/gcc/arm-none-eabi/13.3.1/../../../../arm-none-eabi/lib/thumb/v8-m.main+fp/hard\libc_nano.a
LOAD C:/ST/STM32CubeIDE_1.18.1/STM32CubeIDE/plugins/com.st.stm32cube.ide.mcu.externaltools.gnu-tools-for-stm32.13.3.rel1.win32_1.0.0.202411081344/tools/bin/../lib/gcc/arm-none-eabi/13.3.1/../../../../arm-none-eabi/lib/thumb/v8-m.main+fp/hard\libm.a
END GROUP
START GROUP
LOAD C:/ST/STM32CubeIDE_1.18.1/STM32CubeIDE/plugins/com.st.stm32cube.ide.mcu.externaltools.gnu-tools-for-stm32.13.3.rel1.win32_1.0.0.202411081344/tools/bin/../lib/gcc/arm-none-eabi/13.3.1/thumb/v8-m.main+fp/hard\libgcc.a
LOAD C:/ST/STM32CubeIDE_1.18.1/STM32CubeIDE/plugins/com.st.stm32cube.ide.mcu.externaltools.gnu-tools-for-stm32.13.3.rel1.win32_1.0.0.202411081344/tools/bin/../lib/gcc/arm-none-eabi/13.3.1/../../../../arm-none-eabi/lib/thumb/v8-m.main+fp/hard\libc_nano.a
END GROUP
START GROUP
LOAD C:/ST/STM32CubeIDE_1.18.1/STM32CubeIDE/plugins/com.st.stm32cube.ide.mcu.externaltools.gnu-tools-for-stm32.13.3.rel1.win32_1.0.0.202411081344/tools/bin/../lib/gcc/arm-none-eabi/13.3.1/thumb/v8-m.main+fp/hard\libgcc.a
LOAD C:/ST/STM32CubeIDE_1.18.1/STM32CubeIDE/plugins/com.st.stm32cube.ide.mcu.externaltools.gnu-tools-for-stm32.13.3.rel1.win32_1.0.0.202411081344/tools/bin/../lib/gcc/arm-none-eabi/13.3.1/../../../../arm-none-eabi/lib/thumb/v8-m.main+fp/hard\libc_nano.a
LOAD C:/ST/STM32CubeIDE_1.18.1/STM32CubeIDE/plugins/com.st.stm32cube.ide.mcu.externaltools.gnu-tools-for-stm32.13.3.rel1.win32_1.0.0.202411081344/tools/bin/../lib/gcc/arm-none-eabi/13.3.1/../../../../arm-none-eabi/lib/thumb/v8-m.main+fp/hard\libnosys.a
END GROUP
START GROUP
LOAD C:/ST/STM32CubeIDE_1.18.1/STM32CubeIDE/plugins/com.st.stm32cube.ide.mcu.externaltools.gnu-tools-for-stm32.13.3.rel1.win32_1.0.0.202411081344/tools/bin/../lib/gcc/arm-none-eabi/13.3.1/thumb/v8-m.main+fp/hard\libgcc.a
LOAD C:/ST/STM32CubeIDE_1.18.1/STM32CubeIDE/plugins/com.st.stm32cube.ide.mcu.externaltools.gnu-tools-for-stm32.13.3.rel1.win32_1.0.0.202411081344/tools/bin/../lib/gcc/arm-none-eabi/13.3.1/../../../../arm-none-eabi/lib/thumb/v8-m.main+fp/hard\libc_nano.a
LOAD C:/ST/STM32CubeIDE_1.18.1/STM32CubeIDE/plugins/com.st.stm32cube.ide.mcu.externaltools.gnu-tools-for-stm32.13.3.rel1.win32_1.0.0.202411081344/tools/bin/../lib/gcc/arm-none-eabi/13.3.1/../../../../arm-none-eabi/lib/thumb/v8-m.main+fp/hard\libnosys.a
END GROUP
LOAD C:/ST/STM32CubeIDE_1.18.1/STM32CubeIDE/plugins/com.st.stm32cube.ide.mcu.externaltools.gnu-tools-for-stm32.13.3.rel1.win32_1.0.0.202411081344/tools/bin/../lib/gcc/arm-none-eabi/13.3.1/thumb/v8-m.main+fp/hard/crtend.o
LOAD C:/ST/STM32CubeIDE_1.18.1/STM32CubeIDE/plugins/com.st.stm32cube.ide.mcu.externaltools.gnu-tools-for-stm32.13.3.rel1.win32_1.0.0.202411081344/tools/bin/../lib/gcc/arm-none-eabi/13.3.1/thumb/v8-m.main+fp/hard/crtn.o
                0x200c0000                        _estack = (ORIGIN (RAM) + LENGTH (RAM))
                0x00000200                        _Min_Heap_Size = 0x200
                0x00000400                        _Min_Stack_Size = 0x400

.isr_vector     0x08000000      0x238
 *(.isr_vector)
 .isr_vector    0x08000000      0x238 ./Core/Startup/startup_stm32u575vitx.o
                0x08000000                g_pfnVectors

.text           0x08000238     0x6a68
 *(.text)
 .text          0x08000238       0x40 C:/ST/STM32CubeIDE_1.18.1/STM32CubeIDE/plugins/com.st.stm32cube.ide.mcu.externaltools.gnu-tools-for-stm32.13.3.rel1.win32_1.0.0.202411081344/tools/bin/../lib/gcc/arm-none-eabi/13.3.1/thumb/v8-m.main+fp/hard/crtbegin.o
 .text          0x08000278       0x30 C:/ST/STM32CubeIDE_1.18.1/STM32CubeIDE/plugins/com.st.stm32cube.ide.mcu.externaltools.gnu-tools-for-stm32.13.3.rel1.win32_1.0.0.202411081344/tools/bin/../lib/gcc/arm-none-eabi/13.3.1/thumb/v8-m.main+fp/hard\libgcc.a(_aeabi_uldivmod.o)
                0x08000278                __aeabi_uldivmod
 .text          0x080002a8      0x348 C:/ST/STM32CubeIDE_1.18.1/STM32CubeIDE/plugins/com.st.stm32cube.ide.mcu.externaltools.gnu-tools-for-stm32.13.3.rel1.win32_1.0.0.202411081344/tools/bin/../lib/gcc/arm-none-eabi/13.3.1/thumb/v8-m.main+fp/hard\libgcc.a(_udivmoddi4.o)
                0x080002a8                __udivmoddi4
 .text          0x080005f0        0x4 C:/ST/STM32CubeIDE_1.18.1/STM32CubeIDE/plugins/com.st.stm32cube.ide.mcu.externaltools.gnu-tools-for-stm32.13.3.rel1.win32_1.0.0.202411081344/tools/bin/../lib/gcc/arm-none-eabi/13.3.1/thumb/v8-m.main+fp/hard\libgcc.a(_dvmd_tls.o)
                0x080005f0                __aeabi_idiv0
                0x080005f0                __aeabi_ldiv0
 *(.text*)
 .text.ADF4351_setDATA
                0x080005f4       0x10 ./ADF4351/ADF4351.o
                0x080005f4                ADF4351_setDATA
 .text.ADF4351_setCLK
                0x08000604       0x10 ./ADF4351/ADF4351.o
                0x08000604                ADF4351_setCLK
 .text.ADF4351_setLE
                0x08000614       0x10 ./ADF4351/ADF4351.o
                0x08000614                ADF4351_setLE
 .text.ADF4351_initPorts
                0x08000624       0xa0 ./ADF4351/ADF4351.o
                0x08000624                ADF4351_initPorts
 .text.ADF4351_sendData
                0x080006c4       0x4a ./ADF4351/ADF4351.o
                0x080006c4                ADF4351_sendData
 .text.ADF4351_calcBandSelClkDivMax
                0x0800070e       0x3a ./ADF4351/ADF4351.o
                0x0800070e                ADF4351_calcBandSelClkDivMax
 .text.ADF4351_setRegister0
                0x08000748        0xe ./ADF4351/ADF4351.o
                0x08000748                ADF4351_setRegister0
 .text.ADF4351_setRegister1
                0x08000756       0x26 ./ADF4351/ADF4351.o
                0x08000756                ADF4351_setRegister1
 .text.ADF4351_setRegister2
                0x0800077c       0x9a ./ADF4351/ADF4351.o
                0x0800077c                ADF4351_setRegister2
 *fill*         0x08000816        0x2 
 .text.ADF4351_enable
                0x08000818       0x10 ./ADF4351/ADF4351.o
                0x08000818                ADF4351_enable
 .text.ADF4351_init
                0x08000828       0x1a ./ADF4351/ADF4351.o
                0x08000828                ADF4351_init
 .text.ADF4351_VCO_freq
                0x08000842       0x56 ./ADF4351/ADF4351.o
                0x08000842                ADF4351_VCO_freq
 .text.ADF4351_settings
                0x08000898      0x100 ./ADF4351/ADF4351.o
                0x08000898                ADF4351_settings
 .text.MX_ADC1_Init
                0x08000998       0x94 ./Core/Src/adc.o
                0x08000998                MX_ADC1_Init
 .text.HAL_ADC_MspInit
                0x08000a2c       0xf4 ./Core/Src/adc.o
                0x08000a2c                HAL_ADC_MspInit
 .text.sync_enableSync
                0x08000b20       0x10 ./Core/Src/cycleSync.o
                0x08000b20                sync_enableSync
 .text.sync_disableSync
                0x08000b30       0x10 ./Core/Src/cycleSync.o
                0x08000b30                sync_disableSync
 .text.sync_start
                0x08000b40       0x14 ./Core/Src/cycleSync.o
                0x08000b40                sync_start
 .text.sync_enableGate
                0x08000b54       0x10 ./Core/Src/cycleSync.o
                0x08000b54                sync_enableGate
 .text.sync_disableGate
                0x08000b64       0x10 ./Core/Src/cycleSync.o
                0x08000b64                sync_disableGate
 .text.sync_settings
                0x08000b74       0x50 ./Core/Src/cycleSync.o
                0x08000b74                sync_settings
 .text.MX_GPDMA1_Init
                0x08000bc4       0x38 ./Core/Src/gpdma.o
                0x08000bc4                MX_GPDMA1_Init
 .text.MX_GPIO_Init
                0x08000bfc      0x19c ./Core/Src/gpio.o
                0x08000bfc                MX_GPIO_Init
 .text.MX_ICACHE_Init
                0x08000d98       0x1e ./Core/Src/icache.o
                0x08000d98                MX_ICACHE_Init
 .text.SystemClock_Config
                0x08000db6       0x7e ./Core/Src/main.o
                0x08000db6                SystemClock_Config
 .text.startup.main
                0x08000e34       0x2c ./Core/Src/main.o
                0x08000e34                main
 .text.Error_Handler
                0x08000e60        0x4 ./Core/Src/main.o
                0x08000e60                Error_Handler
 .text.HAL_TIM_PeriodElapsedCallback
                0x08000e64       0x2c ./Core/Src/mainCycle.o
                0x08000e64                HAL_TIM_PeriodElapsedCallback
 .text.HAL_UART_RxCpltCallback
                0x08000e90       0x20 ./Core/Src/mainCycle.o
                0x08000e90                HAL_UART_RxCpltCallback
 .text.HAL_GPIO_EXTI_Rising_Callback
                0x08000eb0       0x14 ./Core/Src/mainCycle.o
                0x08000eb0                HAL_GPIO_EXTI_Rising_Callback
 .text.main_IF_transmit
                0x08000ec4       0x40 ./Core/Src/mainCycle.o
                0x08000ec4                main_IF_transmit
 .text.main_IF_receive_start
                0x08000f04       0x2c ./Core/Src/mainCycle.o
                0x08000f04                main_IF_receive_start
 .text.main_IF_cmd_test
                0x08000f30       0x14 ./Core/Src/mainCycle.o
                0x08000f30                main_IF_cmd_test
 .text.main_IF_cmd_test_value
                0x08000f44       0x18 ./Core/Src/mainCycle.o
                0x08000f44                main_IF_cmd_test_value
 .text.main_IF_cmd_test_send_32
                0x08000f5c        0xc ./Core/Src/mainCycle.o
                0x08000f5c                main_IF_cmd_test_send_32
 .text.main_IF_cmd_test_send_1024
                0x08000f68       0x10 ./Core/Src/mainCycle.o
                0x08000f68                main_IF_cmd_test_send_1024
 .text.main_IF_ref_send
                0x08000f78       0x20 ./Core/Src/mainCycle.o
                0x08000f78                main_IF_ref_send
 .text.main_init
                0x08000f98       0x14 ./Core/Src/mainCycle.o
                0x08000f98                main_init
 .text.main_cmdProc
                0x08000fac       0x3e ./Core/Src/mainCycle.o
                0x08000fac                main_cmdProc
 *fill*         0x08000fea        0x2 
 .text.main_IF_cycle
                0x08000fec       0x2c ./Core/Src/mainCycle.o
                0x08000fec                main_IF_cycle
 .text.main_cycle
                0x08001018       0x1e ./Core/Src/mainCycle.o
                0x08001018                main_cycle
 *fill*         0x08001036        0x2 
 .text.HAL_DMA_TrsvCpltCallback
                0x08001038       0x34 ./Core/Src/refCtrl.o
                0x08001038                HAL_DMA_TrsvCpltCallback
 .text.HAL_ADC_startDMAChannel
                0x0800106c       0x74 ./Core/Src/refCtrl.o
                0x0800106c                HAL_ADC_startDMAChannel
 .text.ADC_startDMA
                0x080010e0       0x6c ./Core/Src/refCtrl.o
                0x080010e0                ADC_startDMA
 .text.ADC_measCpltCallback
                0x0800114c       0x18 ./Core/Src/refCtrl.o
                0x0800114c                ADC_measCpltCallback
 .text.HAL_ADC_ConvCpltCallback
                0x08001164        0x2 ./Core/Src/refCtrl.o
                0x08001164                HAL_ADC_ConvCpltCallback
 *fill*         0x08001166        0x2 
 .text.meas_start_DMA
                0x08001168       0x2c ./Core/Src/refCtrl.o
                0x08001168                meas_start_DMA
 .text.meas_start_ADC_DMA
                0x08001194       0x3c ./Core/Src/refCtrl.o
                0x08001194                meas_start_ADC_DMA
 .text.ref_meas_ADC
                0x080011d0       0x40 ./Core/Src/refCtrl.o
                0x080011d0                ref_meas_ADC
 .text.ref_IT_meas_start
                0x08001210       0x10 ./Core/Src/refCtrl.o
                0x08001210                ref_IT_meas_start
 .text.ref_IT_meas_end
                0x08001220       0x10 ./Core/Src/refCtrl.o
                0x08001220                ref_IT_meas_end
 .text.ref_sync_settings
                0x08001230        0xc ./Core/Src/refCtrl.o
                0x08001230                ref_sync_settings
 .text.ref_synt_settings
                0x0800123c       0x54 ./Core/Src/refCtrl.o
                0x0800123c                ref_synt_settings
 .text.ref_init
                0x08001290       0x38 ./Core/Src/refCtrl.o
                0x08001290                ref_init
 .text.ref_cycle
                0x080012c8       0x98 ./Core/Src/refCtrl.o
                0x080012c8                ref_cycle
 .text.ref_dataClear
                0x08001360       0x20 ./Core/Src/refCtrl.o
                0x08001360                ref_dataClear
 .text.ref_measure_start
                0x08001380       0x18 ./Core/Src/refCtrl.o
                0x08001380                ref_measure_start
 .text.ref_ADC_dataSize_byte
                0x08001398        0xc ./Core/Src/refCtrl.o
                0x08001398                ref_ADC_dataSize_byte
 .text.ref_isMeasCompleted
                0x080013a4       0x18 ./Core/Src/refCtrl.o
                0x080013a4                ref_isMeasCompleted
 .text.ref_testValue
                0x080013bc        0xc ./Core/Src/refCtrl.o
                0x080013bc                ref_testValue
 .text.HAL_MspInit
                0x080013c8       0x28 ./Core/Src/stm32u5xx_hal_msp.o
                0x080013c8                HAL_MspInit
 .text.NMI_Handler
                0x080013f0        0x2 ./Core/Src/stm32u5xx_it.o
                0x080013f0                NMI_Handler
 .text.HardFault_Handler
                0x080013f2        0x2 ./Core/Src/stm32u5xx_it.o
                0x080013f2                HardFault_Handler
 .text.MemManage_Handler
                0x080013f4        0x2 ./Core/Src/stm32u5xx_it.o
                0x080013f4                MemManage_Handler
 .text.BusFault_Handler
                0x080013f6        0x2 ./Core/Src/stm32u5xx_it.o
                0x080013f6                BusFault_Handler
 .text.UsageFault_Handler
                0x080013f8        0x2 ./Core/Src/stm32u5xx_it.o
                0x080013f8                UsageFault_Handler
 .text.SVC_Handler
                0x080013fa        0x2 ./Core/Src/stm32u5xx_it.o
                0x080013fa                SVC_Handler
 .text.DebugMon_Handler
                0x080013fc        0x2 ./Core/Src/stm32u5xx_it.o
                0x080013fc                DebugMon_Handler
 .text.PendSV_Handler
                0x080013fe        0x2 ./Core/Src/stm32u5xx_it.o
                0x080013fe                PendSV_Handler
 .text.SysTick_Handler
                0x08001400        0x4 ./Core/Src/stm32u5xx_it.o
                0x08001400                SysTick_Handler
 .text.EXTI6_IRQHandler
                0x08001404        0x6 ./Core/Src/stm32u5xx_it.o
                0x08001404                EXTI6_IRQHandler
 .text.EXTI14_IRQHandler
                0x0800140a        0x8 ./Core/Src/stm32u5xx_it.o
                0x0800140a                EXTI14_IRQHandler
 *fill*         0x08001412        0x2 
 .text.GPDMA1_Channel0_IRQHandler
                0x08001414        0xc ./Core/Src/stm32u5xx_it.o
                0x08001414                GPDMA1_Channel0_IRQHandler
 .text.ADC1_IRQHandler
                0x08001420        0xc ./Core/Src/stm32u5xx_it.o
                0x08001420                ADC1_IRQHandler
 .text.TIM6_IRQHandler
                0x0800142c        0xc ./Core/Src/stm32u5xx_it.o
                0x0800142c                TIM6_IRQHandler
 .text.UART4_IRQHandler
                0x08001438        0xc ./Core/Src/stm32u5xx_it.o
                0x08001438                UART4_IRQHandler
 .text.SystemInit
                0x08001444       0x44 ./Core/Src/system_stm32u5xx.o
                0x08001444                SystemInit
 .text.MX_TIM6_Init
                0x08001488       0x48 ./Core/Src/tim.o
                0x08001488                MX_TIM6_Init
 .text.HAL_TIM_Base_MspInit
                0x080014d0       0x48 ./Core/Src/tim.o
                0x080014d0                HAL_TIM_Base_MspInit
 .text.MX_UART4_Init
                0x08001518       0x64 ./Core/Src/usart.o
                0x08001518                MX_UART4_Init
 .text.HAL_UART_MspInit
                0x0800157c       0xa4 ./Core/Src/usart.o
                0x0800157c                HAL_UART_MspInit
 .text.Reset_Handler
                0x08001620       0x50 ./Core/Startup/startup_stm32u575vitx.o
                0x08001620                Reset_Handler
 .text.Default_Handler
                0x08001670        0x2 ./Core/Startup/startup_stm32u575vitx.o
                0x08001670                EXTI2_IRQHandler
                0x08001670                TIM8_TRG_COM_IRQHandler
                0x08001670                TIM8_CC_IRQHandler
                0x08001670                EXTI5_IRQHandler
                0x08001670                FLASH_S_IRQHandler
                0x08001670                EXTI13_IRQHandler
                0x08001670                TIM1_CC_IRQHandler
                0x08001670                TSC_IRQHandler
                0x08001670                TAMP_IRQHandler
                0x08001670                EXTI12_IRQHandler
                0x08001670                CORDIC_IRQHandler
                0x08001670                EXTI3_IRQHandler
                0x08001670                LPTIM4_IRQHandler
                0x08001670                GPDMA1_Channel5_IRQHandler
                0x08001670                EXTI8_IRQHandler
                0x08001670                LPTIM2_IRQHandler
                0x08001670                I2C3_ER_IRQHandler
                0x08001670                PWR_S3WU_IRQHandler
                0x08001670                MDF1_FLT2_IRQHandler
                0x08001670                LPDMA1_Channel3_IRQHandler
                0x08001670                LPTIM3_IRQHandler
                0x08001670                EXTI0_IRQHandler
                0x08001670                I2C2_EV_IRQHandler
                0x08001670                FPU_IRQHandler
                0x08001670                GPDMA1_Channel3_IRQHandler
                0x08001670                GPDMA1_Channel7_IRQHandler
                0x08001670                MDF1_FLT4_IRQHandler
                0x08001670                FDCAN1_IT1_IRQHandler
                0x08001670                RAMCFG_IRQHandler
                0x08001670                GPDMA1_Channel9_IRQHandler
                0x08001670                DCACHE1_IRQHandler
                0x08001670                SPI1_IRQHandler
                0x08001670                OCTOSPI1_IRQHandler
                0x08001670                GPDMA1_Channel2_IRQHandler
                0x08001670                TIM8_UP_IRQHandler
                0x08001670                RCC_S_IRQHandler
                0x08001670                OCTOSPI2_IRQHandler
                0x08001670                SAI2_IRQHandler
                0x08001670                MDF1_FLT1_IRQHandler
                0x08001670                MDF1_FLT5_IRQHandler
                0x08001670                EXTI15_IRQHandler
                0x08001670                TIM17_IRQHandler
                0x08001670                USART3_IRQHandler
                0x08001670                RTC_IRQHandler
                0x08001670                EXTI9_IRQHandler
                0x08001670                UART5_IRQHandler
                0x08001670                TIM4_IRQHandler
                0x08001670                I2C1_EV_IRQHandler
                0x08001670                GPDMA1_Channel12_IRQHandler
                0x08001670                GPDMA1_Channel1_IRQHandler
                0x08001670                TIM16_IRQHandler
                0x08001670                GPDMA1_Channel15_IRQHandler
                0x08001670                SecureFault_Handler
                0x08001670                TIM3_IRQHandler
                0x08001670                RCC_IRQHandler
                0x08001670                TIM1_TRG_COM_IRQHandler
                0x08001670                Default_Handler
                0x08001670                GPDMA1_Channel8_IRQHandler
                0x08001670                FMAC_IRQHandler
                0x08001670                GPDMA1_Channel11_IRQHandler
                0x08001670                TIM7_IRQHandler
                0x08001670                SDMMC1_IRQHandler
                0x08001670                TIM5_IRQHandler
                0x08001670                UCPD1_IRQHandler
                0x08001670                TIM15_IRQHandler
                0x08001670                I2C3_EV_IRQHandler
                0x08001670                LPDMA1_Channel0_IRQHandler
                0x08001670                PVD_PVM_IRQHandler
                0x08001670                SPI2_IRQHandler
                0x08001670                LPDMA1_Channel1_IRQHandler
                0x08001670                EXTI11_IRQHandler
                0x08001670                CRS_IRQHandler
                0x08001670                GPDMA1_Channel14_IRQHandler
                0x08001670                LSECSSD_IRQHandler
                0x08001670                EXTI4_IRQHandler
                0x08001670                RTC_S_IRQHandler
                0x08001670                GPDMA1_Channel13_IRQHandler
                0x08001670                RNG_IRQHandler
                0x08001670                COMP_IRQHandler
                0x08001670                TIM1_UP_IRQHandler
                0x08001670                ADC4_IRQHandler
                0x08001670                WWDG_IRQHandler
                0x08001670                I2C4_EV_IRQHandler
                0x08001670                ADF1_IRQHandler
                0x08001670                IWDG_IRQHandler
                0x08001670                LPUART1_IRQHandler
                0x08001670                MDF1_FLT0_IRQHandler
                0x08001670                FDCAN1_IT0_IRQHandler
                0x08001670                TIM2_IRQHandler
                0x08001670                GPDMA1_Channel4_IRQHandler
                0x08001670                EXTI7_IRQHandler
                0x08001670                DMA2D_IRQHandler
                0x08001670                TIM1_BRK_IRQHandler
                0x08001670                EXTI1_IRQHandler
                0x08001670                SDMMC2_IRQHandler
                0x08001670                DAC1_IRQHandler
                0x08001670                GTZC_IRQHandler
                0x08001670                MDF1_FLT3_IRQHandler
                0x08001670                USART2_IRQHandler
                0x08001670                GPDMA1_Channel6_IRQHandler
                0x08001670                I2C2_ER_IRQHandler
                0x08001670                TIM8_BRK_IRQHandler
                0x08001670                FLASH_IRQHandler
                0x08001670                USART1_IRQHandler
                0x08001670                EXTI10_IRQHandler
                0x08001670                OTG_FS_IRQHandler
                0x08001670                SPI3_IRQHandler
                0x08001670                LPDMA1_Channel2_IRQHandler
                0x08001670                I2C1_ER_IRQHandler
                0x08001670                FMC_IRQHandler
                0x08001670                LPTIM1_IRQHandler
                0x08001670                DCMI_PSSI_IRQHandler
                0x08001670                I2C4_ER_IRQHandler
                0x08001670                GPDMA1_Channel10_IRQHandler
                0x08001670                ICACHE_IRQHandler
                0x08001670                SAI1_IRQHandler
                0x08001670                HASH_IRQHandler
 *fill*         0x08001672        0x2 
 .text.HAL_InitTick
                0x08001674       0x90 ./Drivers/STM32U5xx_HAL_Driver/Src/stm32u5xx_hal.o
                0x08001674                HAL_InitTick
 .text.HAL_Init
                0x08001704       0x54 ./Drivers/STM32U5xx_HAL_Driver/Src/stm32u5xx_hal.o
                0x08001704                HAL_Init
 .text.HAL_IncTick
                0x08001758       0x18 ./Drivers/STM32U5xx_HAL_Driver/Src/stm32u5xx_hal.o
                0x08001758                HAL_IncTick
 .text.HAL_GetTick
                0x08001770        0xc ./Drivers/STM32U5xx_HAL_Driver/Src/stm32u5xx_hal.o
                0x08001770                HAL_GetTick
 .text.HAL_Delay
                0x0800177c       0x24 ./Drivers/STM32U5xx_HAL_Driver/Src/stm32u5xx_hal.o
                0x0800177c                HAL_Delay
 .text.HAL_GetREVID
                0x080017a0        0xc ./Drivers/STM32U5xx_HAL_Driver/Src/stm32u5xx_hal.o
                0x080017a0                HAL_GetREVID
 .text.LL_ADC_SetOffset
                0x080017ac       0x1c ./Drivers/STM32U5xx_HAL_Driver/Src/stm32u5xx_hal_adc.o
 .text.LL_ADC_GetOffsetChannel
                0x080017c8       0x24 ./Drivers/STM32U5xx_HAL_Driver/Src/stm32u5xx_hal_adc.o
 .text.LL_ADC_IsEnabled
                0x080017ec        0x8 ./Drivers/STM32U5xx_HAL_Driver/Src/stm32u5xx_hal_adc.o
 .text.LL_ADC_REG_IsConversionOngoing
                0x080017f4        0x8 ./Drivers/STM32U5xx_HAL_Driver/Src/stm32u5xx_hal_adc.o
 .text.LL_ADC_REG_SetSequencerRanks
                0x080017fc       0x58 ./Drivers/STM32U5xx_HAL_Driver/Src/stm32u5xx_hal_adc.o
 .text.LL_ADC_SetChannelSamplingTime
                0x08001854       0x58 ./Drivers/STM32U5xx_HAL_Driver/Src/stm32u5xx_hal_adc.o
 .text.HAL_ADC_Init
                0x080018ac      0x364 ./Drivers/STM32U5xx_HAL_Driver/Src/stm32u5xx_hal_adc.o
                0x080018ac                HAL_ADC_Init
 .text.HAL_ADC_LevelOutOfWindowCallback
                0x08001c10        0x2 ./Drivers/STM32U5xx_HAL_Driver/Src/stm32u5xx_hal_adc.o
                0x08001c10                HAL_ADC_LevelOutOfWindowCallback
 .text.HAL_ADC_ErrorCallback
                0x08001c12        0x2 ./Drivers/STM32U5xx_HAL_Driver/Src/stm32u5xx_hal_adc.o
                0x08001c12                HAL_ADC_ErrorCallback
 .text.HAL_ADC_CalibrationCpltCallback
                0x08001c14        0x2 ./Drivers/STM32U5xx_HAL_Driver/Src/stm32u5xx_hal_adc.o
                0x08001c14                HAL_ADC_CalibrationCpltCallback
 .text.HAL_ADC_VoltageRegulatorCallback
                0x08001c16        0x2 ./Drivers/STM32U5xx_HAL_Driver/Src/stm32u5xx_hal_adc.o
                0x08001c16                HAL_ADC_VoltageRegulatorCallback
 .text.HAL_ADC_ADCReadyCallback
                0x08001c18        0x2 ./Drivers/STM32U5xx_HAL_Driver/Src/stm32u5xx_hal_adc.o
                0x08001c18                HAL_ADC_ADCReadyCallback
 *fill*         0x08001c1a        0x2 
 .text.HAL_ADC_IRQHandler
                0x08001c1c      0x250 ./Drivers/STM32U5xx_HAL_Driver/Src/stm32u5xx_hal_adc.o
                0x08001c1c                HAL_ADC_IRQHandler
 .text.HAL_ADC_ConfigChannel
                0x08001e6c      0x678 ./Drivers/STM32U5xx_HAL_Driver/Src/stm32u5xx_hal_adc.o
                0x08001e6c                HAL_ADC_ConfigChannel
 .text.ADC_ConversionStop
                0x080024e4       0xd0 ./Drivers/STM32U5xx_HAL_Driver/Src/stm32u5xx_hal_adc.o
                0x080024e4                ADC_ConversionStop
 .text.ADC_Enable
                0x080025b4       0x90 ./Drivers/STM32U5xx_HAL_Driver/Src/stm32u5xx_hal_adc.o
                0x080025b4                ADC_Enable
 .text.HAL_ADC_Start_IT
                0x08002644       0xca ./Drivers/STM32U5xx_HAL_Driver/Src/stm32u5xx_hal_adc.o
                0x08002644                HAL_ADC_Start_IT
 .text.ADC_Disable
                0x0800270e       0x6a ./Drivers/STM32U5xx_HAL_Driver/Src/stm32u5xx_hal_adc.o
                0x0800270e                ADC_Disable
 .text.HAL_ADC_Stop_IT
                0x08002778       0x48 ./Drivers/STM32U5xx_HAL_Driver/Src/stm32u5xx_hal_adc.o
                0x08002778                HAL_ADC_Stop_IT
 .text.HAL_ADCEx_InjectedConvCpltCallback
                0x080027c0        0x2 ./Drivers/STM32U5xx_HAL_Driver/Src/stm32u5xx_hal_adc_ex.o
                0x080027c0                HAL_ADCEx_InjectedConvCpltCallback
 .text.HAL_ADCEx_LevelOutOfWindow2Callback
                0x080027c2        0x2 ./Drivers/STM32U5xx_HAL_Driver/Src/stm32u5xx_hal_adc_ex.o
                0x080027c2                HAL_ADCEx_LevelOutOfWindow2Callback
 .text.HAL_ADCEx_LevelOutOfWindow3Callback
                0x080027c4        0x2 ./Drivers/STM32U5xx_HAL_Driver/Src/stm32u5xx_hal_adc_ex.o
                0x080027c4                HAL_ADCEx_LevelOutOfWindow3Callback
 .text.HAL_ADCEx_EndOfSamplingCallback
                0x080027c6        0x2 ./Drivers/STM32U5xx_HAL_Driver/Src/stm32u5xx_hal_adc_ex.o
                0x080027c6                HAL_ADCEx_EndOfSamplingCallback
 .text.HAL_NVIC_SetPriorityGrouping
                0x080027c8       0x24 ./Drivers/STM32U5xx_HAL_Driver/Src/stm32u5xx_hal_cortex.o
                0x080027c8                HAL_NVIC_SetPriorityGrouping
 .text.HAL_NVIC_SetPriority
                0x080027ec       0x60 ./Drivers/STM32U5xx_HAL_Driver/Src/stm32u5xx_hal_cortex.o
                0x080027ec                HAL_NVIC_SetPriority
 .text.HAL_NVIC_EnableIRQ
                0x0800284c       0x1c ./Drivers/STM32U5xx_HAL_Driver/Src/stm32u5xx_hal_cortex.o
                0x0800284c                HAL_NVIC_EnableIRQ
 .text.HAL_SYSTICK_Config
                0x08002868       0x20 ./Drivers/STM32U5xx_HAL_Driver/Src/stm32u5xx_hal_cortex.o
                0x08002868                HAL_SYSTICK_Config
 .text.HAL_SYSTICK_CLKSourceConfig
                0x08002888       0x74 ./Drivers/STM32U5xx_HAL_Driver/Src/stm32u5xx_hal_cortex.o
                0x08002888                HAL_SYSTICK_CLKSourceConfig
 .text.HAL_SYSTICK_GetCLKSourceConfig
                0x080028fc       0x34 ./Drivers/STM32U5xx_HAL_Driver/Src/stm32u5xx_hal_cortex.o
                0x080028fc                HAL_SYSTICK_GetCLKSourceConfig
 .text.HAL_DMA_Init
                0x08002930      0x36c ./Drivers/STM32U5xx_HAL_Driver/Src/stm32u5xx_hal_dma.o
                0x08002930                HAL_DMA_Init
 .text.HAL_DMA_Start_IT
                0x08002c9c       0x78 ./Drivers/STM32U5xx_HAL_Driver/Src/stm32u5xx_hal_dma.o
                0x08002c9c                HAL_DMA_Start_IT
 .text.HAL_DMA_Abort
                0x08002d14       0x94 ./Drivers/STM32U5xx_HAL_Driver/Src/stm32u5xx_hal_dma.o
                0x08002d14                HAL_DMA_Abort
 .text.HAL_DMA_Abort_IT
                0x08002da8       0x2a ./Drivers/STM32U5xx_HAL_Driver/Src/stm32u5xx_hal_dma.o
                0x08002da8                HAL_DMA_Abort_IT
 .text.HAL_DMA_IRQHandler
                0x08002dd2      0x17e ./Drivers/STM32U5xx_HAL_Driver/Src/stm32u5xx_hal_dma.o
                0x08002dd2                HAL_DMA_IRQHandler
 .text.HAL_DMA_ConfigChannelAttributes
                0x08002f50       0x3c ./Drivers/STM32U5xx_HAL_Driver/Src/stm32u5xx_hal_dma.o
                0x08002f50                HAL_DMA_ConfigChannelAttributes
 .text.DMA_List_GetCLLRNodeInfo.isra.0
                0x08002f8c       0x28 ./Drivers/STM32U5xx_HAL_Driver/Src/stm32u5xx_hal_dma_ex.o
 .text.HAL_DMAEx_List_Start_IT
                0x08002fb4       0xa4 ./Drivers/STM32U5xx_HAL_Driver/Src/stm32u5xx_hal_dma_ex.o
                0x08002fb4                HAL_DMAEx_List_Start_IT
 .text.HAL_DMAEx_List_GetNodeConfig
                0x08003058       0xf8 ./Drivers/STM32U5xx_HAL_Driver/Src/stm32u5xx_hal_dma_ex.o
                0x08003058                HAL_DMAEx_List_GetNodeConfig
 .text.HAL_GPIO_Init
                0x08003150      0x214 ./Drivers/STM32U5xx_HAL_Driver/Src/stm32u5xx_hal_gpio.o
                0x08003150                HAL_GPIO_Init
 .text.HAL_GPIO_WritePin
                0x08003364        0xa ./Drivers/STM32U5xx_HAL_Driver/Src/stm32u5xx_hal_gpio.o
                0x08003364                HAL_GPIO_WritePin
 .text.HAL_GPIO_EXTI_Falling_Callback
                0x0800336e        0x2 ./Drivers/STM32U5xx_HAL_Driver/Src/stm32u5xx_hal_gpio.o
                0x0800336e                HAL_GPIO_EXTI_Falling_Callback
 .text.HAL_GPIO_EXTI_IRQHandler
                0x08003370       0x28 ./Drivers/STM32U5xx_HAL_Driver/Src/stm32u5xx_hal_gpio.o
                0x08003370                HAL_GPIO_EXTI_IRQHandler
 .text.HAL_ICACHE_ConfigAssociativityMode
                0x08003398       0x20 ./Drivers/STM32U5xx_HAL_Driver/Src/stm32u5xx_hal_icache.o
                0x08003398                HAL_ICACHE_ConfigAssociativityMode
 .text.HAL_ICACHE_Enable
                0x080033b8       0x14 ./Drivers/STM32U5xx_HAL_Driver/Src/stm32u5xx_hal_icache.o
                0x080033b8                HAL_ICACHE_Enable
 .text.HAL_PWREx_ControlVoltageScaling
                0x080033cc       0x80 ./Drivers/STM32U5xx_HAL_Driver/Src/stm32u5xx_hal_pwr_ex.o
                0x080033cc                HAL_PWREx_ControlVoltageScaling
 .text.HAL_PWREx_GetVoltageRange
                0x0800344c       0x10 ./Drivers/STM32U5xx_HAL_Driver/Src/stm32u5xx_hal_pwr_ex.o
                0x0800344c                HAL_PWREx_GetVoltageRange
 .text.HAL_PWREx_EnableVddA
                0x0800345c       0x10 ./Drivers/STM32U5xx_HAL_Driver/Src/stm32u5xx_hal_pwr_ex.o
                0x0800345c                HAL_PWREx_EnableVddA
 .text.RCC_SetFlashLatencyFromMSIRange
                0x0800346c       0xb8 ./Drivers/STM32U5xx_HAL_Driver/Src/stm32u5xx_hal_rcc.o
 .text.HAL_RCC_GetSysClockFreq
                0x08003524      0x104 ./Drivers/STM32U5xx_HAL_Driver/Src/stm32u5xx_hal_rcc.o
                0x08003524                HAL_RCC_GetSysClockFreq
 .text.HAL_RCC_ClockConfig
                0x08003628      0x29c ./Drivers/STM32U5xx_HAL_Driver/Src/stm32u5xx_hal_rcc.o
                0x08003628                HAL_RCC_ClockConfig
 .text.HAL_RCC_GetHCLKFreq
                0x080038c4       0x28 ./Drivers/STM32U5xx_HAL_Driver/Src/stm32u5xx_hal_rcc.o
                0x080038c4                HAL_RCC_GetHCLKFreq
 .text.HAL_RCC_OscConfig
                0x080038ec      0x8c0 ./Drivers/STM32U5xx_HAL_Driver/Src/stm32u5xx_hal_rcc.o
                0x080038ec                HAL_RCC_OscConfig
 .text.HAL_RCC_GetPCLK1Freq
                0x080041ac       0x20 ./Drivers/STM32U5xx_HAL_Driver/Src/stm32u5xx_hal_rcc.o
                0x080041ac                HAL_RCC_GetPCLK1Freq
 .text.HAL_RCC_GetPCLK2Freq
                0x080041cc       0x20 ./Drivers/STM32U5xx_HAL_Driver/Src/stm32u5xx_hal_rcc.o
                0x080041cc                HAL_RCC_GetPCLK2Freq
 .text.HAL_RCC_GetPCLK3Freq
                0x080041ec       0x20 ./Drivers/STM32U5xx_HAL_Driver/Src/stm32u5xx_hal_rcc.o
                0x080041ec                HAL_RCC_GetPCLK3Freq
 .text.RCCEx_PLL3_Config
                0x0800420c       0xd4 ./Drivers/STM32U5xx_HAL_Driver/Src/stm32u5xx_hal_rcc_ex.o
 .text.RCCEx_PLL2_Config
                0x080042e0       0xd4 ./Drivers/STM32U5xx_HAL_Driver/Src/stm32u5xx_hal_rcc_ex.o
 .text.HAL_RCCEx_PeriphCLKConfig
                0x080043b4      0x5a0 ./Drivers/STM32U5xx_HAL_Driver/Src/stm32u5xx_hal_rcc_ex.o
                0x080043b4                HAL_RCCEx_PeriphCLKConfig
 .text.HAL_RCCEx_GetPLL1ClockFreq
                0x08004954      0x13c ./Drivers/STM32U5xx_HAL_Driver/Src/stm32u5xx_hal_rcc_ex.o
                0x08004954                HAL_RCCEx_GetPLL1ClockFreq
 .text.HAL_RCCEx_GetPLL2ClockFreq
                0x08004a90      0x13c ./Drivers/STM32U5xx_HAL_Driver/Src/stm32u5xx_hal_rcc_ex.o
                0x08004a90                HAL_RCCEx_GetPLL2ClockFreq
 .text.HAL_RCCEx_GetPLL3ClockFreq
                0x08004bcc      0x13c ./Drivers/STM32U5xx_HAL_Driver/Src/stm32u5xx_hal_rcc_ex.o
                0x08004bcc                HAL_RCCEx_GetPLL3ClockFreq
 .text.HAL_RCCEx_GetPeriphCLKFreq
                0x08004d08      0xbf4 ./Drivers/STM32U5xx_HAL_Driver/Src/stm32u5xx_hal_rcc_ex.o
                0x08004d08                HAL_RCCEx_GetPeriphCLKFreq
 .text.HAL_TIM_OC_DelayElapsedCallback
                0x080058fc        0x2 ./Drivers/STM32U5xx_HAL_Driver/Src/stm32u5xx_hal_tim.o
                0x080058fc                HAL_TIM_OC_DelayElapsedCallback
 .text.HAL_TIM_IC_CaptureCallback
                0x080058fe        0x2 ./Drivers/STM32U5xx_HAL_Driver/Src/stm32u5xx_hal_tim.o
                0x080058fe                HAL_TIM_IC_CaptureCallback
 .text.HAL_TIM_PWM_PulseFinishedCallback
                0x08005900        0x2 ./Drivers/STM32U5xx_HAL_Driver/Src/stm32u5xx_hal_tim.o
                0x08005900                HAL_TIM_PWM_PulseFinishedCallback
 .text.HAL_TIM_TriggerCallback
                0x08005902        0x2 ./Drivers/STM32U5xx_HAL_Driver/Src/stm32u5xx_hal_tim.o
                0x08005902                HAL_TIM_TriggerCallback
 .text.HAL_TIM_IRQHandler
                0x08005904      0x19e ./Drivers/STM32U5xx_HAL_Driver/Src/stm32u5xx_hal_tim.o
                0x08005904                HAL_TIM_IRQHandler
 *fill*         0x08005aa2        0x2 
 .text.TIM_Base_SetConfig
                0x08005aa4      0x11c ./Drivers/STM32U5xx_HAL_Driver/Src/stm32u5xx_hal_tim.o
                0x08005aa4                TIM_Base_SetConfig
 .text.HAL_TIM_Base_Init
                0x08005bc0       0x60 ./Drivers/STM32U5xx_HAL_Driver/Src/stm32u5xx_hal_tim.o
                0x08005bc0                HAL_TIM_Base_Init
 .text.HAL_TIMEx_MasterConfigSynchronization
                0x08005c20       0xdc ./Drivers/STM32U5xx_HAL_Driver/Src/stm32u5xx_hal_tim_ex.o
                0x08005c20                HAL_TIMEx_MasterConfigSynchronization
 .text.HAL_TIMEx_CommutCallback
                0x08005cfc        0x2 ./Drivers/STM32U5xx_HAL_Driver/Src/stm32u5xx_hal_tim_ex.o
                0x08005cfc                HAL_TIMEx_CommutCallback
 .text.HAL_TIMEx_BreakCallback
                0x08005cfe        0x2 ./Drivers/STM32U5xx_HAL_Driver/Src/stm32u5xx_hal_tim_ex.o
                0x08005cfe                HAL_TIMEx_BreakCallback
 .text.HAL_TIMEx_Break2Callback
                0x08005d00        0x2 ./Drivers/STM32U5xx_HAL_Driver/Src/stm32u5xx_hal_tim_ex.o
                0x08005d00                HAL_TIMEx_Break2Callback
 .text.HAL_TIMEx_EncoderIndexCallback
                0x08005d02        0x2 ./Drivers/STM32U5xx_HAL_Driver/Src/stm32u5xx_hal_tim_ex.o
                0x08005d02                HAL_TIMEx_EncoderIndexCallback
 .text.HAL_TIMEx_DirectionChangeCallback
                0x08005d04        0x2 ./Drivers/STM32U5xx_HAL_Driver/Src/stm32u5xx_hal_tim_ex.o
                0x08005d04                HAL_TIMEx_DirectionChangeCallback
 .text.HAL_TIMEx_IndexErrorCallback
                0x08005d06        0x2 ./Drivers/STM32U5xx_HAL_Driver/Src/stm32u5xx_hal_tim_ex.o
                0x08005d06                HAL_TIMEx_IndexErrorCallback
 .text.HAL_TIMEx_TransitionErrorCallback
                0x08005d08        0x2 ./Drivers/STM32U5xx_HAL_Driver/Src/stm32u5xx_hal_tim_ex.o
                0x08005d08                HAL_TIMEx_TransitionErrorCallback
 *fill*         0x08005d0a        0x2 
 .text.UART_EndRxTransfer
                0x08005d0c       0x58 ./Drivers/STM32U5xx_HAL_Driver/Src/stm32u5xx_hal_uart.o
 .text.HAL_UART_TxCpltCallback
                0x08005d64        0x2 ./Drivers/STM32U5xx_HAL_Driver/Src/stm32u5xx_hal_uart.o
                0x08005d64                HAL_UART_TxCpltCallback
 .text.HAL_UART_ErrorCallback
                0x08005d66        0x2 ./Drivers/STM32U5xx_HAL_Driver/Src/stm32u5xx_hal_uart.o
                0x08005d66                HAL_UART_ErrorCallback
 .text.UART_DMAAbortOnError
                0x08005d68       0x10 ./Drivers/STM32U5xx_HAL_Driver/Src/stm32u5xx_hal_uart.o
 .text.HAL_UARTEx_RxEventCallback
                0x08005d78        0x2 ./Drivers/STM32U5xx_HAL_Driver/Src/stm32u5xx_hal_uart.o
                0x08005d78                HAL_UARTEx_RxEventCallback
 *fill*         0x08005d7a        0x2 
 .text.HAL_UART_IRQHandler
                0x08005d7c      0x2ac ./Drivers/STM32U5xx_HAL_Driver/Src/stm32u5xx_hal_uart.o
                0x08005d7c                HAL_UART_IRQHandler
 .text.UART_RxISR_8BIT
                0x08006028       0xd4 ./Drivers/STM32U5xx_HAL_Driver/Src/stm32u5xx_hal_uart.o
 .text.UART_RxISR_16BIT
                0x080060fc       0xd0 ./Drivers/STM32U5xx_HAL_Driver/Src/stm32u5xx_hal_uart.o
 .text.UART_RxISR_8BIT_FIFOEN
                0x080061cc      0x1a8 ./Drivers/STM32U5xx_HAL_Driver/Src/stm32u5xx_hal_uart.o
 .text.UART_RxISR_16BIT_FIFOEN
                0x08006374      0x1a4 ./Drivers/STM32U5xx_HAL_Driver/Src/stm32u5xx_hal_uart.o
 .text.UART_SetConfig
                0x08006518      0x19c ./Drivers/STM32U5xx_HAL_Driver/Src/stm32u5xx_hal_uart.o
                0x08006518                UART_SetConfig
 .text.UART_AdvFeatureConfig
                0x080066b4       0xaa ./Drivers/STM32U5xx_HAL_Driver/Src/stm32u5xx_hal_uart.o
                0x080066b4                UART_AdvFeatureConfig
 .text.UART_WaitOnFlagUntilTimeout
                0x0800675e       0x90 ./Drivers/STM32U5xx_HAL_Driver/Src/stm32u5xx_hal_uart.o
                0x0800675e                UART_WaitOnFlagUntilTimeout
 .text.HAL_UART_Transmit
                0x080067ee       0xba ./Drivers/STM32U5xx_HAL_Driver/Src/stm32u5xx_hal_uart.o
                0x080067ee                HAL_UART_Transmit
 .text.UART_CheckIdleState
                0x080068a8       0xb6 ./Drivers/STM32U5xx_HAL_Driver/Src/stm32u5xx_hal_uart.o
                0x080068a8                UART_CheckIdleState
 .text.HAL_UART_Init
                0x0800695e       0x60 ./Drivers/STM32U5xx_HAL_Driver/Src/stm32u5xx_hal_uart.o
                0x0800695e                HAL_UART_Init
 *fill*         0x080069be        0x2 
 .text.UART_Start_Receive_IT
                0x080069c0      0x114 ./Drivers/STM32U5xx_HAL_Driver/Src/stm32u5xx_hal_uart.o
                0x080069c0                UART_Start_Receive_IT
 .text.HAL_UART_Receive_IT
                0x08006ad4       0x5c ./Drivers/STM32U5xx_HAL_Driver/Src/stm32u5xx_hal_uart.o
                0x08006ad4                HAL_UART_Receive_IT
 .text.UARTEx_SetNbDataToProcess
                0x08006b30       0x44 ./Drivers/STM32U5xx_HAL_Driver/Src/stm32u5xx_hal_uart_ex.o
 .text.HAL_UARTEx_RxFifoFullCallback
                0x08006b74        0x2 ./Drivers/STM32U5xx_HAL_Driver/Src/stm32u5xx_hal_uart_ex.o
                0x08006b74                HAL_UARTEx_RxFifoFullCallback
 .text.HAL_UARTEx_TxFifoEmptyCallback
                0x08006b76        0x2 ./Drivers/STM32U5xx_HAL_Driver/Src/stm32u5xx_hal_uart_ex.o
                0x08006b76                HAL_UARTEx_TxFifoEmptyCallback
 .text.HAL_UARTEx_DisableFifoMode
                0x08006b78       0x36 ./Drivers/STM32U5xx_HAL_Driver/Src/stm32u5xx_hal_uart_ex.o
                0x08006b78                HAL_UARTEx_DisableFifoMode
 .text.HAL_UARTEx_SetTxFifoThreshold
                0x08006bae       0x40 ./Drivers/STM32U5xx_HAL_Driver/Src/stm32u5xx_hal_uart_ex.o
                0x08006bae                HAL_UARTEx_SetTxFifoThreshold
 .text.HAL_UARTEx_SetRxFifoThreshold
                0x08006bee       0x40 ./Drivers/STM32U5xx_HAL_Driver/Src/stm32u5xx_hal_uart_ex.o
                0x08006bee                HAL_UARTEx_SetRxFifoThreshold
 .text.memset   0x08006c2e       0x10 C:/ST/STM32CubeIDE_1.18.1/STM32CubeIDE/plugins/com.st.stm32cube.ide.mcu.externaltools.gnu-tools-for-stm32.13.3.rel1.win32_1.0.0.202411081344/tools/bin/../lib/gcc/arm-none-eabi/13.3.1/../../../../arm-none-eabi/lib/thumb/v8-m.main+fp/hard\libc_nano.a(libc_a-memset.o)
                0x08006c2e                memset
 *fill*         0x08006c3e        0x2 
 .text.__libc_init_array
                0x08006c40       0x48 C:/ST/STM32CubeIDE_1.18.1/STM32CubeIDE/plugins/com.st.stm32cube.ide.mcu.externaltools.gnu-tools-for-stm32.13.3.rel1.win32_1.0.0.202411081344/tools/bin/../lib/gcc/arm-none-eabi/13.3.1/../../../../arm-none-eabi/lib/thumb/v8-m.main+fp/hard\libc_nano.a(libc_a-init.o)
                0x08006c40                __libc_init_array
 *(.glue_7)
 .glue_7        0x08006c88        0x0 linker stubs
 *(.glue_7t)
 .glue_7t       0x08006c88        0x0 linker stubs
 *(.eh_frame)
 .eh_frame      0x08006c88        0x0 C:/ST/STM32CubeIDE_1.18.1/STM32CubeIDE/plugins/com.st.stm32cube.ide.mcu.externaltools.gnu-tools-for-stm32.13.3.rel1.win32_1.0.0.202411081344/tools/bin/../lib/gcc/arm-none-eabi/13.3.1/thumb/v8-m.main+fp/hard/crtbegin.o
 *(.init)
 .init          0x08006c88        0x4 C:/ST/STM32CubeIDE_1.18.1/STM32CubeIDE/plugins/com.st.stm32cube.ide.mcu.externaltools.gnu-tools-for-stm32.13.3.rel1.win32_1.0.0.202411081344/tools/bin/../lib/gcc/arm-none-eabi/13.3.1/thumb/v8-m.main+fp/hard/crti.o
                0x08006c88                _init
 .init          0x08006c8c        0x8 C:/ST/STM32CubeIDE_1.18.1/STM32CubeIDE/plugins/com.st.stm32cube.ide.mcu.externaltools.gnu-tools-for-stm32.13.3.rel1.win32_1.0.0.202411081344/tools/bin/../lib/gcc/arm-none-eabi/13.3.1/thumb/v8-m.main+fp/hard/crtn.o
 *(.fini)
 .fini          0x08006c94        0x4 C:/ST/STM32CubeIDE_1.18.1/STM32CubeIDE/plugins/com.st.stm32cube.ide.mcu.externaltools.gnu-tools-for-stm32.13.3.rel1.win32_1.0.0.202411081344/tools/bin/../lib/gcc/arm-none-eabi/13.3.1/thumb/v8-m.main+fp/hard/crti.o
                0x08006c94                _fini
 .fini          0x08006c98        0x8 C:/ST/STM32CubeIDE_1.18.1/STM32CubeIDE/plugins/com.st.stm32cube.ide.mcu.externaltools.gnu-tools-for-stm32.13.3.rel1.win32_1.0.0.202411081344/tools/bin/../lib/gcc/arm-none-eabi/13.3.1/thumb/v8-m.main+fp/hard/crtn.o
                0x08006ca0                        _etext = .

.vfp11_veneer   0x08006ca0        0x0
 .vfp11_veneer  0x08006ca0        0x0 linker stubs

.v4_bx          0x08006ca0        0x0
 .v4_bx         0x08006ca0        0x0 linker stubs

.iplt           0x08006ca0        0x0
 .iplt          0x08006ca0        0x0 C:/ST/STM32CubeIDE_1.18.1/STM32CubeIDE/plugins/com.st.stm32cube.ide.mcu.externaltools.gnu-tools-for-stm32.13.3.rel1.win32_1.0.0.202411081344/tools/bin/../lib/gcc/arm-none-eabi/13.3.1/thumb/v8-m.main+fp/hard/crtbegin.o

.rodata         0x08006ca0      0x104
 *(.rodata)
 *(.rodata*)
 .rodata.str_test
                0x08006ca0        0x4 ./Core/Src/mainCycle.o
                0x08006ca0                str_test
 .rodata.MSIRangeTable
                0x08006ca4       0x40 ./Core/Src/system_stm32u5xx.o
                0x08006ca4                MSIRangeTable
 .rodata.APBPrescTable
                0x08006ce4        0x8 ./Core/Src/system_stm32u5xx.o
                0x08006ce4                APBPrescTable
 .rodata.AHBPrescTable
                0x08006cec       0x10 ./Core/Src/system_stm32u5xx.o
                0x08006cec                AHBPrescTable
 .rodata.LPGPIO_Map
                0x08006cfc       0x80 ./Drivers/STM32U5xx_HAL_Driver/Src/stm32u5xx_hal_gpio.o
 .rodata.UARTPrescTable
                0x08006d7c       0x18 ./Drivers/STM32U5xx_HAL_Driver/Src/stm32u5xx_hal_uart.o
                0x08006d7c                UARTPrescTable
 .rodata.denominator.0
                0x08006d94        0x8 ./Drivers/STM32U5xx_HAL_Driver/Src/stm32u5xx_hal_uart_ex.o
 .rodata.numerator.1
                0x08006d9c        0x8 ./Drivers/STM32U5xx_HAL_Driver/Src/stm32u5xx_hal_uart_ex.o

.ARM.extab
 *(.ARM.extab* .gnu.linkonce.armextab.*)

.ARM            0x08006da4        0x8
                0x08006da4                        __exidx_start = .
 *(.ARM.exidx*)
 .ARM.exidx     0x08006da4        0x8 C:/ST/STM32CubeIDE_1.18.1/STM32CubeIDE/plugins/com.st.stm32cube.ide.mcu.externaltools.gnu-tools-for-stm32.13.3.rel1.win32_1.0.0.202411081344/tools/bin/../lib/gcc/arm-none-eabi/13.3.1/thumb/v8-m.main+fp/hard\libgcc.a(_udivmoddi4.o)
                0x08006dac                        __exidx_end = .

.preinit_array  0x08006dac        0x0
                0x08006dac                        PROVIDE (__preinit_array_start = .)
 *(.preinit_array*)
                0x08006dac                        PROVIDE (__preinit_array_end = .)

.init_array     0x08006dac        0x4
                0x08006dac                        PROVIDE (__init_array_start = .)
 *(SORT_BY_NAME(.init_array.*))
 *(.init_array*)
 .init_array    0x08006dac        0x4 C:/ST/STM32CubeIDE_1.18.1/STM32CubeIDE/plugins/com.st.stm32cube.ide.mcu.externaltools.gnu-tools-for-stm32.13.3.rel1.win32_1.0.0.202411081344/tools/bin/../lib/gcc/arm-none-eabi/13.3.1/thumb/v8-m.main+fp/hard/crtbegin.o
                0x08006db0                        PROVIDE (__init_array_end = .)

.fini_array     0x08006db0        0x4
                [!provide]                        PROVIDE (__fini_array_start = .)
 *(SORT_BY_NAME(.fini_array.*))
 *(.fini_array*)
 .fini_array    0x08006db0        0x4 C:/ST/STM32CubeIDE_1.18.1/STM32CubeIDE/plugins/com.st.stm32cube.ide.mcu.externaltools.gnu-tools-for-stm32.13.3.rel1.win32_1.0.0.202411081344/tools/bin/../lib/gcc/arm-none-eabi/13.3.1/thumb/v8-m.main+fp/hard/crtbegin.o
                [!provide]                        PROVIDE (__fini_array_end = .)
                0x08006db4                        _sidata = LOADADDR (.data)

.rel.dyn        0x08006db4        0x0
 .rel.iplt      0x08006db4        0x0 C:/ST/STM32CubeIDE_1.18.1/STM32CubeIDE/plugins/com.st.stm32cube.ide.mcu.externaltools.gnu-tools-for-stm32.13.3.rel1.win32_1.0.0.202411081344/tools/bin/../lib/gcc/arm-none-eabi/13.3.1/thumb/v8-m.main+fp/hard/crtbegin.o

.data           0x20000000       0x10 load address 0x08006db4
                0x20000000                        _sdata = .
 *(.data)
 *(.data*)
 .data.uart_hdl
                0x20000000        0x4 ./Core/Src/mainCycle.o
                0x20000000                uart_hdl
 .data.SystemCoreClock
                0x20000004        0x4 ./Core/Src/system_stm32u5xx.o
                0x20000004                SystemCoreClock
 .data.uwTickFreq
                0x20000008        0x1 ./Drivers/STM32U5xx_HAL_Driver/Src/stm32u5xx_hal.o
                0x20000008                uwTickFreq
 *fill*         0x20000009        0x3 
 .data.uwTickPrio
                0x2000000c        0x4 ./Drivers/STM32U5xx_HAL_Driver/Src/stm32u5xx_hal.o
                0x2000000c                uwTickPrio
 *(.RamFunc)
 *(.RamFunc*)
                0x20000010                        _edata = .

.igot.plt       0x20000010        0x0 load address 0x08006dc4
 .igot.plt      0x20000010        0x0 C:/ST/STM32CubeIDE_1.18.1/STM32CubeIDE/plugins/com.st.stm32cube.ide.mcu.externaltools.gnu-tools-for-stm32.13.3.rel1.win32_1.0.0.202411081344/tools/bin/../lib/gcc/arm-none-eabi/13.3.1/thumb/v8-m.main+fp/hard/crtbegin.o

.bss            0x20000010    0x3afac load address 0x08006dc4
                0x20000010                        _sbss = .
                0x20000010                        __bss_start__ = _sbss
 *(.bss)
 .bss           0x20000010       0x1c C:/ST/STM32CubeIDE_1.18.1/STM32CubeIDE/plugins/com.st.stm32cube.ide.mcu.externaltools.gnu-tools-for-stm32.13.3.rel1.win32_1.0.0.202411081344/tools/bin/../lib/gcc/arm-none-eabi/13.3.1/thumb/v8-m.main+fp/hard/crtbegin.o
 *(.bss*)
 .bss.handle_GPDMA1_Channel0
                0x2000002c       0x78 ./Core/Src/adc.o
                0x2000002c                handle_GPDMA1_Channel0
 .bss.hadc1     0x200000a4       0x8c ./Core/Src/adc.o
                0x200000a4                hadc1
 .bss.IF_dataLen
                0x20000130        0x2 ./Core/Src/mainCycle.o
                0x20000130                IF_dataLen
 .bss.IF_data   0x20000132      0x400 ./Core/Src/mainCycle.o
                0x20000132                IF_data
 .bss.IF_flag   0x20000532        0x1 ./Core/Src/mainCycle.o
                0x20000532                IF_flag
 *fill*         0x20000533        0x1 
 .bss.main_TIM6_ms
                0x20000534        0x2 ./Core/Src/mainCycle.o
                0x20000534                main_TIM6_ms
 .bss.main_TIM6_isSec
                0x20000536        0x1 ./Core/Src/mainCycle.o
                0x20000536                main_TIM6_isSec
 .bss.sync_div  0x20000537        0x1 ./Core/Src/refCtrl.o
                0x20000537                sync_div
 .bss.synt_RF_div
                0x20000538        0x1 ./Core/Src/refCtrl.o
                0x20000538                synt_RF_div
 .bss.synt_R_div2
                0x20000539        0x1 ./Core/Src/refCtrl.o
                0x20000539                synt_R_div2
 .bss.synt_refDbl
                0x2000053a        0x1 ./Core/Src/refCtrl.o
                0x2000053a                synt_refDbl
 *fill*         0x2000053b        0x1 
 .bss.synt_R_count
                0x2000053c        0x2 ./Core/Src/refCtrl.o
                0x2000053c                synt_R_count
 .bss.synt_MOD  0x2000053e        0x2 ./Core/Src/refCtrl.o
                0x2000053e                synt_MOD
 .bss.synt_FRAC
                0x20000540        0x2 ./Core/Src/refCtrl.o
                0x20000540                synt_FRAC
 .bss.synt_INT  0x20000542        0x2 ./Core/Src/refCtrl.o
                0x20000542                synt_INT
 .bss.ref_testVal
                0x20000544        0x4 ./Core/Src/refCtrl.o
                0x20000544                ref_testVal
 .bss.DMA_nextTrsvLen
                0x20000548        0x4 ./Core/Src/refCtrl.o
                0x20000548                DMA_nextTrsvLen
 .bss.ref_adcDataSize
                0x2000054c        0x4 ./Core/Src/refCtrl.o
                0x2000054c                ref_adcDataSize
 .bss.ref_adcData
                0x20000550    0x3a980 ./Core/Src/refCtrl.o
                0x20000550                ref_adcData
 .bss.ref_hadc  0x2003aed0        0x4 ./Core/Src/refCtrl.o
                0x2003aed0                ref_hadc
 .bss.flags     0x2003aed4        0x1 ./Core/Src/refCtrl.o
                0x2003aed4                flags
 *fill*         0x2003aed5        0x3 
 .bss.htim6     0x2003aed8       0x4c ./Core/Src/tim.o
                0x2003aed8                htim6
 .bss.huart4    0x2003af24       0x94 ./Core/Src/usart.o
                0x2003af24                huart4
 .bss.uwTick    0x2003afb8        0x4 ./Drivers/STM32U5xx_HAL_Driver/Src/stm32u5xx_hal.o
                0x2003afb8                uwTick
 *(COMMON)
                0x2003afbc                        _ebss = .
                0x2003afbc                        __bss_end__ = _ebss

._user_heap_stack
                0x2003afbc      0x604 load address 0x08006dc4
                0x2003afc0                        . = ALIGN (0x8)
 *fill*         0x2003afbc        0x4 
                [!provide]                        PROVIDE (end = .)
                0x2003afc0                        PROVIDE (_end = .)
                0x2003b1c0                        . = (. + _Min_Heap_Size)
 *fill*         0x2003afc0      0x200 
                0x2003b5c0                        . = (. + _Min_Stack_Size)
 *fill*         0x2003b1c0      0x400 
                0x2003b5c0                        . = ALIGN (0x8)

/DISCARD/
 libc.a(*)
 libm.a(*)
 libgcc.a(*)

.ARM.attributes
                0x00000000       0x36
 *(.ARM.attributes)
 .ARM.attributes
                0x00000000       0x26 C:/ST/STM32CubeIDE_1.18.1/STM32CubeIDE/plugins/com.st.stm32cube.ide.mcu.externaltools.gnu-tools-for-stm32.13.3.rel1.win32_1.0.0.202411081344/tools/bin/../lib/gcc/arm-none-eabi/13.3.1/thumb/v8-m.main+fp/hard/crti.o
 .ARM.attributes
                0x00000026       0x38 C:/ST/STM32CubeIDE_1.18.1/STM32CubeIDE/plugins/com.st.stm32cube.ide.mcu.externaltools.gnu-tools-for-stm32.13.3.rel1.win32_1.0.0.202411081344/tools/bin/../lib/gcc/arm-none-eabi/13.3.1/thumb/v8-m.main+fp/hard/crtbegin.o
 .ARM.attributes
                0x0000005e       0x3a ./ADF4351/ADF4351.o
 .ARM.attributes
                0x00000098       0x3a ./Core/Src/adc.o
 .ARM.attributes
                0x000000d2       0x3a ./Core/Src/cycleSync.o
 .ARM.attributes
                0x0000010c       0x3a ./Core/Src/gpdma.o
 .ARM.attributes
                0x00000146       0x3a ./Core/Src/gpio.o
 .ARM.attributes
                0x00000180       0x3a ./Core/Src/icache.o
 .ARM.attributes
                0x000001ba       0x3a ./Core/Src/main.o
 .ARM.attributes
                0x000001f4       0x3a ./Core/Src/mainCycle.o
 .ARM.attributes
                0x0000022e       0x3a ./Core/Src/refCtrl.o
 .ARM.attributes
                0x00000268       0x3a ./Core/Src/stm32u5xx_hal_msp.o
 .ARM.attributes
                0x000002a2       0x3a ./Core/Src/stm32u5xx_it.o
 .ARM.attributes
                0x000002dc       0x3a ./Core/Src/system_stm32u5xx.o
 .ARM.attributes
                0x00000316       0x3a ./Core/Src/tim.o
 .ARM.attributes
                0x00000350       0x3a ./Core/Src/usart.o
 .ARM.attributes
                0x0000038a       0x24 ./Core/Startup/startup_stm32u575vitx.o
 .ARM.attributes
                0x000003ae       0x3a ./Drivers/STM32U5xx_HAL_Driver/Src/stm32u5xx_hal.o
 .ARM.attributes
                0x000003e8       0x3a ./Drivers/STM32U5xx_HAL_Driver/Src/stm32u5xx_hal_adc.o
 .ARM.attributes
                0x00000422       0x3a ./Drivers/STM32U5xx_HAL_Driver/Src/stm32u5xx_hal_adc_ex.o
 .ARM.attributes
                0x0000045c       0x3a ./Drivers/STM32U5xx_HAL_Driver/Src/stm32u5xx_hal_cortex.o
 .ARM.attributes
                0x00000496       0x3a ./Drivers/STM32U5xx_HAL_Driver/Src/stm32u5xx_hal_dma.o
 .ARM.attributes
                0x000004d0       0x3a ./Drivers/STM32U5xx_HAL_Driver/Src/stm32u5xx_hal_dma_ex.o
 .ARM.attributes
                0x0000050a       0x3a ./Drivers/STM32U5xx_HAL_Driver/Src/stm32u5xx_hal_gpio.o
 .ARM.attributes
                0x00000544       0x3a ./Drivers/STM32U5xx_HAL_Driver/Src/stm32u5xx_hal_icache.o
 .ARM.attributes
                0x0000057e       0x3a ./Drivers/STM32U5xx_HAL_Driver/Src/stm32u5xx_hal_pwr_ex.o
 .ARM.attributes
                0x000005b8       0x3a ./Drivers/STM32U5xx_HAL_Driver/Src/stm32u5xx_hal_rcc.o
 .ARM.attributes
                0x000005f2       0x3a ./Drivers/STM32U5xx_HAL_Driver/Src/stm32u5xx_hal_rcc_ex.o
 .ARM.attributes
                0x0000062c       0x3a ./Drivers/STM32U5xx_HAL_Driver/Src/stm32u5xx_hal_tim.o
 .ARM.attributes
                0x00000666       0x3a ./Drivers/STM32U5xx_HAL_Driver/Src/stm32u5xx_hal_tim_ex.o
 .ARM.attributes
                0x000006a0       0x3a ./Drivers/STM32U5xx_HAL_Driver/Src/stm32u5xx_hal_uart.o
 .ARM.attributes
                0x000006da       0x3a ./Drivers/STM32U5xx_HAL_Driver/Src/stm32u5xx_hal_uart_ex.o
 .ARM.attributes
                0x00000714       0x38 C:/ST/STM32CubeIDE_1.18.1/STM32CubeIDE/plugins/com.st.stm32cube.ide.mcu.externaltools.gnu-tools-for-stm32.13.3.rel1.win32_1.0.0.202411081344/tools/bin/../lib/gcc/arm-none-eabi/13.3.1/../../../../arm-none-eabi/lib/thumb/v8-m.main+fp/hard\libc_nano.a(libc_a-memset.o)
 .ARM.attributes
                0x0000074c       0x38 C:/ST/STM32CubeIDE_1.18.1/STM32CubeIDE/plugins/com.st.stm32cube.ide.mcu.externaltools.gnu-tools-for-stm32.13.3.rel1.win32_1.0.0.202411081344/tools/bin/../lib/gcc/arm-none-eabi/13.3.1/../../../../arm-none-eabi/lib/thumb/v8-m.main+fp/hard\libc_nano.a(libc_a-init.o)
 .ARM.attributes
                0x00000784       0x26 C:/ST/STM32CubeIDE_1.18.1/STM32CubeIDE/plugins/com.st.stm32cube.ide.mcu.externaltools.gnu-tools-for-stm32.13.3.rel1.win32_1.0.0.202411081344/tools/bin/../lib/gcc/arm-none-eabi/13.3.1/thumb/v8-m.main+fp/hard\libgcc.a(_aeabi_uldivmod.o)
 .ARM.attributes
                0x000007aa       0x38 C:/ST/STM32CubeIDE_1.18.1/STM32CubeIDE/plugins/com.st.stm32cube.ide.mcu.externaltools.gnu-tools-for-stm32.13.3.rel1.win32_1.0.0.202411081344/tools/bin/../lib/gcc/arm-none-eabi/13.3.1/thumb/v8-m.main+fp/hard\libgcc.a(_udivmoddi4.o)
 .ARM.attributes
                0x000007e2       0x26 C:/ST/STM32CubeIDE_1.18.1/STM32CubeIDE/plugins/com.st.stm32cube.ide.mcu.externaltools.gnu-tools-for-stm32.13.3.rel1.win32_1.0.0.202411081344/tools/bin/../lib/gcc/arm-none-eabi/13.3.1/thumb/v8-m.main+fp/hard\libgcc.a(_dvmd_tls.o)
 .ARM.attributes
                0x00000808       0x26 C:/ST/STM32CubeIDE_1.18.1/STM32CubeIDE/plugins/com.st.stm32cube.ide.mcu.externaltools.gnu-tools-for-stm32.13.3.rel1.win32_1.0.0.202411081344/tools/bin/../lib/gcc/arm-none-eabi/13.3.1/thumb/v8-m.main+fp/hard/crtn.o
OUTPUT(LevelMeter_sampl_MCU.elf elf32-littlearm)
LOAD linker stubs
LOAD C:/ST/STM32CubeIDE_1.18.1/STM32CubeIDE/plugins/com.st.stm32cube.ide.mcu.externaltools.gnu-tools-for-stm32.13.3.rel1.win32_1.0.0.202411081344/tools/bin/../lib/gcc/arm-none-eabi/13.3.1/../../../../arm-none-eabi/lib/thumb/v8-m.main+fp/hard\libc.a
LOAD C:/ST/STM32CubeIDE_1.18.1/STM32CubeIDE/plugins/com.st.stm32cube.ide.mcu.externaltools.gnu-tools-for-stm32.13.3.rel1.win32_1.0.0.202411081344/tools/bin/../lib/gcc/arm-none-eabi/13.3.1/../../../../arm-none-eabi/lib/thumb/v8-m.main+fp/hard\libm.a
LOAD C:/ST/STM32CubeIDE_1.18.1/STM32CubeIDE/plugins/com.st.stm32cube.ide.mcu.externaltools.gnu-tools-for-stm32.13.3.rel1.win32_1.0.0.202411081344/tools/bin/../lib/gcc/arm-none-eabi/13.3.1/thumb/v8-m.main+fp/hard\libgcc.a

.comment        0x00000000       0x43
 .comment       0x00000000       0x43 ./ADF4351/ADF4351.o
                                 0x44 (size before relaxing)
 .comment       0x00000043       0x44 ./Core/Src/adc.o
 .comment       0x00000043       0x44 ./Core/Src/cycleSync.o
 .comment       0x00000043       0x44 ./Core/Src/gpdma.o
 .comment       0x00000043       0x44 ./Core/Src/gpio.o
 .comment       0x00000043       0x44 ./Core/Src/icache.o
 .comment       0x00000043       0x44 ./Core/Src/main.o
 .comment       0x00000043       0x44 ./Core/Src/mainCycle.o
 .comment       0x00000043       0x44 ./Core/Src/refCtrl.o
 .comment       0x00000043       0x44 ./Core/Src/stm32u5xx_hal_msp.o
 .comment       0x00000043       0x44 ./Core/Src/stm32u5xx_it.o
 .comment       0x00000043       0x44 ./Core/Src/system_stm32u5xx.o
 .comment       0x00000043       0x44 ./Core/Src/tim.o
 .comment       0x00000043       0x44 ./Core/Src/usart.o
 .comment       0x00000043       0x44 ./Drivers/STM32U5xx_HAL_Driver/Src/stm32u5xx_hal.o
 .comment       0x00000043       0x44 ./Drivers/STM32U5xx_HAL_Driver/Src/stm32u5xx_hal_adc.o
 .comment       0x00000043       0x44 ./Drivers/STM32U5xx_HAL_Driver/Src/stm32u5xx_hal_adc_ex.o
 .comment       0x00000043       0x44 ./Drivers/STM32U5xx_HAL_Driver/Src/stm32u5xx_hal_cortex.o
 .comment       0x00000043       0x44 ./Drivers/STM32U5xx_HAL_Driver/Src/stm32u5xx_hal_dma.o
 .comment       0x00000043       0x44 ./Drivers/STM32U5xx_HAL_Driver/Src/stm32u5xx_hal_dma_ex.o
 .comment       0x00000043       0x44 ./Drivers/STM32U5xx_HAL_Driver/Src/stm32u5xx_hal_gpio.o
 .comment       0x00000043       0x44 ./Drivers/STM32U5xx_HAL_Driver/Src/stm32u5xx_hal_icache.o
 .comment       0x00000043       0x44 ./Drivers/STM32U5xx_HAL_Driver/Src/stm32u5xx_hal_pwr_ex.o
 .comment       0x00000043       0x44 ./Drivers/STM32U5xx_HAL_Driver/Src/stm32u5xx_hal_rcc.o
 .comment       0x00000043       0x44 ./Drivers/STM32U5xx_HAL_Driver/Src/stm32u5xx_hal_rcc_ex.o
 .comment       0x00000043       0x44 ./Drivers/STM32U5xx_HAL_Driver/Src/stm32u5xx_hal_tim.o
 .comment       0x00000043       0x44 ./Drivers/STM32U5xx_HAL_Driver/Src/stm32u5xx_hal_tim_ex.o
 .comment       0x00000043       0x44 ./Drivers/STM32U5xx_HAL_Driver/Src/stm32u5xx_hal_uart.o
 .comment       0x00000043       0x44 ./Drivers/STM32U5xx_HAL_Driver/Src/stm32u5xx_hal_uart_ex.o

.debug_frame    0x00000000       0xb0
 .debug_frame   0x00000000       0x20 C:/ST/STM32CubeIDE_1.18.1/STM32CubeIDE/plugins/com.st.stm32cube.ide.mcu.externaltools.gnu-tools-for-stm32.13.3.rel1.win32_1.0.0.202411081344/tools/bin/../lib/gcc/arm-none-eabi/13.3.1/../../../../arm-none-eabi/lib/thumb/v8-m.main+fp/hard\libc_nano.a(libc_a-memset.o)
 .debug_frame   0x00000020       0x2c C:/ST/STM32CubeIDE_1.18.1/STM32CubeIDE/plugins/com.st.stm32cube.ide.mcu.externaltools.gnu-tools-for-stm32.13.3.rel1.win32_1.0.0.202411081344/tools/bin/../lib/gcc/arm-none-eabi/13.3.1/../../../../arm-none-eabi/lib/thumb/v8-m.main+fp/hard\libc_nano.a(libc_a-init.o)
 .debug_frame   0x0000004c       0x2c C:/ST/STM32CubeIDE_1.18.1/STM32CubeIDE/plugins/com.st.stm32cube.ide.mcu.externaltools.gnu-tools-for-stm32.13.3.rel1.win32_1.0.0.202411081344/tools/bin/../lib/gcc/arm-none-eabi/13.3.1/thumb/v8-m.main+fp/hard\libgcc.a(_aeabi_uldivmod.o)
 .debug_frame   0x00000078       0x38 C:/ST/STM32CubeIDE_1.18.1/STM32CubeIDE/plugins/com.st.stm32cube.ide.mcu.externaltools.gnu-tools-for-stm32.13.3.rel1.win32_1.0.0.202411081344/tools/bin/../lib/gcc/arm-none-eabi/13.3.1/thumb/v8-m.main+fp/hard\libgcc.a(_udivmoddi4.o)
