D:/Programming/STM32CubeIDE/ADF4351/ADF4351.c:61:6:ADF4351_setDATA	0	static
D:/Programming/STM32CubeIDE/ADF4351/ADF4351.c:65:6:ADF4351_setCLK	0	static
D:/Programming/STM32CubeIDE/ADF4351/ADF4351.c:69:6:ADF4351_setLE	0	static
D:/Programming/STM32CubeIDE/ADF4351/ADF4351.c:73:6:ADF4351_addSubReg	0	static
D:/Programming/STM32CubeIDE/ADF4351/ADF4351.c:78:6:ADF4351_initPorts	56	static
D:/Programming/STM32CubeIDE/ADF4351/ADF4351.c:117:6:ADF4351_sendData	16	static,ignoring_inline_asm
D:/Programming/STM32CubeIDE/ADF4351/ADF4351.c:139:6:ADF4351_calcBandSelClkDivMax	8	static
D:/Programming/STM32CubeIDE/ADF4351/ADF4351.c:144:6:ADF4351_setRegister0	0	static
D:/Programming/STM32CubeIDE/ADF4351/ADF4351.c:153:6:ADF4351_setRegister1	0	static
D:/Programming/STM32CubeIDE/ADF4351/ADF4351.c:166:6:ADF4351_setRegister2	32	static
D:/Programming/STM32CubeIDE/ADF4351/ADF4351.c:198:6:ADF4351_setRegister3	8	static
D:/Programming/STM32CubeIDE/ADF4351/ADF4351.c:215:6:ADF4351_setRegister4	20	static
D:/Programming/STM32CubeIDE/ADF4351/ADF4351.c:241:6:ADF4351_setRegister5	0	static
D:/Programming/STM32CubeIDE/ADF4351/ADF4351.c:250:6:ADF4351_enable	0	static
D:/Programming/STM32CubeIDE/ADF4351/ADF4351.c:110:6:ADF4351_init	8	static
D:/Programming/STM32CubeIDE/ADF4351/ADF4351.c:254:6:ADF4351_disable	0	static
D:/Programming/STM32CubeIDE/ADF4351/ADF4351.c:289:6:ADF4351_RF_div_val	0	static
D:/Programming/STM32CubeIDE/ADF4351/ADF4351.c:293:7:ADF4351_VCO_freq	0	static
D:/Programming/STM32CubeIDE/ADF4351/ADF4351.c:258:6:ADF4351_settings	88	static
D:/Programming/STM32CubeIDE/ADF4351/ADF4351.c:298:7:ADF4351_VCO_BS_freq	0	static
D:/Programming/STM32CubeIDE/ADF4351/ADF4351.c:302:7:isLockDetect	0	static
